
> virus-frontend@0.0.0 test C:\Users\RaulM\Documents\_dev\virus\virus-frontend
> jest

ts-jest[config] (WARN) [94mmessage[0m[90m TS151001: [0mIf you have issues related to imports, you should consider setting `esModuleInterop` to `true` in your TypeScript configuration file (usually `tsconfig.json`). See https://blogs.msdn.microsoft.com/typescript/2018/01/31/announcing-typescript-2-7/#easier-ecmascript-module-interoperability for more information.
ts-jest[config] (WARN) [94mmessage[0m[90m TS151001: [0mIf you have issues related to imports, you should consider setting `esModuleInterop` to `true` in your TypeScript configuration file (usually `tsconfig.json`). See https://blogs.msdn.microsoft.com/typescript/2018/01/31/announcing-typescript-2-7/#easier-ecmascript-module-interoperability for more information.
ts-jest[config] (WARN) [94mmessage[0m[90m TS151001: [0mIf you have issues related to imports, you should consider setting `esModuleInterop` to `true` in your TypeScript configuration file (usually `tsconfig.json`). See https://blogs.msdn.microsoft.com/typescript/2018/01/31/announcing-typescript-2-7/#easier-ecmascript-module-interoperability for more information.
ts-jest[config] (WARN) [94mmessage[0m[90m TS151001: [0mIf you have issues related to imports, you should consider setting `esModuleInterop` to `true` in your TypeScript configuration file (usually `tsconfig.json`). See https://blogs.msdn.microsoft.com/typescript/2018/01/31/announcing-typescript-2-7/#easier-ecmascript-module-interoperability for more information.
ts-jest[config] (WARN) [94mmessage[0m[90m TS151001: [0mIf you have issues related to imports, you should consider setting `esModuleInterop` to `true` in your TypeScript configuration file (usually `tsconfig.json`). See https://blogs.msdn.microsoft.com/typescript/2018/01/31/announcing-typescript-2-7/#easier-ecmascript-module-interoperability for more information.
ts-jest[config] (WARN) [94mmessage[0m[90m TS151001: [0mIf you have issues related to imports, you should consider setting `esModuleInterop` to `true` in your TypeScript configuration file (usually `tsconfig.json`). See https://blogs.msdn.microsoft.com/typescript/2018/01/31/announcing-typescript-2-7/#easier-ecmascript-module-interoperability for more information.
ts-jest[config] (WARN) [94mmessage[0m[90m TS151001: [0mIf you have issues related to imports, you should consider setting `esModuleInterop` to `true` in your TypeScript configuration file (usually `tsconfig.json`). See https://blogs.msdn.microsoft.com/typescript/2018/01/31/announcing-typescript-2-7/#easier-ecmascript-module-interoperability for more information.
ts-jest[config] (WARN) [94mmessage[0m[90m TS151001: [0mIf you have issues related to imports, you should consider setting `esModuleInterop` to `true` in your TypeScript configuration file (usually `tsconfig.json`). See https://blogs.msdn.microsoft.com/typescript/2018/01/31/announcing-typescript-2-7/#easier-ecmascript-module-interoperability for more information.
ts-jest[config] (WARN) [94mmessage[0m[90m TS151001: [0mIf you have issues related to imports, you should consider setting `esModuleInterop` to `true` in your TypeScript configuration file (usually `tsconfig.json`). See https://blogs.msdn.microsoft.com/typescript/2018/01/31/announcing-typescript-2-7/#easier-ecmascript-module-interoperability for more information.
ts-jest[config] (WARN) [94mmessage[0m[90m TS151001: [0mIf you have issues related to imports, you should consider setting `esModuleInterop` to `true` in your TypeScript configuration file (usually `tsconfig.json`). See https://blogs.msdn.microsoft.com/typescript/2018/01/31/announcing-typescript-2-7/#easier-ecmascript-module-interoperability for more information.
PASS src/app/features/game/components/game-winner/game-winner.spec.ts
FAIL src/app/features/game/components/game-error/game-error.spec.ts
  ● GameError › should emit closed when close button is clicked

    ReferenceError: spyOn is not defined

    [0m [90m 37 |[39m     fixture[33m.[39mdetectChanges()[33m;[39m
     [90m 38 |[39m
    [31m[1m>[22m[39m[90m 39 |[39m     [36mconst[39m emitSpy [33m=[39m spyOn(component[33m.[39mclosed[33m,[39m [32m'emit'[39m)[33m;[39m
     [90m    |[39m                     [31m[1m^[22m[39m
     [90m 40 |[39m     [36mconst[39m closeButton[33m:[39m [33mHTMLButtonElement[39m [33m|[39m [36mnull[39m [33m=[39m fixture[33m.[39mnativeElement[33m.[39mquerySelector([32m'.error-close'[39m)[33m;[39m
     [90m 41 |[39m     expect(closeButton)[33m.[39mnot[33m.[39mtoBeNull()[33m;[39m
     [90m 42 |[39m     closeButton[33m![39m[33m.[39mclick()[33m;[39m[0m

      at src/app/features/game/components/game-error/game-error.spec.ts:39:21
      at _ZoneDelegate.invoke (node_modules/.pnpm/zone.js@0.15.1/node_modules/zone.js/bundles/zone.umd.js:410:32)
      at ProxyZoneSpec.onInvoke (node_modules/.pnpm/zone.js@0.15.1/node_modules/zone.js/bundles/zone-testing.umd.js:2219:43)
      at _ZoneDelegate.invoke (node_modules/.pnpm/zone.js@0.15.1/node_modules/zone.js/bundles/zone.umd.js:409:38)
      at ZoneImpl.run (node_modules/.pnpm/zone.js@0.15.1/node_modules/zone.js/bundles/zone.umd.js:145:47)
      at Object.wrappedFunc (node_modules/.pnpm/zone.js@0.15.1/node_modules/zone.js/bundles/zone-testing.umd.js:449:38)

FAIL src/app/features/game/components/game-board/player-board/player-card/player-card.spec.ts
  ● PlayerCard › should create

    TypeError: Cannot read properties of undefined (reading 'hasOwnProperty')

    [0m [90m  8 |[39m
     [90m  9 |[39m   beforeEach([36masync[39m () [33m=>[39m {
    [31m[1m>[22m[39m[90m 10 |[39m     [36mawait[39m [33mTestBed[39m[33m.[39mconfigureTestingModule({
     [90m    |[39m                   [31m[1m^[22m[39m
     [90m 11 |[39m       imports[33m:[39m [[33mPlayerCard[39m]
     [90m 12 |[39m     })
     [90m 13 |[39m     [33m.[39mcompileComponents()[33m;[39m[0m

      at hasNgModuleDef (node_modules/.pnpm/@angular+core@20.1.6_@angul_3bf0992bb3b6a916346d7abb471ee6f3/node_modules/@angular/core/fesm2022/testing.mjs:1600:18)
      at queueTypesFromModulesArrayRecur (node_modules/.pnpm/@angular+core@20.1.6_@angul_3bf0992bb3b6a916346d7abb471ee6f3/node_modules/@angular/core/fesm2022/testing.mjs:1306:26)
      at TestBedCompiler.queueTypesFromModulesArray (node_modules/.pnpm/@angular+core@20.1.6_@angul_3bf0992bb3b6a916346d7abb471ee6f3/node_modules/@angular/core/fesm2022/testing.mjs:1344:9)
      at TestBedCompiler.configureTestingModule (node_modules/.pnpm/@angular+core@20.1.6_@angul_3bf0992bb3b6a916346d7abb471ee6f3/node_modules/@angular/core/fesm2022/testing.mjs:853:18)
      at _TestBedImpl.configureTestingModule (node_modules/.pnpm/@angular+core@20.1.6_@angul_3bf0992bb3b6a916346d7abb471ee6f3/node_modules/@angular/core/fesm2022/testing.mjs:1973:23)
      at Function.configureTestingModule (node_modules/.pnpm/@angular+core@20.1.6_@angul_3bf0992bb3b6a916346d7abb471ee6f3/node_modules/@angular/core/fesm2022/testing.mjs:1789:37)
      at src/app/features/game/components/game-board/player-board/player-card/player-card.spec.ts:10:19
      at _ZoneDelegate.invoke (node_modules/.pnpm/zone.js@0.15.1/node_modules/zone.js/bundles/zone.umd.js:410:32)
      at ProxyZoneSpec.onInvoke (node_modules/.pnpm/zone.js@0.15.1/node_modules/zone.js/bundles/zone-testing.umd.js:2219:43)
      at _ZoneDelegate.invoke (node_modules/.pnpm/zone.js@0.15.1/node_modules/zone.js/bundles/zone.umd.js:409:38)
      at ZoneImpl.run (node_modules/.pnpm/zone.js@0.15.1/node_modules/zone.js/bundles/zone.umd.js:145:47)
      at Object.wrappedFunc (node_modules/.pnpm/zone.js@0.15.1/node_modules/zone.js/bundles/zone-testing.umd.js:449:38)

FAIL src/app/features/game/components/game-turn/game-turn.spec.ts
  ● GameTurn › should create

    NG0950: Input is required but no value is available yet. Find more at https://angular.dev/errors/NG0950

    [0m [90m 38 |[39m   ngOnChanges() {
     [90m 39 |[39m     [90m// cada vez que Angular pase nuevas @Input[39m
    [31m[1m>[22m[39m[90m 40 |[39m     [36mthis[39m[33m.[39mremaining[33m.[39m[36mset[39m([36mthis[39m[33m.[39mremainingSeconds())[33m;[39m
     [90m    |[39m                             [31m[1m^[22m[39m
     [90m 41 |[39m   }
     [90m 42 |[39m }
     [90m 43 |[39m[0m

      at GameTurnComponent.inputValueFn [as remainingSeconds] (node_modules/.pnpm/@angular+core@20.1.6_@angul_3bf0992bb3b6a916346d7abb471ee6f3/node_modules/@angular/core/fesm2022/core.mjs:61:19)
      at GameTurnComponent.ngOnChanges (src/app/features/game/components/game-turn/game-turn.ts:40:29)
      at GameTurnComponent.rememberChangeHistoryAndInvokeOnChangesHook (node_modules/.pnpm/@angular+core@20.1.6_@angul_3bf0992bb3b6a916346d7abb471ee6f3/node_modules/@angular/core/fesm2022/debug_node.mjs:594:14)
      at callHookInternal (node_modules/.pnpm/@angular+core@20.1.6_@angul_3bf0992bb3b6a916346d7abb471ee6f3/node_modules/@angular/core/fesm2022/debug_node.mjs:860:14)
      at callHook (node_modules/.pnpm/@angular+core@20.1.6_@angul_3bf0992bb3b6a916346d7abb471ee6f3/node_modules/@angular/core/fesm2022/debug_node.mjs:891:9)
      at callHooks (node_modules/.pnpm/@angular+core@20.1.6_@angul_3bf0992bb3b6a916346d7abb471ee6f3/node_modules/@angular/core/fesm2022/debug_node.mjs:841:17)
      at executeInitAndCheckHooks (node_modules/.pnpm/@angular+core@20.1.6_@angul_3bf0992bb3b6a916346d7abb471ee6f3/node_modules/@angular/core/fesm2022/debug_node.mjs:791:9)
      at refreshView (node_modules/.pnpm/@angular+core@20.1.6_@angul_3bf0992bb3b6a916346d7abb471ee6f3/node_modules/@angular/core/fesm2022/debug_node.mjs:8980:21)
      at detectChangesInView (node_modules/.pnpm/@angular+core@20.1.6_@angul_3bf0992bb3b6a916346d7abb471ee6f3/node_modules/@angular/core/fesm2022/debug_node.mjs:9185:9)
      at detectChangesInViewWhileDirty (node_modules/.pnpm/@angular+core@20.1.6_@angul_3bf0992bb3b6a916346d7abb471ee6f3/node_modules/@angular/core/fesm2022/debug_node.mjs:8874:9)
      at detectChangesInternal (node_modules/.pnpm/@angular+core@20.1.6_@angul_3bf0992bb3b6a916346d7abb471ee6f3/node_modules/@angular/core/fesm2022/debug_node.mjs:8862:9)
      at ViewRef.detectChanges (node_modules/.pnpm/@angular+core@20.1.6_@angul_3bf0992bb3b6a916346d7abb471ee6f3/node_modules/@angular/core/fesm2022/debug_node.mjs:9724:9)
      at node_modules/.pnpm/@angular+core@20.1.6_@angul_3bf0992bb3b6a916346d7abb471ee6f3/node_modules/@angular/core/fesm2022/testing.mjs:311:44
      at _ZoneDelegate.invoke (node_modules/.pnpm/zone.js@0.15.1/node_modules/zone.js/bundles/zone.umd.js:410:32)
      at Object.onInvoke (node_modules/.pnpm/@angular+core@20.1.6_@angul_3bf0992bb3b6a916346d7abb471ee6f3/node_modules/@angular/core/fesm2022/debug_node.mjs:16672:33)
      at _ZoneDelegate.invoke (node_modules/.pnpm/zone.js@0.15.1/node_modules/zone.js/bundles/zone.umd.js:409:38)
      at ZoneImpl.run (node_modules/.pnpm/zone.js@0.15.1/node_modules/zone.js/bundles/zone.umd.js:145:47)
      at NgZone.run (node_modules/.pnpm/@angular+core@20.1.6_@angul_3bf0992bb3b6a916346d7abb471ee6f3/node_modules/@angular/core/fesm2022/debug_node.mjs:16518:28)
      at ComponentFixture.detectChanges (node_modules/.pnpm/@angular+core@20.1.6_@angul_3bf0992bb3b6a916346d7abb471ee6f3/node_modules/@angular/core/fesm2022/testing.mjs:308:30)
      at src/app/features/game/components/game-turn/game-turn.spec.ts:17:13

FAIL src/app/features/game/components/game-hand/hand-card/hand-card.spec.ts
  ● Console

    console.error
      Error during cleanup of component {
        component: HandCard {
          card: [Function: inputValueFn] {
            toString: [Function (anonymous)],
            [Symbol(SIGNAL)]: [Object]
          },
          isSelected: [Function: inputValueFn] {
            toString: [Function (anonymous)],
            [Symbol(SIGNAL)]: [Object]
          },
          isMyTurn: [Function: inputValueFn] {
            toString: [Function (anonymous)],
            [Symbol(SIGNAL)]: [Object]
          },
          infoOpen: [Function: inputValueFn] {
            toString: [Function (anonymous)],
            [Symbol(SIGNAL)]: [Object]
          },
          isDisabled: [Function: inputValueFn] {
            toString: [Function (anonymous)],
            [Symbol(SIGNAL)]: [Object]
          },
          isPlaying: [Function: inputValueFn] {
            toString: [Function (anonymous)],
            [Symbol(SIGNAL)]: [Object]
          },
          toggleSelect: OutputEmitterRef {
            destroyed: false,
            listeners: null,
            errorHandler: [ErrorHandler],
            destroyRef: [NodeInjectorDestroyRef]
          },
          play: OutputEmitterRef {
            destroyed: false,
            listeners: null,
            errorHandler: [ErrorHandler],
            destroyRef: [NodeInjectorDestroyRef]
          },
          ddService: DragDropService {
            handLists: [Function],
            boardLists: [Function],
            draggedItem: [Function]
          },
          containerClasses: [Function: computed] {
            toString: [Function (anonymous)],
            [Symbol(SIGNAL)]: [Object]
          },
          actionLabel: [Function: computed] {
            toString: [Function (anonymous)],
            [Symbol(SIGNAL)]: [Object]
          },
          __ngContext__: 0
        },
        stacktrace: RuntimeError: NG0950: Input is required but no value is available yet. Find more at https://angular.dev/errors/NG0950
            at HandCard.inputValueFn [as card] (C:\Users\RaulM\Documents\_dev\virus\virus-frontend\node_modules\.pnpm\@angular+core@20.1.6_@angul_3bf0992bb3b6a916346d7abb471ee6f3\node_modules\@angular\core\fesm2022\core.mjs:61:19)
            at HandCard.ngOnDestroy (C:\Users\RaulM\Documents\_dev\virus\virus-frontend\src\app\features\game\components\game-hand\hand-card\hand-card.ts:77:51)
            at executeOnDestroys (C:\Users\RaulM\Documents\_dev\virus\virus-frontend\node_modules\.pnpm\@angular+core@20.1.6_@angul_3bf0992bb3b6a916346d7abb471ee6f3\node_modules\@angular\core\fesm2022\debug_node.mjs:7505:32)
            at cleanUpView (C:\Users\RaulM\Documents\_dev\virus\virus-frontend\node_modules\.pnpm\@angular+core@20.1.6_@angul_3bf0992bb3b6a916346d7abb471ee6f3\node_modules\@angular\core\fesm2022\debug_node.mjs:7401:9)
            at destroyViewTree (C:\Users\RaulM\Documents\_dev\virus\virus-frontend\node_modules\.pnpm\@angular+core@20.1.6_@angul_3bf0992bb3b6a916346d7abb471ee6f3\node_modules\@angular\core\fesm2022\debug_node.mjs:7345:17)
            at destroyLView (C:\Users\RaulM\Documents\_dev\virus\virus-frontend\node_modules\.pnpm\@angular+core@20.1.6_@angul_3bf0992bb3b6a916346d7abb471ee6f3\node_modules\@angular\core\fesm2022\debug_node.mjs:7375:5)
            at ViewRef.destroy (C:\Users\RaulM\Documents\_dev\virus\virus-frontend\node_modules\.pnpm\@angular+core@20.1.6_@angul_3bf0992bb3b6a916346d7abb471ee6f3\node_modules\@angular\core\fesm2022\debug_node.mjs:9539:9)
            at ComponentRef2.destroy (C:\Users\RaulM\Documents\_dev\virus\virus-frontend\node_modules\.pnpm\@angular+core@20.1.6_@angul_3bf0992bb3b6a916346d7abb471ee6f3\node_modules\@angular\core\fesm2022\debug_node.mjs:13637:23)
            at ComponentFixture.destroy (C:\Users\RaulM\Documents\_dev\virus\virus-frontend\node_modules\.pnpm\@angular+core@20.1.6_@angul_3bf0992bb3b6a916346d7abb471ee6f3\node_modules\@angular\core\fesm2022\testing.mjs:404:31)
            at C:\Users\RaulM\Documents\_dev\virus\virus-frontend\node_modules\.pnpm\@angular+core@20.1.6_@angul_3bf0992bb3b6a916346d7abb471ee6f3\node_modules\@angular\core\fesm2022\testing.mjs:2105:25
            at Array.forEach (<anonymous>)
            at _TestBedImpl.destroyActiveFixtures (C:\Users\RaulM\Documents\_dev\virus\virus-frontend\node_modules\.pnpm\@angular+core@20.1.6_@angul_3bf0992bb3b6a916346d7abb471ee6f3\node_modules\@angular\core\fesm2022\testing.mjs:2103:30)
            at _TestBedImpl.resetTestingModule (C:\Users\RaulM\Documents\_dev\virus\virus-frontend\node_modules\.pnpm\@angular+core@20.1.6_@angul_3bf0992bb3b6a916346d7abb471ee6f3\node_modules\@angular\core\fesm2022\testing.mjs:1927:18)
            at C:\Users\RaulM\Documents\_dev\virus\virus-frontend\node_modules\.pnpm\@angular+core@20.1.6_@angul_3bf0992bb3b6a916346d7abb471ee6f3\node_modules\@angular\core\fesm2022\testing.mjs:3313:21
            at _ZoneDelegate.invoke (C:\Users\RaulM\Documents\_dev\virus\virus-frontend\node_modules\.pnpm\zone.js@0.15.1\node_modules\zone.js\bundles\zone.umd.js:410:32)
            at ProxyZoneSpec.onInvoke (C:\Users\RaulM\Documents\_dev\virus\virus-frontend\node_modules\.pnpm\zone.js@0.15.1\node_modules\zone.js\bundles\zone-testing.umd.js:2219:43)
            at _ZoneDelegate.invoke (C:\Users\RaulM\Documents\_dev\virus\virus-frontend\node_modules\.pnpm\zone.js@0.15.1\node_modules\zone.js\bundles\zone.umd.js:409:38)
            at ZoneImpl.run (C:\Users\RaulM\Documents\_dev\virus\virus-frontend\node_modules\.pnpm\zone.js@0.15.1\node_modules\zone.js\bundles\zone.umd.js:145:47)
            at Object.wrappedFunc (C:\Users\RaulM\Documents\_dev\virus\virus-frontend\node_modules\.pnpm\zone.js@0.15.1\node_modules\zone.js\bundles\zone-testing.umd.js:449:38)
            at Promise.finally.completed (C:\Users\RaulM\Documents\_dev\virus\virus-frontend\node_modules\.pnpm\jest-circus@30.2.0\node_modules\jest-circus\build\jestAdapterInit.js:1557:28)
            at new Promise (<anonymous>)
            at callAsyncCircusFn (C:\Users\RaulM\Documents\_dev\virus\virus-frontend\node_modules\.pnpm\jest-circus@30.2.0\node_modules\jest-circus\build\jestAdapterInit.js:1497:10)
            at _callCircusHook (C:\Users\RaulM\Documents\_dev\virus\virus-frontend\node_modules\.pnpm\jest-circus@30.2.0\node_modules\jest-circus\build\jestAdapterInit.js:976:40)
            at processTicksAndRejections (node:internal/process/task_queues:105:5)
            at _runTest (C:\Users\RaulM\Documents\_dev\virus\virus-frontend\node_modules\.pnpm\jest-circus@30.2.0\node_modules\jest-circus\build\jestAdapterInit.js:949:5)
            at C:\Users\RaulM\Documents\_dev\virus\virus-frontend\node_modules\.pnpm\jest-circus@30.2.0\node_modules\jest-circus\build\jestAdapterInit.js:849:7 {
          code: -950
        }
      }

      at node_modules/.pnpm/@angular+core@20.1.6_@angul_3bf0992bb3b6a916346d7abb471ee6f3/node_modules/@angular/core/fesm2022/testing.mjs:2109:25
          at Array.forEach (<anonymous>)
      at _TestBedImpl.destroyActiveFixtures (node_modules/.pnpm/@angular+core@20.1.6_@angul_3bf0992bb3b6a916346d7abb471ee6f3/node_modules/@angular/core/fesm2022/testing.mjs:2103:30)
      at _TestBedImpl.resetTestingModule (node_modules/.pnpm/@angular+core@20.1.6_@angul_3bf0992bb3b6a916346d7abb471ee6f3/node_modules/@angular/core/fesm2022/testing.mjs:1927:18)
      at node_modules/.pnpm/@angular+core@20.1.6_@angul_3bf0992bb3b6a916346d7abb471ee6f3/node_modules/@angular/core/fesm2022/testing.mjs:3313:21
      at _ZoneDelegate.invoke (node_modules/.pnpm/zone.js@0.15.1/node_modules/zone.js/bundles/zone.umd.js:410:32)
      at ProxyZoneSpec.onInvoke (node_modules/.pnpm/zone.js@0.15.1/node_modules/zone.js/bundles/zone-testing.umd.js:2219:43)
      at _ZoneDelegate.invoke (node_modules/.pnpm/zone.js@0.15.1/node_modules/zone.js/bundles/zone.umd.js:409:38)
      at ZoneImpl.run (node_modules/.pnpm/zone.js@0.15.1/node_modules/zone.js/bundles/zone.umd.js:145:47)
      at Object.wrappedFunc (node_modules/.pnpm/zone.js@0.15.1/node_modules/zone.js/bundles/zone-testing.umd.js:449:38)

  ● HandCard › should create

    NG0950: Input is required but no value is available yet. Find more at https://angular.dev/errors/NG0950

    [0m [90m 30 |[39m   constructor() {
     [90m 31 |[39m     effect(() [33m=>[39m {
    [31m[1m>[22m[39m[90m 32 |[39m       [36mconst[39m { id } [33m=[39m [36mthis[39m[33m.[39mcard()[33m;[39m
     [90m    |[39m                           [31m[1m^[22m[39m
     [90m 33 |[39m       [36mif[39m ([36mthis[39m[33m.[39misDisabled() [33m&&[39m [36mthis[39m[33m.[39mddService[33m.[39mdraggedItem()[33m?[39m[33m.[39mid [33m===[39m id) {
     [90m 34 |[39m          [36mthis[39m[33m.[39mddService[33m.[39mdraggedItem[33m.[39m[36mset[39m([36mnull[39m)[33m;[39m
     [90m 35 |[39m       }[0m

      at HandCard.inputValueFn [as card] (node_modules/.pnpm/@angular+core@20.1.6_@angul_3bf0992bb3b6a916346d7abb471ee6f3/node_modules/@angular/core/fesm2022/core.mjs:61:19)
      at Object.fn (src/app/features/game/components/game-hand/hand-card/hand-card.ts:32:27)
      at Object.run (node_modules/.pnpm/@angular+core@20.1.6_@angul_3bf0992bb3b6a916346d7abb471ee6f3/node_modules/@angular/core/fesm2022/resource.mjs:205:18)
      at runEffectsInView (node_modules/.pnpm/@angular+core@20.1.6_@angul_3bf0992bb3b6a916346d7abb471ee6f3/node_modules/@angular/core/fesm2022/debug_node.mjs:8833:24)
      at refreshView (node_modules/.pnpm/@angular+core@20.1.6_@angul_3bf0992bb3b6a916346d7abb471ee6f3/node_modules/@angular/core/fesm2022/debug_node.mjs:8993:9)
      at detectChangesInView (node_modules/.pnpm/@angular+core@20.1.6_@angul_3bf0992bb3b6a916346d7abb471ee6f3/node_modules/@angular/core/fesm2022/debug_node.mjs:9185:9)
      at detectChangesInViewWhileDirty (node_modules/.pnpm/@angular+core@20.1.6_@angul_3bf0992bb3b6a916346d7abb471ee6f3/node_modules/@angular/core/fesm2022/debug_node.mjs:8874:9)
      at detectChangesInternal (node_modules/.pnpm/@angular+core@20.1.6_@angul_3bf0992bb3b6a916346d7abb471ee6f3/node_modules/@angular/core/fesm2022/debug_node.mjs:8862:9)
      at ViewRef.detectChanges (node_modules/.pnpm/@angular+core@20.1.6_@angul_3bf0992bb3b6a916346d7abb471ee6f3/node_modules/@angular/core/fesm2022/debug_node.mjs:9724:9)
      at node_modules/.pnpm/@angular+core@20.1.6_@angul_3bf0992bb3b6a916346d7abb471ee6f3/node_modules/@angular/core/fesm2022/testing.mjs:311:44
      at _ZoneDelegate.invoke (node_modules/.pnpm/zone.js@0.15.1/node_modules/zone.js/bundles/zone.umd.js:410:32)
      at Object.onInvoke (node_modules/.pnpm/@angular+core@20.1.6_@angul_3bf0992bb3b6a916346d7abb471ee6f3/node_modules/@angular/core/fesm2022/debug_node.mjs:16672:33)
      at _ZoneDelegate.invoke (node_modules/.pnpm/zone.js@0.15.1/node_modules/zone.js/bundles/zone.umd.js:409:38)
      at ZoneImpl.run (node_modules/.pnpm/zone.js@0.15.1/node_modules/zone.js/bundles/zone.umd.js:145:47)
      at NgZone.run (node_modules/.pnpm/@angular+core@20.1.6_@angul_3bf0992bb3b6a916346d7abb471ee6f3/node_modules/@angular/core/fesm2022/debug_node.mjs:16518:28)
      at ComponentFixture.detectChanges (node_modules/.pnpm/@angular+core@20.1.6_@angul_3bf0992bb3b6a916346d7abb471ee6f3/node_modules/@angular/core/fesm2022/testing.mjs:308:30)
      at src/app/features/game/components/game-hand/hand-card/hand-card.spec.ts:17:13

  ● HandCard › should create

    1 component threw errors during cleanup

      at _TestBedImpl.destroyActiveFixtures (node_modules/.pnpm/@angular+core@20.1.6_@angul_3bf0992bb3b6a916346d7abb471ee6f3/node_modules/@angular/core/fesm2022/testing.mjs:2117:19)
      at _TestBedImpl.resetTestingModule (node_modules/.pnpm/@angular+core@20.1.6_@angul_3bf0992bb3b6a916346d7abb471ee6f3/node_modules/@angular/core/fesm2022/testing.mjs:1927:18)
      at node_modules/.pnpm/@angular+core@20.1.6_@angul_3bf0992bb3b6a916346d7abb471ee6f3/node_modules/@angular/core/fesm2022/testing.mjs:3313:21
      at _ZoneDelegate.invoke (node_modules/.pnpm/zone.js@0.15.1/node_modules/zone.js/bundles/zone.umd.js:410:32)
      at ProxyZoneSpec.onInvoke (node_modules/.pnpm/zone.js@0.15.1/node_modules/zone.js/bundles/zone-testing.umd.js:2219:43)
      at _ZoneDelegate.invoke (node_modules/.pnpm/zone.js@0.15.1/node_modules/zone.js/bundles/zone.umd.js:409:38)
      at ZoneImpl.run (node_modules/.pnpm/zone.js@0.15.1/node_modules/zone.js/bundles/zone.umd.js:145:47)
      at Object.wrappedFunc (node_modules/.pnpm/zone.js@0.15.1/node_modules/zone.js/bundles/zone-testing.umd.js:449:38)

FAIL src/app/app.spec.ts
  ● App › should render title

    expect(received).toContain(expected) // indexOf

    Matcher error: received value must not be null nor undefined

    Received has value: undefined

    [0m [90m 19 |[39m     fixture[33m.[39mdetectChanges()[33m;[39m
     [90m 20 |[39m     [36mconst[39m compiled [33m=[39m fixture[33m.[39mnativeElement [36mas[39m [33mHTMLElement[39m[33m;[39m
    [31m[1m>[22m[39m[90m 21 |[39m     expect(compiled[33m.[39mquerySelector([32m'h1'[39m)[33m?[39m[33m.[39mtextContent)[33m.[39mtoContain([32m'Hello, frontend'[39m)[33m;[39m
     [90m    |[39m                                                       [31m[1m^[22m[39m
     [90m 22 |[39m   })[33m;[39m
     [90m 23 |[39m })[33m;[39m
     [90m 24 |[39m[0m

      at src/app/app.spec.ts:21:55
      at _ZoneDelegate.invoke (node_modules/.pnpm/zone.js@0.15.1/node_modules/zone.js/bundles/zone.umd.js:410:32)
      at ProxyZoneSpec.onInvoke (node_modules/.pnpm/zone.js@0.15.1/node_modules/zone.js/bundles/zone-testing.umd.js:2219:43)
      at _ZoneDelegate.invoke (node_modules/.pnpm/zone.js@0.15.1/node_modules/zone.js/bundles/zone.umd.js:409:38)
      at ZoneImpl.run (node_modules/.pnpm/zone.js@0.15.1/node_modules/zone.js/bundles/zone.umd.js:145:47)
      at Object.wrappedFunc (node_modules/.pnpm/zone.js@0.15.1/node_modules/zone.js/bundles/zone-testing.umd.js:449:38)

FAIL src/app/features/game/components/game-board/player-board/player-board.spec.ts
  ● PlayerBoard › should create

    TypeError: Cannot read properties of undefined (reading 'hasOwnProperty')

    [0m [90m  8 |[39m
     [90m  9 |[39m   beforeEach([36masync[39m () [33m=>[39m {
    [31m[1m>[22m[39m[90m 10 |[39m     [36mawait[39m [33mTestBed[39m[33m.[39mconfigureTestingModule({
     [90m    |[39m                   [31m[1m^[22m[39m
     [90m 11 |[39m       imports[33m:[39m [[33mPlayerBoard[39m]
     [90m 12 |[39m     })
     [90m 13 |[39m     [33m.[39mcompileComponents()[33m;[39m[0m

      at hasNgModuleDef (node_modules/.pnpm/@angular+core@20.1.6_@angul_3bf0992bb3b6a916346d7abb471ee6f3/node_modules/@angular/core/fesm2022/testing.mjs:1600:18)
      at queueTypesFromModulesArrayRecur (node_modules/.pnpm/@angular+core@20.1.6_@angul_3bf0992bb3b6a916346d7abb471ee6f3/node_modules/@angular/core/fesm2022/testing.mjs:1306:26)
      at TestBedCompiler.queueTypesFromModulesArray (node_modules/.pnpm/@angular+core@20.1.6_@angul_3bf0992bb3b6a916346d7abb471ee6f3/node_modules/@angular/core/fesm2022/testing.mjs:1344:9)
      at TestBedCompiler.configureTestingModule (node_modules/.pnpm/@angular+core@20.1.6_@angul_3bf0992bb3b6a916346d7abb471ee6f3/node_modules/@angular/core/fesm2022/testing.mjs:853:18)
      at _TestBedImpl.configureTestingModule (node_modules/.pnpm/@angular+core@20.1.6_@angul_3bf0992bb3b6a916346d7abb471ee6f3/node_modules/@angular/core/fesm2022/testing.mjs:1973:23)
      at Function.configureTestingModule (node_modules/.pnpm/@angular+core@20.1.6_@angul_3bf0992bb3b6a916346d7abb471ee6f3/node_modules/@angular/core/fesm2022/testing.mjs:1789:37)
      at src/app/features/game/components/game-board/player-board/player-board.spec.ts:10:19
      at _ZoneDelegate.invoke (node_modules/.pnpm/zone.js@0.15.1/node_modules/zone.js/bundles/zone.umd.js:410:32)
      at ProxyZoneSpec.onInvoke (node_modules/.pnpm/zone.js@0.15.1/node_modules/zone.js/bundles/zone-testing.umd.js:2219:43)
      at _ZoneDelegate.invoke (node_modules/.pnpm/zone.js@0.15.1/node_modules/zone.js/bundles/zone.umd.js:409:38)
      at ZoneImpl.run (node_modules/.pnpm/zone.js@0.15.1/node_modules/zone.js/bundles/zone.umd.js:145:47)
      at Object.wrappedFunc (node_modules/.pnpm/zone.js@0.15.1/node_modules/zone.js/bundles/zone-testing.umd.js:449:38)

FAIL src/app/features/game/components/game-board/game-info/game-info.spec.ts
  ● Console

    console.error
      Error: Not implemented: HTMLMediaElement.prototype.load
          at module.exports (C:\Users\RaulM\Documents\_dev\virus\virus-frontend\node_modules\.pnpm\jsdom@26.1.0\node_modules\jsdom\lib\jsdom\browser\not-implemented.js:9:17)
          at HTMLAudioElementImpl.load (C:\Users\RaulM\Documents\_dev\virus\virus-frontend\node_modules\.pnpm\jsdom@26.1.0\node_modules\jsdom\lib\jsdom\living\nodes\HTMLMediaElement-impl.js:112:5)
          at HTMLAudioElement.load (C:\Users\RaulM\Documents\_dev\virus\virus-frontend\node_modules\.pnpm\jsdom@26.1.0\node_modules\jsdom\lib\jsdom\living\generated\HTMLMediaElement.js:109:34)
          at TimerSoundService.createAudio (C:\Users\RaulM\Documents\_dev\virus\virus-frontend\src\app\core\services\timer-sound.service.ts:58:11)
          at TimerSoundService.<instance_members_initializer> (C:\Users\RaulM\Documents\_dev\virus\virus-frontend\src\app\core\services\timer-sound.service.ts:11:19)
          at new TimerSoundService (C:\Users\RaulM\Documents\_dev\virus\virus-frontend\src\app\core\services\timer-sound.service.ts:6:8)
          at Object.TimerSoundService_Factory [as factory] (ng:///TimerSoundService/ɵfac.js:5:10)
          at C:\Users\RaulM\Documents\_dev\virus\virus-frontend\node_modules\.pnpm\@angular+core@20.1.6_@angul_3bf0992bb3b6a916346d7abb471ee6f3\node_modules\@angular\core\fesm2022\root_effect_scheduler.mjs:2154:47
          at runInInjectorProfilerContext (C:\Users\RaulM\Documents\_dev\virus\virus-frontend\node_modules\.pnpm\@angular+core@20.1.6_@angul_3bf0992bb3b6a916346d7abb471ee6f3\node_modules\@angular\core\fesm2022\root_effect_scheduler.mjs:720:9)
          at R3Injector.hydrate (C:\Users\RaulM\Documents\_dev\virus\virus-frontend\node_modules\.pnpm\@angular+core@20.1.6_@angul_3bf0992bb3b6a916346d7abb471ee6f3\node_modules\@angular\core\fesm2022\root_effect_scheduler.mjs:2152:21)
          at R3Injector.get (C:\Users\RaulM\Documents\_dev\virus\virus-frontend\node_modules\.pnpm\@angular+core@20.1.6_@angul_3bf0992bb3b6a916346d7abb471ee6f3\node_modules\@angular\core\fesm2022\root_effect_scheduler.mjs:2007:33)
          at ChainedInjector.get (C:\Users\RaulM\Documents\_dev\virus\virus-frontend\node_modules\.pnpm\@angular+core@20.1.6_@angul_3bf0992bb3b6a916346d7abb471ee6f3\node_modules\@angular\core\fesm2022\debug_node.mjs:12288:36)
          at lookupTokenUsingModuleInjector (C:\Users\RaulM\Documents\_dev\virus\virus-frontend\node_modules\.pnpm\@angular+core@20.1.6_@angul_3bf0992bb3b6a916346d7abb471ee6f3\node_modules\@angular\core\fesm2022\debug_node.mjs:1718:39)
          at getOrCreateInjectable (C:\Users\RaulM\Documents\_dev\virus\virus-frontend\node_modules\.pnpm\@angular+core@20.1.6_@angul_3bf0992bb3b6a916346d7abb471ee6f3\node_modules\@angular\core\fesm2022\debug_node.mjs:1766:12)
          at ɵɵdirectiveInject (C:\Users\RaulM\Documents\_dev\virus\virus-frontend\node_modules\.pnpm\@angular+core@20.1.6_@angul_3bf0992bb3b6a916346d7abb471ee6f3\node_modules\@angular\core\fesm2022\debug_node.mjs:12339:19)
          at ɵɵinject (C:\Users\RaulM\Documents\_dev\virus\virus-frontend\node_modules\.pnpm\@angular+core@20.1.6_@angul_3bf0992bb3b6a916346d7abb471ee6f3\node_modules\@angular\core\fesm2022\root_effect_scheduler.mjs:1032:42)
          at inject (C:\Users\RaulM\Documents\_dev\virus\virus-frontend\node_modules\.pnpm\@angular+core@20.1.6_@angul_3bf0992bb3b6a916346d7abb471ee6f3\node_modules\@angular\core\fesm2022\root_effect_scheduler.mjs:1118:12)
          at GameInfoComponent.<instance_members_initializer> (C:\Users\RaulM\Documents\_dev\virus\virus-frontend\src\app\features\game\components\game-board\game-info\game-info.ts:35:46)
          at new GameInfoComponent (C:\Users\RaulM\Documents\_dev\virus\virus-frontend\src\app\features\game\components\game-board\game-info\game-info.ts:28:8)
          at NodeInjectorFactory.GameInfoComponent_Factory [as factory] (ng:///GameInfoComponent/ɵfac.js:5:10)
          at getNodeInjectable (C:\Users\RaulM\Documents\_dev\virus\virus-frontend\node_modules\.pnpm\@angular+core@20.1.6_@angul_3bf0992bb3b6a916346d7abb471ee6f3\node_modules\@angular\core\fesm2022\debug_node.mjs:1989:44)
          at instantiateAllDirectives (C:\Users\RaulM\Documents\_dev\virus\virus-frontend\node_modules\.pnpm\@angular+core@20.1.6_@angul_3bf0992bb3b6a916346d7abb471ee6f3\node_modules\@angular\core\fesm2022\debug_node.mjs:8176:27)
          at createDirectivesInstances (C:\Users\RaulM\Documents\_dev\virus\virus-frontend\node_modules\.pnpm\@angular+core@20.1.6_@angul_3bf0992bb3b6a916346d7abb471ee6f3\node_modules\@angular\core\fesm2022\debug_node.mjs:7949:5)
          at ComponentFactory2.create (C:\Users\RaulM\Documents\_dev\virus\virus-frontend\node_modules\.pnpm\@angular+core@20.1.6_@angul_3bf0992bb3b6a916346d7abb471ee6f3\node_modules\@angular\core\fesm2022\debug_node.mjs:13472:17)
          at initComponent (C:\Users\RaulM\Documents\_dev\virus\virus-frontend\node_modules\.pnpm\@angular+core@20.1.6_@angul_3bf0992bb3b6a916346d7abb471ee6f3\node_modules\@angular\core\fesm2022\testing.mjs:2046:51)
          at _ZoneDelegate.invoke (C:\Users\RaulM\Documents\_dev\virus\virus-frontend\node_modules\.pnpm\zone.js@0.15.1\node_modules\zone.js\bundles\zone.umd.js:410:32)
          at Object.onInvoke (C:\Users\RaulM\Documents\_dev\virus\virus-frontend\node_modules\.pnpm\@angular+core@20.1.6_@angul_3bf0992bb3b6a916346d7abb471ee6f3\node_modules\@angular\core\fesm2022\debug_node.mjs:16672:33)
          at _ZoneDelegate.invoke (C:\Users\RaulM\Documents\_dev\virus\virus-frontend\node_modules\.pnpm\zone.js@0.15.1\node_modules\zone.js\bundles\zone.umd.js:409:38)
          at ZoneImpl.run (C:\Users\RaulM\Documents\_dev\virus\virus-frontend\node_modules\.pnpm\zone.js@0.15.1\node_modules\zone.js\bundles\zone.umd.js:145:47)
          at NgZone.run (C:\Users\RaulM\Documents\_dev\virus\virus-frontend\node_modules\.pnpm\@angular+core@20.1.6_@angul_3bf0992bb3b6a916346d7abb471ee6f3\node_modules\@angular\core\fesm2022\debug_node.mjs:16518:28)
          at _TestBedImpl.createComponent (C:\Users\RaulM\Documents\_dev\virus\virus-frontend\node_modules\.pnpm\@angular+core@20.1.6_@angul_3bf0992bb3b6a916346d7abb471ee6f3\node_modules\@angular\core\fesm2022\testing.mjs:2051:41)
          at Function.createComponent (C:\Users\RaulM\Documents\_dev\virus\virus-frontend\node_modules\.pnpm\@angular+core@20.1.6_@angul_3bf0992bb3b6a916346d7abb471ee6f3\node_modules\@angular\core\fesm2022\testing.mjs:1838:37)
          at C:\Users\RaulM\Documents\_dev\virus\virus-frontend\src\app\features\game\components\game-board\game-info\game-info.spec.ts:27:23
          at processTicksAndRejections (node:internal/process/task_queues:105:5) {
        type: 'not implemented'
      }

    [0m [90m 56 |[39m     [36mconst[39m audio [33m=[39m [36mnew[39m [33mAudio[39m(src)[33m;[39m
     [90m 57 |[39m     audio[33m.[39mpreload [33m=[39m [32m'auto'[39m[33m;[39m
    [31m[1m>[22m[39m[90m 58 |[39m     audio[33m.[39mload()[33m;[39m
     [90m    |[39m           [31m[1m^[22m[39m
     [90m 59 |[39m     [36mreturn[39m audio[33m;[39m
     [90m 60 |[39m   }
     [90m 61 |[39m }[0m

      at VirtualConsole.<anonymous> (node_modules/.pnpm/@jest+environment-jsdom-abstract@30.2.0_jsdom@26.1.0/node_modules/@jest/environment-jsdom-abstract/build/index.js:87:23)
      at module.exports (node_modules/.pnpm/jsdom@26.1.0/node_modules/jsdom/lib/jsdom/browser/not-implemented.js:12:26)
      at HTMLAudioElementImpl.load (node_modules/.pnpm/jsdom@26.1.0/node_modules/jsdom/lib/jsdom/living/nodes/HTMLMediaElement-impl.js:112:5)
      at HTMLAudioElement.load (node_modules/.pnpm/jsdom@26.1.0/node_modules/jsdom/lib/jsdom/living/generated/HTMLMediaElement.js:109:34)
      at TimerSoundService.createAudio (src/app/core/services/timer-sound.service.ts:58:11)
      at TimerSoundService.<instance_members_initializer> (src/app/core/services/timer-sound.service.ts:11:19)
      at new TimerSoundService (src/app/core/services/timer-sound.service.ts:6:8)
      at Object.TimerSoundService_Factory [as factory] (ng:\TimerSoundService\ɵfac.js:5:10)
      at node_modules/.pnpm/@angular+core@20.1.6_@angul_3bf0992bb3b6a916346d7abb471ee6f3/node_modules/@angular/core/fesm2022/root_effect_scheduler.mjs:2154:47
      at runInInjectorProfilerContext (node_modules/.pnpm/@angular+core@20.1.6_@angul_3bf0992bb3b6a916346d7abb471ee6f3/node_modules/@angular/core/fesm2022/root_effect_scheduler.mjs:720:9)
      at R3Injector.hydrate (node_modules/.pnpm/@angular+core@20.1.6_@angul_3bf0992bb3b6a916346d7abb471ee6f3/node_modules/@angular/core/fesm2022/root_effect_scheduler.mjs:2152:21)
      at R3Injector.get (node_modules/.pnpm/@angular+core@20.1.6_@angul_3bf0992bb3b6a916346d7abb471ee6f3/node_modules/@angular/core/fesm2022/root_effect_scheduler.mjs:2007:33)
      at ChainedInjector.get (node_modules/.pnpm/@angular+core@20.1.6_@angul_3bf0992bb3b6a916346d7abb471ee6f3/node_modules/@angular/core/fesm2022/debug_node.mjs:12288:36)
      at lookupTokenUsingModuleInjector (node_modules/.pnpm/@angular+core@20.1.6_@angul_3bf0992bb3b6a916346d7abb471ee6f3/node_modules/@angular/core/fesm2022/debug_node.mjs:1718:39)
      at getOrCreateInjectable (node_modules/.pnpm/@angular+core@20.1.6_@angul_3bf0992bb3b6a916346d7abb471ee6f3/node_modules/@angular/core/fesm2022/debug_node.mjs:1766:12)
      at ɵɵdirectiveInject (node_modules/.pnpm/@angular+core@20.1.6_@angul_3bf0992bb3b6a916346d7abb471ee6f3/node_modules/@angular/core/fesm2022/debug_node.mjs:12339:19)
      at ɵɵinject (node_modules/.pnpm/@angular+core@20.1.6_@angul_3bf0992bb3b6a916346d7abb471ee6f3/node_modules/@angular/core/fesm2022/root_effect_scheduler.mjs:1032:42)
      at inject (node_modules/.pnpm/@angular+core@20.1.6_@angul_3bf0992bb3b6a916346d7abb471ee6f3/node_modules/@angular/core/fesm2022/root_effect_scheduler.mjs:1118:12)
      at GameInfoComponent.<instance_members_initializer> (src/app/features/game/components/game-board/game-info/game-info.ts:35:46)
      at new GameInfoComponent (src/app/features/game/components/game-board/game-info/game-info.ts:28:8)
      at NodeInjectorFactory.GameInfoComponent_Factory [as factory] (ng:\GameInfoComponent\ɵfac.js:5:10)
      at getNodeInjectable (node_modules/.pnpm/@angular+core@20.1.6_@angul_3bf0992bb3b6a916346d7abb471ee6f3/node_modules/@angular/core/fesm2022/debug_node.mjs:1989:44)
      at instantiateAllDirectives (node_modules/.pnpm/@angular+core@20.1.6_@angul_3bf0992bb3b6a916346d7abb471ee6f3/node_modules/@angular/core/fesm2022/debug_node.mjs:8176:27)
      at createDirectivesInstances (node_modules/.pnpm/@angular+core@20.1.6_@angul_3bf0992bb3b6a916346d7abb471ee6f3/node_modules/@angular/core/fesm2022/debug_node.mjs:7949:5)
      at ComponentFactory2.create (node_modules/.pnpm/@angular+core@20.1.6_@angul_3bf0992bb3b6a916346d7abb471ee6f3/node_modules/@angular/core/fesm2022/debug_node.mjs:13472:17)
      at initComponent (node_modules/.pnpm/@angular+core@20.1.6_@angul_3bf0992bb3b6a916346d7abb471ee6f3/node_modules/@angular/core/fesm2022/testing.mjs:2046:51)
      at _ZoneDelegate.invoke (node_modules/.pnpm/zone.js@0.15.1/node_modules/zone.js/bundles/zone.umd.js:410:32)
      at Object.onInvoke (node_modules/.pnpm/@angular+core@20.1.6_@angul_3bf0992bb3b6a916346d7abb471ee6f3/node_modules/@angular/core/fesm2022/debug_node.mjs:16672:33)
      at _ZoneDelegate.invoke (node_modules/.pnpm/zone.js@0.15.1/node_modules/zone.js/bundles/zone.umd.js:409:38)
      at ZoneImpl.run (node_modules/.pnpm/zone.js@0.15.1/node_modules/zone.js/bundles/zone.umd.js:145:47)
      at NgZone.run (node_modules/.pnpm/@angular+core@20.1.6_@angul_3bf0992bb3b6a916346d7abb471ee6f3/node_modules/@angular/core/fesm2022/debug_node.mjs:16518:28)
      at _TestBedImpl.createComponent (node_modules/.pnpm/@angular+core@20.1.6_@angul_3bf0992bb3b6a916346d7abb471ee6f3/node_modules/@angular/core/fesm2022/testing.mjs:2051:41)
      at Function.createComponent (node_modules/.pnpm/@angular+core@20.1.6_@angul_3bf0992bb3b6a916346d7abb471ee6f3/node_modules/@angular/core/fesm2022/testing.mjs:1838:37)
      at src/app/features/game/components/game-board/game-info/game-info.spec.ts:27:23

    console.error
      Error: Not implemented: HTMLMediaElement.prototype.load
          at module.exports (C:\Users\RaulM\Documents\_dev\virus\virus-frontend\node_modules\.pnpm\jsdom@26.1.0\node_modules\jsdom\lib\jsdom\browser\not-implemented.js:9:17)
          at HTMLAudioElementImpl.load (C:\Users\RaulM\Documents\_dev\virus\virus-frontend\node_modules\.pnpm\jsdom@26.1.0\node_modules\jsdom\lib\jsdom\living\nodes\HTMLMediaElement-impl.js:112:5)
          at HTMLAudioElement.load (C:\Users\RaulM\Documents\_dev\virus\virus-frontend\node_modules\.pnpm\jsdom@26.1.0\node_modules\jsdom\lib\jsdom\living\generated\HTMLMediaElement.js:109:34)
          at TimerSoundService.createAudio (C:\Users\RaulM\Documents\_dev\virus\virus-frontend\src\app\core\services\timer-sound.service.ts:58:11)
          at TimerSoundService.<instance_members_initializer> (C:\Users\RaulM\Documents\_dev\virus\virus-frontend\src\app\core\services\timer-sound.service.ts:12:19)
          at new TimerSoundService (C:\Users\RaulM\Documents\_dev\virus\virus-frontend\src\app\core\services\timer-sound.service.ts:6:8)
          at Object.TimerSoundService_Factory [as factory] (ng:///TimerSoundService/ɵfac.js:5:10)
          at C:\Users\RaulM\Documents\_dev\virus\virus-frontend\node_modules\.pnpm\@angular+core@20.1.6_@angul_3bf0992bb3b6a916346d7abb471ee6f3\node_modules\@angular\core\fesm2022\root_effect_scheduler.mjs:2154:47
          at runInInjectorProfilerContext (C:\Users\RaulM\Documents\_dev\virus\virus-frontend\node_modules\.pnpm\@angular+core@20.1.6_@angul_3bf0992bb3b6a916346d7abb471ee6f3\node_modules\@angular\core\fesm2022\root_effect_scheduler.mjs:720:9)
          at R3Injector.hydrate (C:\Users\RaulM\Documents\_dev\virus\virus-frontend\node_modules\.pnpm\@angular+core@20.1.6_@angul_3bf0992bb3b6a916346d7abb471ee6f3\node_modules\@angular\core\fesm2022\root_effect_scheduler.mjs:2152:21)
          at R3Injector.get (C:\Users\RaulM\Documents\_dev\virus\virus-frontend\node_modules\.pnpm\@angular+core@20.1.6_@angul_3bf0992bb3b6a916346d7abb471ee6f3\node_modules\@angular\core\fesm2022\root_effect_scheduler.mjs:2007:33)
          at ChainedInjector.get (C:\Users\RaulM\Documents\_dev\virus\virus-frontend\node_modules\.pnpm\@angular+core@20.1.6_@angul_3bf0992bb3b6a916346d7abb471ee6f3\node_modules\@angular\core\fesm2022\debug_node.mjs:12288:36)
          at lookupTokenUsingModuleInjector (C:\Users\RaulM\Documents\_dev\virus\virus-frontend\node_modules\.pnpm\@angular+core@20.1.6_@angul_3bf0992bb3b6a916346d7abb471ee6f3\node_modules\@angular\core\fesm2022\debug_node.mjs:1718:39)
          at getOrCreateInjectable (C:\Users\RaulM\Documents\_dev\virus\virus-frontend\node_modules\.pnpm\@angular+core@20.1.6_@angul_3bf0992bb3b6a916346d7abb471ee6f3\node_modules\@angular\core\fesm2022\debug_node.mjs:1766:12)
          at ɵɵdirectiveInject (C:\Users\RaulM\Documents\_dev\virus\virus-frontend\node_modules\.pnpm\@angular+core@20.1.6_@angul_3bf0992bb3b6a916346d7abb471ee6f3\node_modules\@angular\core\fesm2022\debug_node.mjs:12339:19)
          at ɵɵinject (C:\Users\RaulM\Documents\_dev\virus\virus-frontend\node_modules\.pnpm\@angular+core@20.1.6_@angul_3bf0992bb3b6a916346d7abb471ee6f3\node_modules\@angular\core\fesm2022\root_effect_scheduler.mjs:1032:42)
          at inject (C:\Users\RaulM\Documents\_dev\virus\virus-frontend\node_modules\.pnpm\@angular+core@20.1.6_@angul_3bf0992bb3b6a916346d7abb471ee6f3\node_modules\@angular\core\fesm2022\root_effect_scheduler.mjs:1118:12)
          at GameInfoComponent.<instance_members_initializer> (C:\Users\RaulM\Documents\_dev\virus\virus-frontend\src\app\features\game\components\game-board\game-info\game-info.ts:35:46)
          at new GameInfoComponent (C:\Users\RaulM\Documents\_dev\virus\virus-frontend\src\app\features\game\components\game-board\game-info\game-info.ts:28:8)
          at NodeInjectorFactory.GameInfoComponent_Factory [as factory] (ng:///GameInfoComponent/ɵfac.js:5:10)
          at getNodeInjectable (C:\Users\RaulM\Documents\_dev\virus\virus-frontend\node_modules\.pnpm\@angular+core@20.1.6_@angul_3bf0992bb3b6a916346d7abb471ee6f3\node_modules\@angular\core\fesm2022\debug_node.mjs:1989:44)
          at instantiateAllDirectives (C:\Users\RaulM\Documents\_dev\virus\virus-frontend\node_modules\.pnpm\@angular+core@20.1.6_@angul_3bf0992bb3b6a916346d7abb471ee6f3\node_modules\@angular\core\fesm2022\debug_node.mjs:8176:27)
          at createDirectivesInstances (C:\Users\RaulM\Documents\_dev\virus\virus-frontend\node_modules\.pnpm\@angular+core@20.1.6_@angul_3bf0992bb3b6a916346d7abb471ee6f3\node_modules\@angular\core\fesm2022\debug_node.mjs:7949:5)
          at ComponentFactory2.create (C:\Users\RaulM\Documents\_dev\virus\virus-frontend\node_modules\.pnpm\@angular+core@20.1.6_@angul_3bf0992bb3b6a916346d7abb471ee6f3\node_modules\@angular\core\fesm2022\debug_node.mjs:13472:17)
          at initComponent (C:\Users\RaulM\Documents\_dev\virus\virus-frontend\node_modules\.pnpm\@angular+core@20.1.6_@angul_3bf0992bb3b6a916346d7abb471ee6f3\node_modules\@angular\core\fesm2022\testing.mjs:2046:51)
          at _ZoneDelegate.invoke (C:\Users\RaulM\Documents\_dev\virus\virus-frontend\node_modules\.pnpm\zone.js@0.15.1\node_modules\zone.js\bundles\zone.umd.js:410:32)
          at Object.onInvoke (C:\Users\RaulM\Documents\_dev\virus\virus-frontend\node_modules\.pnpm\@angular+core@20.1.6_@angul_3bf0992bb3b6a916346d7abb471ee6f3\node_modules\@angular\core\fesm2022\debug_node.mjs:16672:33)
          at _ZoneDelegate.invoke (C:\Users\RaulM\Documents\_dev\virus\virus-frontend\node_modules\.pnpm\zone.js@0.15.1\node_modules\zone.js\bundles\zone.umd.js:409:38)
          at ZoneImpl.run (C:\Users\RaulM\Documents\_dev\virus\virus-frontend\node_modules\.pnpm\zone.js@0.15.1\node_modules\zone.js\bundles\zone.umd.js:145:47)
          at NgZone.run (C:\Users\RaulM\Documents\_dev\virus\virus-frontend\node_modules\.pnpm\@angular+core@20.1.6_@angul_3bf0992bb3b6a916346d7abb471ee6f3\node_modules\@angular\core\fesm2022\debug_node.mjs:16518:28)
          at _TestBedImpl.createComponent (C:\Users\RaulM\Documents\_dev\virus\virus-frontend\node_modules\.pnpm\@angular+core@20.1.6_@angul_3bf0992bb3b6a916346d7abb471ee6f3\node_modules\@angular\core\fesm2022\testing.mjs:2051:41)
          at Function.createComponent (C:\Users\RaulM\Documents\_dev\virus\virus-frontend\node_modules\.pnpm\@angular+core@20.1.6_@angul_3bf0992bb3b6a916346d7abb471ee6f3\node_modules\@angular\core\fesm2022\testing.mjs:1838:37)
          at C:\Users\RaulM\Documents\_dev\virus\virus-frontend\src\app\features\game\components\game-board\game-info\game-info.spec.ts:27:23
          at processTicksAndRejections (node:internal/process/task_queues:105:5) {
        type: 'not implemented'
      }

    [0m [90m 56 |[39m     [36mconst[39m audio [33m=[39m [36mnew[39m [33mAudio[39m(src)[33m;[39m
     [90m 57 |[39m     audio[33m.[39mpreload [33m=[39m [32m'auto'[39m[33m;[39m
    [31m[1m>[22m[39m[90m 58 |[39m     audio[33m.[39mload()[33m;[39m
     [90m    |[39m           [31m[1m^[22m[39m
     [90m 59 |[39m     [36mreturn[39m audio[33m;[39m
     [90m 60 |[39m   }
     [90m 61 |[39m }[0m

      at VirtualConsole.<anonymous> (node_modules/.pnpm/@jest+environment-jsdom-abstract@30.2.0_jsdom@26.1.0/node_modules/@jest/environment-jsdom-abstract/build/index.js:87:23)
      at module.exports (node_modules/.pnpm/jsdom@26.1.0/node_modules/jsdom/lib/jsdom/browser/not-implemented.js:12:26)
      at HTMLAudioElementImpl.load (node_modules/.pnpm/jsdom@26.1.0/node_modules/jsdom/lib/jsdom/living/nodes/HTMLMediaElement-impl.js:112:5)
      at HTMLAudioElement.load (node_modules/.pnpm/jsdom@26.1.0/node_modules/jsdom/lib/jsdom/living/generated/HTMLMediaElement.js:109:34)
      at TimerSoundService.createAudio (src/app/core/services/timer-sound.service.ts:58:11)
      at TimerSoundService.<instance_members_initializer> (src/app/core/services/timer-sound.service.ts:12:19)
      at new TimerSoundService (src/app/core/services/timer-sound.service.ts:6:8)
      at Object.TimerSoundService_Factory [as factory] (ng:\TimerSoundService\ɵfac.js:5:10)
      at node_modules/.pnpm/@angular+core@20.1.6_@angul_3bf0992bb3b6a916346d7abb471ee6f3/node_modules/@angular/core/fesm2022/root_effect_scheduler.mjs:2154:47
      at runInInjectorProfilerContext (node_modules/.pnpm/@angular+core@20.1.6_@angul_3bf0992bb3b6a916346d7abb471ee6f3/node_modules/@angular/core/fesm2022/root_effect_scheduler.mjs:720:9)
      at R3Injector.hydrate (node_modules/.pnpm/@angular+core@20.1.6_@angul_3bf0992bb3b6a916346d7abb471ee6f3/node_modules/@angular/core/fesm2022/root_effect_scheduler.mjs:2152:21)
      at R3Injector.get (node_modules/.pnpm/@angular+core@20.1.6_@angul_3bf0992bb3b6a916346d7abb471ee6f3/node_modules/@angular/core/fesm2022/root_effect_scheduler.mjs:2007:33)
      at ChainedInjector.get (node_modules/.pnpm/@angular+core@20.1.6_@angul_3bf0992bb3b6a916346d7abb471ee6f3/node_modules/@angular/core/fesm2022/debug_node.mjs:12288:36)
      at lookupTokenUsingModuleInjector (node_modules/.pnpm/@angular+core@20.1.6_@angul_3bf0992bb3b6a916346d7abb471ee6f3/node_modules/@angular/core/fesm2022/debug_node.mjs:1718:39)
      at getOrCreateInjectable (node_modules/.pnpm/@angular+core@20.1.6_@angul_3bf0992bb3b6a916346d7abb471ee6f3/node_modules/@angular/core/fesm2022/debug_node.mjs:1766:12)
      at ɵɵdirectiveInject (node_modules/.pnpm/@angular+core@20.1.6_@angul_3bf0992bb3b6a916346d7abb471ee6f3/node_modules/@angular/core/fesm2022/debug_node.mjs:12339:19)
      at ɵɵinject (node_modules/.pnpm/@angular+core@20.1.6_@angul_3bf0992bb3b6a916346d7abb471ee6f3/node_modules/@angular/core/fesm2022/root_effect_scheduler.mjs:1032:42)
      at inject (node_modules/.pnpm/@angular+core@20.1.6_@angul_3bf0992bb3b6a916346d7abb471ee6f3/node_modules/@angular/core/fesm2022/root_effect_scheduler.mjs:1118:12)
      at GameInfoComponent.<instance_members_initializer> (src/app/features/game/components/game-board/game-info/game-info.ts:35:46)
      at new GameInfoComponent (src/app/features/game/components/game-board/game-info/game-info.ts:28:8)
      at NodeInjectorFactory.GameInfoComponent_Factory [as factory] (ng:\GameInfoComponent\ɵfac.js:5:10)
      at getNodeInjectable (node_modules/.pnpm/@angular+core@20.1.6_@angul_3bf0992bb3b6a916346d7abb471ee6f3/node_modules/@angular/core/fesm2022/debug_node.mjs:1989:44)
      at instantiateAllDirectives (node_modules/.pnpm/@angular+core@20.1.6_@angul_3bf0992bb3b6a916346d7abb471ee6f3/node_modules/@angular/core/fesm2022/debug_node.mjs:8176:27)
      at createDirectivesInstances (node_modules/.pnpm/@angular+core@20.1.6_@angul_3bf0992bb3b6a916346d7abb471ee6f3/node_modules/@angular/core/fesm2022/debug_node.mjs:7949:5)
      at ComponentFactory2.create (node_modules/.pnpm/@angular+core@20.1.6_@angul_3bf0992bb3b6a916346d7abb471ee6f3/node_modules/@angular/core/fesm2022/debug_node.mjs:13472:17)
      at initComponent (node_modules/.pnpm/@angular+core@20.1.6_@angul_3bf0992bb3b6a916346d7abb471ee6f3/node_modules/@angular/core/fesm2022/testing.mjs:2046:51)
      at _ZoneDelegate.invoke (node_modules/.pnpm/zone.js@0.15.1/node_modules/zone.js/bundles/zone.umd.js:410:32)
      at Object.onInvoke (node_modules/.pnpm/@angular+core@20.1.6_@angul_3bf0992bb3b6a916346d7abb471ee6f3/node_modules/@angular/core/fesm2022/debug_node.mjs:16672:33)
      at _ZoneDelegate.invoke (node_modules/.pnpm/zone.js@0.15.1/node_modules/zone.js/bundles/zone.umd.js:409:38)
      at ZoneImpl.run (node_modules/.pnpm/zone.js@0.15.1/node_modules/zone.js/bundles/zone.umd.js:145:47)
      at NgZone.run (node_modules/.pnpm/@angular+core@20.1.6_@angul_3bf0992bb3b6a916346d7abb471ee6f3/node_modules/@angular/core/fesm2022/debug_node.mjs:16518:28)
      at _TestBedImpl.createComponent (node_modules/.pnpm/@angular+core@20.1.6_@angul_3bf0992bb3b6a916346d7abb471ee6f3/node_modules/@angular/core/fesm2022/testing.mjs:2051:41)
      at Function.createComponent (node_modules/.pnpm/@angular+core@20.1.6_@angul_3bf0992bb3b6a916346d7abb471ee6f3/node_modules/@angular/core/fesm2022/testing.mjs:1838:37)
      at src/app/features/game/components/game-board/game-info/game-info.spec.ts:27:23

    console.error
      Error: Not implemented: HTMLMediaElement.prototype.load
          at module.exports (C:\Users\RaulM\Documents\_dev\virus\virus-frontend\node_modules\.pnpm\jsdom@26.1.0\node_modules\jsdom\lib\jsdom\browser\not-implemented.js:9:17)
          at HTMLAudioElementImpl.load (C:\Users\RaulM\Documents\_dev\virus\virus-frontend\node_modules\.pnpm\jsdom@26.1.0\node_modules\jsdom\lib\jsdom\living\nodes\HTMLMediaElement-impl.js:112:5)
          at HTMLAudioElement.load (C:\Users\RaulM\Documents\_dev\virus\virus-frontend\node_modules\.pnpm\jsdom@26.1.0\node_modules\jsdom\lib\jsdom\living\generated\HTMLMediaElement.js:109:34)
          at TimerSoundService.createAudio (C:\Users\RaulM\Documents\_dev\virus\virus-frontend\src\app\core\services\timer-sound.service.ts:58:11)
          at TimerSoundService.<instance_members_initializer> (C:\Users\RaulM\Documents\_dev\virus\virus-frontend\src\app\core\services\timer-sound.service.ts:13:20)
          at new TimerSoundService (C:\Users\RaulM\Documents\_dev\virus\virus-frontend\src\app\core\services\timer-sound.service.ts:6:8)
          at Object.TimerSoundService_Factory [as factory] (ng:///TimerSoundService/ɵfac.js:5:10)
          at C:\Users\RaulM\Documents\_dev\virus\virus-frontend\node_modules\.pnpm\@angular+core@20.1.6_@angul_3bf0992bb3b6a916346d7abb471ee6f3\node_modules\@angular\core\fesm2022\root_effect_scheduler.mjs:2154:47
          at runInInjectorProfilerContext (C:\Users\RaulM\Documents\_dev\virus\virus-frontend\node_modules\.pnpm\@angular+core@20.1.6_@angul_3bf0992bb3b6a916346d7abb471ee6f3\node_modules\@angular\core\fesm2022\root_effect_scheduler.mjs:720:9)
          at R3Injector.hydrate (C:\Users\RaulM\Documents\_dev\virus\virus-frontend\node_modules\.pnpm\@angular+core@20.1.6_@angul_3bf0992bb3b6a916346d7abb471ee6f3\node_modules\@angular\core\fesm2022\root_effect_scheduler.mjs:2152:21)
          at R3Injector.get (C:\Users\RaulM\Documents\_dev\virus\virus-frontend\node_modules\.pnpm\@angular+core@20.1.6_@angul_3bf0992bb3b6a916346d7abb471ee6f3\node_modules\@angular\core\fesm2022\root_effect_scheduler.mjs:2007:33)
          at ChainedInjector.get (C:\Users\RaulM\Documents\_dev\virus\virus-frontend\node_modules\.pnpm\@angular+core@20.1.6_@angul_3bf0992bb3b6a916346d7abb471ee6f3\node_modules\@angular\core\fesm2022\debug_node.mjs:12288:36)
          at lookupTokenUsingModuleInjector (C:\Users\RaulM\Documents\_dev\virus\virus-frontend\node_modules\.pnpm\@angular+core@20.1.6_@angul_3bf0992bb3b6a916346d7abb471ee6f3\node_modules\@angular\core\fesm2022\debug_node.mjs:1718:39)
          at getOrCreateInjectable (C:\Users\RaulM\Documents\_dev\virus\virus-frontend\node_modules\.pnpm\@angular+core@20.1.6_@angul_3bf0992bb3b6a916346d7abb471ee6f3\node_modules\@angular\core\fesm2022\debug_node.mjs:1766:12)
          at ɵɵdirectiveInject (C:\Users\RaulM\Documents\_dev\virus\virus-frontend\node_modules\.pnpm\@angular+core@20.1.6_@angul_3bf0992bb3b6a916346d7abb471ee6f3\node_modules\@angular\core\fesm2022\debug_node.mjs:12339:19)
          at ɵɵinject (C:\Users\RaulM\Documents\_dev\virus\virus-frontend\node_modules\.pnpm\@angular+core@20.1.6_@angul_3bf0992bb3b6a916346d7abb471ee6f3\node_modules\@angular\core\fesm2022\root_effect_scheduler.mjs:1032:42)
          at inject (C:\Users\RaulM\Documents\_dev\virus\virus-frontend\node_modules\.pnpm\@angular+core@20.1.6_@angul_3bf0992bb3b6a916346d7abb471ee6f3\node_modules\@angular\core\fesm2022\root_effect_scheduler.mjs:1118:12)
          at GameInfoComponent.<instance_members_initializer> (C:\Users\RaulM\Documents\_dev\virus\virus-frontend\src\app\features\game\components\game-board\game-info\game-info.ts:35:46)
          at new GameInfoComponent (C:\Users\RaulM\Documents\_dev\virus\virus-frontend\src\app\features\game\components\game-board\game-info\game-info.ts:28:8)
          at NodeInjectorFactory.GameInfoComponent_Factory [as factory] (ng:///GameInfoComponent/ɵfac.js:5:10)
          at getNodeInjectable (C:\Users\RaulM\Documents\_dev\virus\virus-frontend\node_modules\.pnpm\@angular+core@20.1.6_@angul_3bf0992bb3b6a916346d7abb471ee6f3\node_modules\@angular\core\fesm2022\debug_node.mjs:1989:44)
          at instantiateAllDirectives (C:\Users\RaulM\Documents\_dev\virus\virus-frontend\node_modules\.pnpm\@angular+core@20.1.6_@angul_3bf0992bb3b6a916346d7abb471ee6f3\node_modules\@angular\core\fesm2022\debug_node.mjs:8176:27)
          at createDirectivesInstances (C:\Users\RaulM\Documents\_dev\virus\virus-frontend\node_modules\.pnpm\@angular+core@20.1.6_@angul_3bf0992bb3b6a916346d7abb471ee6f3\node_modules\@angular\core\fesm2022\debug_node.mjs:7949:5)
          at ComponentFactory2.create (C:\Users\RaulM\Documents\_dev\virus\virus-frontend\node_modules\.pnpm\@angular+core@20.1.6_@angul_3bf0992bb3b6a916346d7abb471ee6f3\node_modules\@angular\core\fesm2022\debug_node.mjs:13472:17)
          at initComponent (C:\Users\RaulM\Documents\_dev\virus\virus-frontend\node_modules\.pnpm\@angular+core@20.1.6_@angul_3bf0992bb3b6a916346d7abb471ee6f3\node_modules\@angular\core\fesm2022\testing.mjs:2046:51)
          at _ZoneDelegate.invoke (C:\Users\RaulM\Documents\_dev\virus\virus-frontend\node_modules\.pnpm\zone.js@0.15.1\node_modules\zone.js\bundles\zone.umd.js:410:32)
          at Object.onInvoke (C:\Users\RaulM\Documents\_dev\virus\virus-frontend\node_modules\.pnpm\@angular+core@20.1.6_@angul_3bf0992bb3b6a916346d7abb471ee6f3\node_modules\@angular\core\fesm2022\debug_node.mjs:16672:33)
          at _ZoneDelegate.invoke (C:\Users\RaulM\Documents\_dev\virus\virus-frontend\node_modules\.pnpm\zone.js@0.15.1\node_modules\zone.js\bundles\zone.umd.js:409:38)
          at ZoneImpl.run (C:\Users\RaulM\Documents\_dev\virus\virus-frontend\node_modules\.pnpm\zone.js@0.15.1\node_modules\zone.js\bundles\zone.umd.js:145:47)
          at NgZone.run (C:\Users\RaulM\Documents\_dev\virus\virus-frontend\node_modules\.pnpm\@angular+core@20.1.6_@angul_3bf0992bb3b6a916346d7abb471ee6f3\node_modules\@angular\core\fesm2022\debug_node.mjs:16518:28)
          at _TestBedImpl.createComponent (C:\Users\RaulM\Documents\_dev\virus\virus-frontend\node_modules\.pnpm\@angular+core@20.1.6_@angul_3bf0992bb3b6a916346d7abb471ee6f3\node_modules\@angular\core\fesm2022\testing.mjs:2051:41)
          at Function.createComponent (C:\Users\RaulM\Documents\_dev\virus\virus-frontend\node_modules\.pnpm\@angular+core@20.1.6_@angul_3bf0992bb3b6a916346d7abb471ee6f3\node_modules\@angular\core\fesm2022\testing.mjs:1838:37)
          at C:\Users\RaulM\Documents\_dev\virus\virus-frontend\src\app\features\game\components\game-board\game-info\game-info.spec.ts:27:23
          at processTicksAndRejections (node:internal/process/task_queues:105:5) {
        type: 'not implemented'
      }

    [0m [90m 56 |[39m     [36mconst[39m audio [33m=[39m [36mnew[39m [33mAudio[39m(src)[33m;[39m
     [90m 57 |[39m     audio[33m.[39mpreload [33m=[39m [32m'auto'[39m[33m;[39m
    [31m[1m>[22m[39m[90m 58 |[39m     audio[33m.[39mload()[33m;[39m
     [90m    |[39m           [31m[1m^[22m[39m
     [90m 59 |[39m     [36mreturn[39m audio[33m;[39m
     [90m 60 |[39m   }
     [90m 61 |[39m }[0m

      at VirtualConsole.<anonymous> (node_modules/.pnpm/@jest+environment-jsdom-abstract@30.2.0_jsdom@26.1.0/node_modules/@jest/environment-jsdom-abstract/build/index.js:87:23)
      at module.exports (node_modules/.pnpm/jsdom@26.1.0/node_modules/jsdom/lib/jsdom/browser/not-implemented.js:12:26)
      at HTMLAudioElementImpl.load (node_modules/.pnpm/jsdom@26.1.0/node_modules/jsdom/lib/jsdom/living/nodes/HTMLMediaElement-impl.js:112:5)
      at HTMLAudioElement.load (node_modules/.pnpm/jsdom@26.1.0/node_modules/jsdom/lib/jsdom/living/generated/HTMLMediaElement.js:109:34)
      at TimerSoundService.createAudio (src/app/core/services/timer-sound.service.ts:58:11)
      at TimerSoundService.<instance_members_initializer> (src/app/core/services/timer-sound.service.ts:13:20)
      at new TimerSoundService (src/app/core/services/timer-sound.service.ts:6:8)
      at Object.TimerSoundService_Factory [as factory] (ng:\TimerSoundService\ɵfac.js:5:10)
      at node_modules/.pnpm/@angular+core@20.1.6_@angul_3bf0992bb3b6a916346d7abb471ee6f3/node_modules/@angular/core/fesm2022/root_effect_scheduler.mjs:2154:47
      at runInInjectorProfilerContext (node_modules/.pnpm/@angular+core@20.1.6_@angul_3bf0992bb3b6a916346d7abb471ee6f3/node_modules/@angular/core/fesm2022/root_effect_scheduler.mjs:720:9)
      at R3Injector.hydrate (node_modules/.pnpm/@angular+core@20.1.6_@angul_3bf0992bb3b6a916346d7abb471ee6f3/node_modules/@angular/core/fesm2022/root_effect_scheduler.mjs:2152:21)
      at R3Injector.get (node_modules/.pnpm/@angular+core@20.1.6_@angul_3bf0992bb3b6a916346d7abb471ee6f3/node_modules/@angular/core/fesm2022/root_effect_scheduler.mjs:2007:33)
      at ChainedInjector.get (node_modules/.pnpm/@angular+core@20.1.6_@angul_3bf0992bb3b6a916346d7abb471ee6f3/node_modules/@angular/core/fesm2022/debug_node.mjs:12288:36)
      at lookupTokenUsingModuleInjector (node_modules/.pnpm/@angular+core@20.1.6_@angul_3bf0992bb3b6a916346d7abb471ee6f3/node_modules/@angular/core/fesm2022/debug_node.mjs:1718:39)
      at getOrCreateInjectable (node_modules/.pnpm/@angular+core@20.1.6_@angul_3bf0992bb3b6a916346d7abb471ee6f3/node_modules/@angular/core/fesm2022/debug_node.mjs:1766:12)
      at ɵɵdirectiveInject (node_modules/.pnpm/@angular+core@20.1.6_@angul_3bf0992bb3b6a916346d7abb471ee6f3/node_modules/@angular/core/fesm2022/debug_node.mjs:12339:19)
      at ɵɵinject (node_modules/.pnpm/@angular+core@20.1.6_@angul_3bf0992bb3b6a916346d7abb471ee6f3/node_modules/@angular/core/fesm2022/root_effect_scheduler.mjs:1032:42)
      at inject (node_modules/.pnpm/@angular+core@20.1.6_@angul_3bf0992bb3b6a916346d7abb471ee6f3/node_modules/@angular/core/fesm2022/root_effect_scheduler.mjs:1118:12)
      at GameInfoComponent.<instance_members_initializer> (src/app/features/game/components/game-board/game-info/game-info.ts:35:46)
      at new GameInfoComponent (src/app/features/game/components/game-board/game-info/game-info.ts:28:8)
      at NodeInjectorFactory.GameInfoComponent_Factory [as factory] (ng:\GameInfoComponent\ɵfac.js:5:10)
      at getNodeInjectable (node_modules/.pnpm/@angular+core@20.1.6_@angul_3bf0992bb3b6a916346d7abb471ee6f3/node_modules/@angular/core/fesm2022/debug_node.mjs:1989:44)
      at instantiateAllDirectives (node_modules/.pnpm/@angular+core@20.1.6_@angul_3bf0992bb3b6a916346d7abb471ee6f3/node_modules/@angular/core/fesm2022/debug_node.mjs:8176:27)
      at createDirectivesInstances (node_modules/.pnpm/@angular+core@20.1.6_@angul_3bf0992bb3b6a916346d7abb471ee6f3/node_modules/@angular/core/fesm2022/debug_node.mjs:7949:5)
      at ComponentFactory2.create (node_modules/.pnpm/@angular+core@20.1.6_@angul_3bf0992bb3b6a916346d7abb471ee6f3/node_modules/@angular/core/fesm2022/debug_node.mjs:13472:17)
      at initComponent (node_modules/.pnpm/@angular+core@20.1.6_@angul_3bf0992bb3b6a916346d7abb471ee6f3/node_modules/@angular/core/fesm2022/testing.mjs:2046:51)
      at _ZoneDelegate.invoke (node_modules/.pnpm/zone.js@0.15.1/node_modules/zone.js/bundles/zone.umd.js:410:32)
      at Object.onInvoke (node_modules/.pnpm/@angular+core@20.1.6_@angul_3bf0992bb3b6a916346d7abb471ee6f3/node_modules/@angular/core/fesm2022/debug_node.mjs:16672:33)
      at _ZoneDelegate.invoke (node_modules/.pnpm/zone.js@0.15.1/node_modules/zone.js/bundles/zone.umd.js:409:38)
      at ZoneImpl.run (node_modules/.pnpm/zone.js@0.15.1/node_modules/zone.js/bundles/zone.umd.js:145:47)
      at NgZone.run (node_modules/.pnpm/@angular+core@20.1.6_@angul_3bf0992bb3b6a916346d7abb471ee6f3/node_modules/@angular/core/fesm2022/debug_node.mjs:16518:28)
      at _TestBedImpl.createComponent (node_modules/.pnpm/@angular+core@20.1.6_@angul_3bf0992bb3b6a916346d7abb471ee6f3/node_modules/@angular/core/fesm2022/testing.mjs:2051:41)
      at Function.createComponent (node_modules/.pnpm/@angular+core@20.1.6_@angul_3bf0992bb3b6a916346d7abb471ee6f3/node_modules/@angular/core/fesm2022/testing.mjs:1838:37)
      at src/app/features/game/components/game-board/game-info/game-info.spec.ts:27:23

    console.error
      Error: Not implemented: HTMLMediaElement.prototype.load
          at module.exports (C:\Users\RaulM\Documents\_dev\virus\virus-frontend\node_modules\.pnpm\jsdom@26.1.0\node_modules\jsdom\lib\jsdom\browser\not-implemented.js:9:17)
          at HTMLAudioElementImpl.load (C:\Users\RaulM\Documents\_dev\virus\virus-frontend\node_modules\.pnpm\jsdom@26.1.0\node_modules\jsdom\lib\jsdom\living\nodes\HTMLMediaElement-impl.js:112:5)
          at HTMLAudioElement.load (C:\Users\RaulM\Documents\_dev\virus\virus-frontend\node_modules\.pnpm\jsdom@26.1.0\node_modules\jsdom\lib\jsdom\living\generated\HTMLMediaElement.js:109:34)
          at TimerSoundService.createAudio (C:\Users\RaulM\Documents\_dev\virus\virus-frontend\src\app\core\services\timer-sound.service.ts:58:11)
          at TimerSoundService.<instance_members_initializer> (C:\Users\RaulM\Documents\_dev\virus\virus-frontend\src\app\core\services\timer-sound.service.ts:16:42)
          at new TimerSoundService (C:\Users\RaulM\Documents\_dev\virus\virus-frontend\src\app\core\services\timer-sound.service.ts:6:8)
          at Object.TimerSoundService_Factory [as factory] (ng:///TimerSoundService/ɵfac.js:5:10)
          at C:\Users\RaulM\Documents\_dev\virus\virus-frontend\node_modules\.pnpm\@angular+core@20.1.6_@angul_3bf0992bb3b6a916346d7abb471ee6f3\node_modules\@angular\core\fesm2022\root_effect_scheduler.mjs:2154:47
          at runInInjectorProfilerContext (C:\Users\RaulM\Documents\_dev\virus\virus-frontend\node_modules\.pnpm\@angular+core@20.1.6_@angul_3bf0992bb3b6a916346d7abb471ee6f3\node_modules\@angular\core\fesm2022\root_effect_scheduler.mjs:720:9)
          at R3Injector.hydrate (C:\Users\RaulM\Documents\_dev\virus\virus-frontend\node_modules\.pnpm\@angular+core@20.1.6_@angul_3bf0992bb3b6a916346d7abb471ee6f3\node_modules\@angular\core\fesm2022\root_effect_scheduler.mjs:2152:21)
          at R3Injector.get (C:\Users\RaulM\Documents\_dev\virus\virus-frontend\node_modules\.pnpm\@angular+core@20.1.6_@angul_3bf0992bb3b6a916346d7abb471ee6f3\node_modules\@angular\core\fesm2022\root_effect_scheduler.mjs:2007:33)
          at ChainedInjector.get (C:\Users\RaulM\Documents\_dev\virus\virus-frontend\node_modules\.pnpm\@angular+core@20.1.6_@angul_3bf0992bb3b6a916346d7abb471ee6f3\node_modules\@angular\core\fesm2022\debug_node.mjs:12288:36)
          at lookupTokenUsingModuleInjector (C:\Users\RaulM\Documents\_dev\virus\virus-frontend\node_modules\.pnpm\@angular+core@20.1.6_@angul_3bf0992bb3b6a916346d7abb471ee6f3\node_modules\@angular\core\fesm2022\debug_node.mjs:1718:39)
          at getOrCreateInjectable (C:\Users\RaulM\Documents\_dev\virus\virus-frontend\node_modules\.pnpm\@angular+core@20.1.6_@angul_3bf0992bb3b6a916346d7abb471ee6f3\node_modules\@angular\core\fesm2022\debug_node.mjs:1766:12)
          at ɵɵdirectiveInject (C:\Users\RaulM\Documents\_dev\virus\virus-frontend\node_modules\.pnpm\@angular+core@20.1.6_@angul_3bf0992bb3b6a916346d7abb471ee6f3\node_modules\@angular\core\fesm2022\debug_node.mjs:12339:19)
          at ɵɵinject (C:\Users\RaulM\Documents\_dev\virus\virus-frontend\node_modules\.pnpm\@angular+core@20.1.6_@angul_3bf0992bb3b6a916346d7abb471ee6f3\node_modules\@angular\core\fesm2022\root_effect_scheduler.mjs:1032:42)
          at inject (C:\Users\RaulM\Documents\_dev\virus\virus-frontend\node_modules\.pnpm\@angular+core@20.1.6_@angul_3bf0992bb3b6a916346d7abb471ee6f3\node_modules\@angular\core\fesm2022\root_effect_scheduler.mjs:1118:12)
          at GameInfoComponent.<instance_members_initializer> (C:\Users\RaulM\Documents\_dev\virus\virus-frontend\src\app\features\game\components\game-board\game-info\game-info.ts:35:46)
          at new GameInfoComponent (C:\Users\RaulM\Documents\_dev\virus\virus-frontend\src\app\features\game\components\game-board\game-info\game-info.ts:28:8)
          at NodeInjectorFactory.GameInfoComponent_Factory [as factory] (ng:///GameInfoComponent/ɵfac.js:5:10)
          at getNodeInjectable (C:\Users\RaulM\Documents\_dev\virus\virus-frontend\node_modules\.pnpm\@angular+core@20.1.6_@angul_3bf0992bb3b6a916346d7abb471ee6f3\node_modules\@angular\core\fesm2022\debug_node.mjs:1989:44)
          at instantiateAllDirectives (C:\Users\RaulM\Documents\_dev\virus\virus-frontend\node_modules\.pnpm\@angular+core@20.1.6_@angul_3bf0992bb3b6a916346d7abb471ee6f3\node_modules\@angular\core\fesm2022\debug_node.mjs:8176:27)
          at createDirectivesInstances (C:\Users\RaulM\Documents\_dev\virus\virus-frontend\node_modules\.pnpm\@angular+core@20.1.6_@angul_3bf0992bb3b6a916346d7abb471ee6f3\node_modules\@angular\core\fesm2022\debug_node.mjs:7949:5)
          at ComponentFactory2.create (C:\Users\RaulM\Documents\_dev\virus\virus-frontend\node_modules\.pnpm\@angular+core@20.1.6_@angul_3bf0992bb3b6a916346d7abb471ee6f3\node_modules\@angular\core\fesm2022\debug_node.mjs:13472:17)
          at initComponent (C:\Users\RaulM\Documents\_dev\virus\virus-frontend\node_modules\.pnpm\@angular+core@20.1.6_@angul_3bf0992bb3b6a916346d7abb471ee6f3\node_modules\@angular\core\fesm2022\testing.mjs:2046:51)
          at _ZoneDelegate.invoke (C:\Users\RaulM\Documents\_dev\virus\virus-frontend\node_modules\.pnpm\zone.js@0.15.1\node_modules\zone.js\bundles\zone.umd.js:410:32)
          at Object.onInvoke (C:\Users\RaulM\Documents\_dev\virus\virus-frontend\node_modules\.pnpm\@angular+core@20.1.6_@angul_3bf0992bb3b6a916346d7abb471ee6f3\node_modules\@angular\core\fesm2022\debug_node.mjs:16672:33)
          at _ZoneDelegate.invoke (C:\Users\RaulM\Documents\_dev\virus\virus-frontend\node_modules\.pnpm\zone.js@0.15.1\node_modules\zone.js\bundles\zone.umd.js:409:38)
          at ZoneImpl.run (C:\Users\RaulM\Documents\_dev\virus\virus-frontend\node_modules\.pnpm\zone.js@0.15.1\node_modules\zone.js\bundles\zone.umd.js:145:47)
          at NgZone.run (C:\Users\RaulM\Documents\_dev\virus\virus-frontend\node_modules\.pnpm\@angular+core@20.1.6_@angul_3bf0992bb3b6a916346d7abb471ee6f3\node_modules\@angular\core\fesm2022\debug_node.mjs:16518:28)
          at _TestBedImpl.createComponent (C:\Users\RaulM\Documents\_dev\virus\virus-frontend\node_modules\.pnpm\@angular+core@20.1.6_@angul_3bf0992bb3b6a916346d7abb471ee6f3\node_modules\@angular\core\fesm2022\testing.mjs:2051:41)
          at Function.createComponent (C:\Users\RaulM\Documents\_dev\virus\virus-frontend\node_modules\.pnpm\@angular+core@20.1.6_@angul_3bf0992bb3b6a916346d7abb471ee6f3\node_modules\@angular\core\fesm2022\testing.mjs:1838:37)
          at C:\Users\RaulM\Documents\_dev\virus\virus-frontend\src\app\features\game\components\game-board\game-info\game-info.spec.ts:27:23
          at processTicksAndRejections (node:internal/process/task_queues:105:5) {
        type: 'not implemented'
      }

    [0m [90m 56 |[39m     [36mconst[39m audio [33m=[39m [36mnew[39m [33mAudio[39m(src)[33m;[39m
     [90m 57 |[39m     audio[33m.[39mpreload [33m=[39m [32m'auto'[39m[33m;[39m
    [31m[1m>[22m[39m[90m 58 |[39m     audio[33m.[39mload()[33m;[39m
     [90m    |[39m           [31m[1m^[22m[39m
     [90m 59 |[39m     [36mreturn[39m audio[33m;[39m
     [90m 60 |[39m   }
     [90m 61 |[39m }[0m

      at VirtualConsole.<anonymous> (node_modules/.pnpm/@jest+environment-jsdom-abstract@30.2.0_jsdom@26.1.0/node_modules/@jest/environment-jsdom-abstract/build/index.js:87:23)
      at module.exports (node_modules/.pnpm/jsdom@26.1.0/node_modules/jsdom/lib/jsdom/browser/not-implemented.js:12:26)
      at HTMLAudioElementImpl.load (node_modules/.pnpm/jsdom@26.1.0/node_modules/jsdom/lib/jsdom/living/nodes/HTMLMediaElement-impl.js:112:5)
      at HTMLAudioElement.load (node_modules/.pnpm/jsdom@26.1.0/node_modules/jsdom/lib/jsdom/living/generated/HTMLMediaElement.js:109:34)
      at TimerSoundService.createAudio (src/app/core/services/timer-sound.service.ts:58:11)
      at TimerSoundService.<instance_members_initializer> (src/app/core/services/timer-sound.service.ts:16:42)
      at new TimerSoundService (src/app/core/services/timer-sound.service.ts:6:8)
      at Object.TimerSoundService_Factory [as factory] (ng:\TimerSoundService\ɵfac.js:5:10)
      at node_modules/.pnpm/@angular+core@20.1.6_@angul_3bf0992bb3b6a916346d7abb471ee6f3/node_modules/@angular/core/fesm2022/root_effect_scheduler.mjs:2154:47
      at runInInjectorProfilerContext (node_modules/.pnpm/@angular+core@20.1.6_@angul_3bf0992bb3b6a916346d7abb471ee6f3/node_modules/@angular/core/fesm2022/root_effect_scheduler.mjs:720:9)
      at R3Injector.hydrate (node_modules/.pnpm/@angular+core@20.1.6_@angul_3bf0992bb3b6a916346d7abb471ee6f3/node_modules/@angular/core/fesm2022/root_effect_scheduler.mjs:2152:21)
      at R3Injector.get (node_modules/.pnpm/@angular+core@20.1.6_@angul_3bf0992bb3b6a916346d7abb471ee6f3/node_modules/@angular/core/fesm2022/root_effect_scheduler.mjs:2007:33)
      at ChainedInjector.get (node_modules/.pnpm/@angular+core@20.1.6_@angul_3bf0992bb3b6a916346d7abb471ee6f3/node_modules/@angular/core/fesm2022/debug_node.mjs:12288:36)
      at lookupTokenUsingModuleInjector (node_modules/.pnpm/@angular+core@20.1.6_@angul_3bf0992bb3b6a916346d7abb471ee6f3/node_modules/@angular/core/fesm2022/debug_node.mjs:1718:39)
      at getOrCreateInjectable (node_modules/.pnpm/@angular+core@20.1.6_@angul_3bf0992bb3b6a916346d7abb471ee6f3/node_modules/@angular/core/fesm2022/debug_node.mjs:1766:12)
      at ɵɵdirectiveInject (node_modules/.pnpm/@angular+core@20.1.6_@angul_3bf0992bb3b6a916346d7abb471ee6f3/node_modules/@angular/core/fesm2022/debug_node.mjs:12339:19)
      at ɵɵinject (node_modules/.pnpm/@angular+core@20.1.6_@angul_3bf0992bb3b6a916346d7abb471ee6f3/node_modules/@angular/core/fesm2022/root_effect_scheduler.mjs:1032:42)
      at inject (node_modules/.pnpm/@angular+core@20.1.6_@angul_3bf0992bb3b6a916346d7abb471ee6f3/node_modules/@angular/core/fesm2022/root_effect_scheduler.mjs:1118:12)
      at GameInfoComponent.<instance_members_initializer> (src/app/features/game/components/game-board/game-info/game-info.ts:35:46)
      at new GameInfoComponent (src/app/features/game/components/game-board/game-info/game-info.ts:28:8)
      at NodeInjectorFactory.GameInfoComponent_Factory [as factory] (ng:\GameInfoComponent\ɵfac.js:5:10)
      at getNodeInjectable (node_modules/.pnpm/@angular+core@20.1.6_@angul_3bf0992bb3b6a916346d7abb471ee6f3/node_modules/@angular/core/fesm2022/debug_node.mjs:1989:44)
      at instantiateAllDirectives (node_modules/.pnpm/@angular+core@20.1.6_@angul_3bf0992bb3b6a916346d7abb471ee6f3/node_modules/@angular/core/fesm2022/debug_node.mjs:8176:27)
      at createDirectivesInstances (node_modules/.pnpm/@angular+core@20.1.6_@angul_3bf0992bb3b6a916346d7abb471ee6f3/node_modules/@angular/core/fesm2022/debug_node.mjs:7949:5)
      at ComponentFactory2.create (node_modules/.pnpm/@angular+core@20.1.6_@angul_3bf0992bb3b6a916346d7abb471ee6f3/node_modules/@angular/core/fesm2022/debug_node.mjs:13472:17)
      at initComponent (node_modules/.pnpm/@angular+core@20.1.6_@angul_3bf0992bb3b6a916346d7abb471ee6f3/node_modules/@angular/core/fesm2022/testing.mjs:2046:51)
      at _ZoneDelegate.invoke (node_modules/.pnpm/zone.js@0.15.1/node_modules/zone.js/bundles/zone.umd.js:410:32)
      at Object.onInvoke (node_modules/.pnpm/@angular+core@20.1.6_@angul_3bf0992bb3b6a916346d7abb471ee6f3/node_modules/@angular/core/fesm2022/debug_node.mjs:16672:33)
      at _ZoneDelegate.invoke (node_modules/.pnpm/zone.js@0.15.1/node_modules/zone.js/bundles/zone.umd.js:409:38)
      at ZoneImpl.run (node_modules/.pnpm/zone.js@0.15.1/node_modules/zone.js/bundles/zone.umd.js:145:47)
      at NgZone.run (node_modules/.pnpm/@angular+core@20.1.6_@angul_3bf0992bb3b6a916346d7abb471ee6f3/node_modules/@angular/core/fesm2022/debug_node.mjs:16518:28)
      at _TestBedImpl.createComponent (node_modules/.pnpm/@angular+core@20.1.6_@angul_3bf0992bb3b6a916346d7abb471ee6f3/node_modules/@angular/core/fesm2022/testing.mjs:2051:41)
      at Function.createComponent (node_modules/.pnpm/@angular+core@20.1.6_@angul_3bf0992bb3b6a916346d7abb471ee6f3/node_modules/@angular/core/fesm2022/testing.mjs:1838:37)
      at src/app/features/game/components/game-board/game-info/game-info.spec.ts:27:23

    console.error
      Error: Not implemented: HTMLMediaElement.prototype.load
          at module.exports (C:\Users\RaulM\Documents\_dev\virus\virus-frontend\node_modules\.pnpm\jsdom@26.1.0\node_modules\jsdom\lib\jsdom\browser\not-implemented.js:9:17)
          at HTMLAudioElementImpl.load (C:\Users\RaulM\Documents\_dev\virus\virus-frontend\node_modules\.pnpm\jsdom@26.1.0\node_modules\jsdom\lib\jsdom\living\nodes\HTMLMediaElement-impl.js:112:5)
          at HTMLAudioElement.load (C:\Users\RaulM\Documents\_dev\virus\virus-frontend\node_modules\.pnpm\jsdom@26.1.0\node_modules\jsdom\lib\jsdom\living\generated\HTMLMediaElement.js:109:34)
          at TimerSoundService.createAudio (C:\Users\RaulM\Documents\_dev\virus\virus-frontend\src\app\core\services\timer-sound.service.ts:58:11)
          at TimerSoundService.<instance_members_initializer> (C:\Users\RaulM\Documents\_dev\virus\virus-frontend\src\app\core\services\timer-sound.service.ts:17:39)
          at new TimerSoundService (C:\Users\RaulM\Documents\_dev\virus\virus-frontend\src\app\core\services\timer-sound.service.ts:6:8)
          at Object.TimerSoundService_Factory [as factory] (ng:///TimerSoundService/ɵfac.js:5:10)
          at C:\Users\RaulM\Documents\_dev\virus\virus-frontend\node_modules\.pnpm\@angular+core@20.1.6_@angul_3bf0992bb3b6a916346d7abb471ee6f3\node_modules\@angular\core\fesm2022\root_effect_scheduler.mjs:2154:47
          at runInInjectorProfilerContext (C:\Users\RaulM\Documents\_dev\virus\virus-frontend\node_modules\.pnpm\@angular+core@20.1.6_@angul_3bf0992bb3b6a916346d7abb471ee6f3\node_modules\@angular\core\fesm2022\root_effect_scheduler.mjs:720:9)
          at R3Injector.hydrate (C:\Users\RaulM\Documents\_dev\virus\virus-frontend\node_modules\.pnpm\@angular+core@20.1.6_@angul_3bf0992bb3b6a916346d7abb471ee6f3\node_modules\@angular\core\fesm2022\root_effect_scheduler.mjs:2152:21)
          at R3Injector.get (C:\Users\RaulM\Documents\_dev\virus\virus-frontend\node_modules\.pnpm\@angular+core@20.1.6_@angul_3bf0992bb3b6a916346d7abb471ee6f3\node_modules\@angular\core\fesm2022\root_effect_scheduler.mjs:2007:33)
          at ChainedInjector.get (C:\Users\RaulM\Documents\_dev\virus\virus-frontend\node_modules\.pnpm\@angular+core@20.1.6_@angul_3bf0992bb3b6a916346d7abb471ee6f3\node_modules\@angular\core\fesm2022\debug_node.mjs:12288:36)
          at lookupTokenUsingModuleInjector (C:\Users\RaulM\Documents\_dev\virus\virus-frontend\node_modules\.pnpm\@angular+core@20.1.6_@angul_3bf0992bb3b6a916346d7abb471ee6f3\node_modules\@angular\core\fesm2022\debug_node.mjs:1718:39)
          at getOrCreateInjectable (C:\Users\RaulM\Documents\_dev\virus\virus-frontend\node_modules\.pnpm\@angular+core@20.1.6_@angul_3bf0992bb3b6a916346d7abb471ee6f3\node_modules\@angular\core\fesm2022\debug_node.mjs:1766:12)
          at ɵɵdirectiveInject (C:\Users\RaulM\Documents\_dev\virus\virus-frontend\node_modules\.pnpm\@angular+core@20.1.6_@angul_3bf0992bb3b6a916346d7abb471ee6f3\node_modules\@angular\core\fesm2022\debug_node.mjs:12339:19)
          at ɵɵinject (C:\Users\RaulM\Documents\_dev\virus\virus-frontend\node_modules\.pnpm\@angular+core@20.1.6_@angul_3bf0992bb3b6a916346d7abb471ee6f3\node_modules\@angular\core\fesm2022\root_effect_scheduler.mjs:1032:42)
          at inject (C:\Users\RaulM\Documents\_dev\virus\virus-frontend\node_modules\.pnpm\@angular+core@20.1.6_@angul_3bf0992bb3b6a916346d7abb471ee6f3\node_modules\@angular\core\fesm2022\root_effect_scheduler.mjs:1118:12)
          at GameInfoComponent.<instance_members_initializer> (C:\Users\RaulM\Documents\_dev\virus\virus-frontend\src\app\features\game\components\game-board\game-info\game-info.ts:35:46)
          at new GameInfoComponent (C:\Users\RaulM\Documents\_dev\virus\virus-frontend\src\app\features\game\components\game-board\game-info\game-info.ts:28:8)
          at NodeInjectorFactory.GameInfoComponent_Factory [as factory] (ng:///GameInfoComponent/ɵfac.js:5:10)
          at getNodeInjectable (C:\Users\RaulM\Documents\_dev\virus\virus-frontend\node_modules\.pnpm\@angular+core@20.1.6_@angul_3bf0992bb3b6a916346d7abb471ee6f3\node_modules\@angular\core\fesm2022\debug_node.mjs:1989:44)
          at instantiateAllDirectives (C:\Users\RaulM\Documents\_dev\virus\virus-frontend\node_modules\.pnpm\@angular+core@20.1.6_@angul_3bf0992bb3b6a916346d7abb471ee6f3\node_modules\@angular\core\fesm2022\debug_node.mjs:8176:27)
          at createDirectivesInstances (C:\Users\RaulM\Documents\_dev\virus\virus-frontend\node_modules\.pnpm\@angular+core@20.1.6_@angul_3bf0992bb3b6a916346d7abb471ee6f3\node_modules\@angular\core\fesm2022\debug_node.mjs:7949:5)
          at ComponentFactory2.create (C:\Users\RaulM\Documents\_dev\virus\virus-frontend\node_modules\.pnpm\@angular+core@20.1.6_@angul_3bf0992bb3b6a916346d7abb471ee6f3\node_modules\@angular\core\fesm2022\debug_node.mjs:13472:17)
          at initComponent (C:\Users\RaulM\Documents\_dev\virus\virus-frontend\node_modules\.pnpm\@angular+core@20.1.6_@angul_3bf0992bb3b6a916346d7abb471ee6f3\node_modules\@angular\core\fesm2022\testing.mjs:2046:51)
          at _ZoneDelegate.invoke (C:\Users\RaulM\Documents\_dev\virus\virus-frontend\node_modules\.pnpm\zone.js@0.15.1\node_modules\zone.js\bundles\zone.umd.js:410:32)
          at Object.onInvoke (C:\Users\RaulM\Documents\_dev\virus\virus-frontend\node_modules\.pnpm\@angular+core@20.1.6_@angul_3bf0992bb3b6a916346d7abb471ee6f3\node_modules\@angular\core\fesm2022\debug_node.mjs:16672:33)
          at _ZoneDelegate.invoke (C:\Users\RaulM\Documents\_dev\virus\virus-frontend\node_modules\.pnpm\zone.js@0.15.1\node_modules\zone.js\bundles\zone.umd.js:409:38)
          at ZoneImpl.run (C:\Users\RaulM\Documents\_dev\virus\virus-frontend\node_modules\.pnpm\zone.js@0.15.1\node_modules\zone.js\bundles\zone.umd.js:145:47)
          at NgZone.run (C:\Users\RaulM\Documents\_dev\virus\virus-frontend\node_modules\.pnpm\@angular+core@20.1.6_@angul_3bf0992bb3b6a916346d7abb471ee6f3\node_modules\@angular\core\fesm2022\debug_node.mjs:16518:28)
          at _TestBedImpl.createComponent (C:\Users\RaulM\Documents\_dev\virus\virus-frontend\node_modules\.pnpm\@angular+core@20.1.6_@angul_3bf0992bb3b6a916346d7abb471ee6f3\node_modules\@angular\core\fesm2022\testing.mjs:2051:41)
          at Function.createComponent (C:\Users\RaulM\Documents\_dev\virus\virus-frontend\node_modules\.pnpm\@angular+core@20.1.6_@angul_3bf0992bb3b6a916346d7abb471ee6f3\node_modules\@angular\core\fesm2022\testing.mjs:1838:37)
          at C:\Users\RaulM\Documents\_dev\virus\virus-frontend\src\app\features\game\components\game-board\game-info\game-info.spec.ts:27:23
          at processTicksAndRejections (node:internal/process/task_queues:105:5) {
        type: 'not implemented'
      }

    [0m [90m 56 |[39m     [36mconst[39m audio [33m=[39m [36mnew[39m [33mAudio[39m(src)[33m;[39m
     [90m 57 |[39m     audio[33m.[39mpreload [33m=[39m [32m'auto'[39m[33m;[39m
    [31m[1m>[22m[39m[90m 58 |[39m     audio[33m.[39mload()[33m;[39m
     [90m    |[39m           [31m[1m^[22m[39m
     [90m 59 |[39m     [36mreturn[39m audio[33m;[39m
     [90m 60 |[39m   }
     [90m 61 |[39m }[0m

      at VirtualConsole.<anonymous> (node_modules/.pnpm/@jest+environment-jsdom-abstract@30.2.0_jsdom@26.1.0/node_modules/@jest/environment-jsdom-abstract/build/index.js:87:23)
      at module.exports (node_modules/.pnpm/jsdom@26.1.0/node_modules/jsdom/lib/jsdom/browser/not-implemented.js:12:26)
      at HTMLAudioElementImpl.load (node_modules/.pnpm/jsdom@26.1.0/node_modules/jsdom/lib/jsdom/living/nodes/HTMLMediaElement-impl.js:112:5)
      at HTMLAudioElement.load (node_modules/.pnpm/jsdom@26.1.0/node_modules/jsdom/lib/jsdom/living/generated/HTMLMediaElement.js:109:34)
      at TimerSoundService.createAudio (src/app/core/services/timer-sound.service.ts:58:11)
      at TimerSoundService.<instance_members_initializer> (src/app/core/services/timer-sound.service.ts:17:39)
      at new TimerSoundService (src/app/core/services/timer-sound.service.ts:6:8)
      at Object.TimerSoundService_Factory [as factory] (ng:\TimerSoundService\ɵfac.js:5:10)
      at node_modules/.pnpm/@angular+core@20.1.6_@angul_3bf0992bb3b6a916346d7abb471ee6f3/node_modules/@angular/core/fesm2022/root_effect_scheduler.mjs:2154:47
      at runInInjectorProfilerContext (node_modules/.pnpm/@angular+core@20.1.6_@angul_3bf0992bb3b6a916346d7abb471ee6f3/node_modules/@angular/core/fesm2022/root_effect_scheduler.mjs:720:9)
      at R3Injector.hydrate (node_modules/.pnpm/@angular+core@20.1.6_@angul_3bf0992bb3b6a916346d7abb471ee6f3/node_modules/@angular/core/fesm2022/root_effect_scheduler.mjs:2152:21)
      at R3Injector.get (node_modules/.pnpm/@angular+core@20.1.6_@angul_3bf0992bb3b6a916346d7abb471ee6f3/node_modules/@angular/core/fesm2022/root_effect_scheduler.mjs:2007:33)
      at ChainedInjector.get (node_modules/.pnpm/@angular+core@20.1.6_@angul_3bf0992bb3b6a916346d7abb471ee6f3/node_modules/@angular/core/fesm2022/debug_node.mjs:12288:36)
      at lookupTokenUsingModuleInjector (node_modules/.pnpm/@angular+core@20.1.6_@angul_3bf0992bb3b6a916346d7abb471ee6f3/node_modules/@angular/core/fesm2022/debug_node.mjs:1718:39)
      at getOrCreateInjectable (node_modules/.pnpm/@angular+core@20.1.6_@angul_3bf0992bb3b6a916346d7abb471ee6f3/node_modules/@angular/core/fesm2022/debug_node.mjs:1766:12)
      at ɵɵdirectiveInject (node_modules/.pnpm/@angular+core@20.1.6_@angul_3bf0992bb3b6a916346d7abb471ee6f3/node_modules/@angular/core/fesm2022/debug_node.mjs:12339:19)
      at ɵɵinject (node_modules/.pnpm/@angular+core@20.1.6_@angul_3bf0992bb3b6a916346d7abb471ee6f3/node_modules/@angular/core/fesm2022/root_effect_scheduler.mjs:1032:42)
      at inject (node_modules/.pnpm/@angular+core@20.1.6_@angul_3bf0992bb3b6a916346d7abb471ee6f3/node_modules/@angular/core/fesm2022/root_effect_scheduler.mjs:1118:12)
      at GameInfoComponent.<instance_members_initializer> (src/app/features/game/components/game-board/game-info/game-info.ts:35:46)
      at new GameInfoComponent (src/app/features/game/components/game-board/game-info/game-info.ts:28:8)
      at NodeInjectorFactory.GameInfoComponent_Factory [as factory] (ng:\GameInfoComponent\ɵfac.js:5:10)
      at getNodeInjectable (node_modules/.pnpm/@angular+core@20.1.6_@angul_3bf0992bb3b6a916346d7abb471ee6f3/node_modules/@angular/core/fesm2022/debug_node.mjs:1989:44)
      at instantiateAllDirectives (node_modules/.pnpm/@angular+core@20.1.6_@angul_3bf0992bb3b6a916346d7abb471ee6f3/node_modules/@angular/core/fesm2022/debug_node.mjs:8176:27)
      at createDirectivesInstances (node_modules/.pnpm/@angular+core@20.1.6_@angul_3bf0992bb3b6a916346d7abb471ee6f3/node_modules/@angular/core/fesm2022/debug_node.mjs:7949:5)
      at ComponentFactory2.create (node_modules/.pnpm/@angular+core@20.1.6_@angul_3bf0992bb3b6a916346d7abb471ee6f3/node_modules/@angular/core/fesm2022/debug_node.mjs:13472:17)
      at initComponent (node_modules/.pnpm/@angular+core@20.1.6_@angul_3bf0992bb3b6a916346d7abb471ee6f3/node_modules/@angular/core/fesm2022/testing.mjs:2046:51)
      at _ZoneDelegate.invoke (node_modules/.pnpm/zone.js@0.15.1/node_modules/zone.js/bundles/zone.umd.js:410:32)
      at Object.onInvoke (node_modules/.pnpm/@angular+core@20.1.6_@angul_3bf0992bb3b6a916346d7abb471ee6f3/node_modules/@angular/core/fesm2022/debug_node.mjs:16672:33)
      at _ZoneDelegate.invoke (node_modules/.pnpm/zone.js@0.15.1/node_modules/zone.js/bundles/zone.umd.js:409:38)
      at ZoneImpl.run (node_modules/.pnpm/zone.js@0.15.1/node_modules/zone.js/bundles/zone.umd.js:145:47)
      at NgZone.run (node_modules/.pnpm/@angular+core@20.1.6_@angul_3bf0992bb3b6a916346d7abb471ee6f3/node_modules/@angular/core/fesm2022/debug_node.mjs:16518:28)
      at _TestBedImpl.createComponent (node_modules/.pnpm/@angular+core@20.1.6_@angul_3bf0992bb3b6a916346d7abb471ee6f3/node_modules/@angular/core/fesm2022/testing.mjs:2051:41)
      at Function.createComponent (node_modules/.pnpm/@angular+core@20.1.6_@angul_3bf0992bb3b6a916346d7abb471ee6f3/node_modules/@angular/core/fesm2022/testing.mjs:1838:37)
      at src/app/features/game/components/game-board/game-info/game-info.spec.ts:27:23

    console.error
      Error: Not implemented: HTMLMediaElement.prototype.load
          at module.exports (C:\Users\RaulM\Documents\_dev\virus\virus-frontend\node_modules\.pnpm\jsdom@26.1.0\node_modules\jsdom\lib\jsdom\browser\not-implemented.js:9:17)
          at HTMLAudioElementImpl.load (C:\Users\RaulM\Documents\_dev\virus\virus-frontend\node_modules\.pnpm\jsdom@26.1.0\node_modules\jsdom\lib\jsdom\living\nodes\HTMLMediaElement-impl.js:112:5)
          at HTMLAudioElement.load (C:\Users\RaulM\Documents\_dev\virus\virus-frontend\node_modules\.pnpm\jsdom@26.1.0\node_modules\jsdom\lib\jsdom\living\generated\HTMLMediaElement.js:109:34)
          at TimerSoundService.createAudio (C:\Users\RaulM\Documents\_dev\virus\virus-frontend\src\app\core\services\timer-sound.service.ts:58:11)
          at TimerSoundService.<instance_members_initializer> (C:\Users\RaulM\Documents\_dev\virus\virus-frontend\src\app\core\services\timer-sound.service.ts:11:19)
          at new TimerSoundService (C:\Users\RaulM\Documents\_dev\virus\virus-frontend\src\app\core\services\timer-sound.service.ts:6:8)
          at Object.TimerSoundService_Factory [as factory] (ng:///TimerSoundService/ɵfac.js:5:10)
          at C:\Users\RaulM\Documents\_dev\virus\virus-frontend\node_modules\.pnpm\@angular+core@20.1.6_@angul_3bf0992bb3b6a916346d7abb471ee6f3\node_modules\@angular\core\fesm2022\root_effect_scheduler.mjs:2154:47
          at runInInjectorProfilerContext (C:\Users\RaulM\Documents\_dev\virus\virus-frontend\node_modules\.pnpm\@angular+core@20.1.6_@angul_3bf0992bb3b6a916346d7abb471ee6f3\node_modules\@angular\core\fesm2022\root_effect_scheduler.mjs:720:9)
          at R3Injector.hydrate (C:\Users\RaulM\Documents\_dev\virus\virus-frontend\node_modules\.pnpm\@angular+core@20.1.6_@angul_3bf0992bb3b6a916346d7abb471ee6f3\node_modules\@angular\core\fesm2022\root_effect_scheduler.mjs:2152:21)
          at R3Injector.get (C:\Users\RaulM\Documents\_dev\virus\virus-frontend\node_modules\.pnpm\@angular+core@20.1.6_@angul_3bf0992bb3b6a916346d7abb471ee6f3\node_modules\@angular\core\fesm2022\root_effect_scheduler.mjs:2007:33)
          at ChainedInjector.get (C:\Users\RaulM\Documents\_dev\virus\virus-frontend\node_modules\.pnpm\@angular+core@20.1.6_@angul_3bf0992bb3b6a916346d7abb471ee6f3\node_modules\@angular\core\fesm2022\debug_node.mjs:12288:36)
          at lookupTokenUsingModuleInjector (C:\Users\RaulM\Documents\_dev\virus\virus-frontend\node_modules\.pnpm\@angular+core@20.1.6_@angul_3bf0992bb3b6a916346d7abb471ee6f3\node_modules\@angular\core\fesm2022\debug_node.mjs:1718:39)
          at getOrCreateInjectable (C:\Users\RaulM\Documents\_dev\virus\virus-frontend\node_modules\.pnpm\@angular+core@20.1.6_@angul_3bf0992bb3b6a916346d7abb471ee6f3\node_modules\@angular\core\fesm2022\debug_node.mjs:1766:12)
          at ɵɵdirectiveInject (C:\Users\RaulM\Documents\_dev\virus\virus-frontend\node_modules\.pnpm\@angular+core@20.1.6_@angul_3bf0992bb3b6a916346d7abb471ee6f3\node_modules\@angular\core\fesm2022\debug_node.mjs:12339:19)
          at ɵɵinject (C:\Users\RaulM\Documents\_dev\virus\virus-frontend\node_modules\.pnpm\@angular+core@20.1.6_@angul_3bf0992bb3b6a916346d7abb471ee6f3\node_modules\@angular\core\fesm2022\root_effect_scheduler.mjs:1032:42)
          at inject (C:\Users\RaulM\Documents\_dev\virus\virus-frontend\node_modules\.pnpm\@angular+core@20.1.6_@angul_3bf0992bb3b6a916346d7abb471ee6f3\node_modules\@angular\core\fesm2022\root_effect_scheduler.mjs:1118:12)
          at GameInfoComponent.<instance_members_initializer> (C:\Users\RaulM\Documents\_dev\virus\virus-frontend\src\app\features\game\components\game-board\game-info\game-info.ts:35:46)
          at new GameInfoComponent (C:\Users\RaulM\Documents\_dev\virus\virus-frontend\src\app\features\game\components\game-board\game-info\game-info.ts:28:8)
          at NodeInjectorFactory.GameInfoComponent_Factory [as factory] (ng:///GameInfoComponent/ɵfac.js:5:10)
          at getNodeInjectable (C:\Users\RaulM\Documents\_dev\virus\virus-frontend\node_modules\.pnpm\@angular+core@20.1.6_@angul_3bf0992bb3b6a916346d7abb471ee6f3\node_modules\@angular\core\fesm2022\debug_node.mjs:1989:44)
          at instantiateAllDirectives (C:\Users\RaulM\Documents\_dev\virus\virus-frontend\node_modules\.pnpm\@angular+core@20.1.6_@angul_3bf0992bb3b6a916346d7abb471ee6f3\node_modules\@angular\core\fesm2022\debug_node.mjs:8176:27)
          at createDirectivesInstances (C:\Users\RaulM\Documents\_dev\virus\virus-frontend\node_modules\.pnpm\@angular+core@20.1.6_@angul_3bf0992bb3b6a916346d7abb471ee6f3\node_modules\@angular\core\fesm2022\debug_node.mjs:7949:5)
          at ComponentFactory2.create (C:\Users\RaulM\Documents\_dev\virus\virus-frontend\node_modules\.pnpm\@angular+core@20.1.6_@angul_3bf0992bb3b6a916346d7abb471ee6f3\node_modules\@angular\core\fesm2022\debug_node.mjs:13472:17)
          at initComponent (C:\Users\RaulM\Documents\_dev\virus\virus-frontend\node_modules\.pnpm\@angular+core@20.1.6_@angul_3bf0992bb3b6a916346d7abb471ee6f3\node_modules\@angular\core\fesm2022\testing.mjs:2046:51)
          at _ZoneDelegate.invoke (C:\Users\RaulM\Documents\_dev\virus\virus-frontend\node_modules\.pnpm\zone.js@0.15.1\node_modules\zone.js\bundles\zone.umd.js:410:32)
          at Object.onInvoke (C:\Users\RaulM\Documents\_dev\virus\virus-frontend\node_modules\.pnpm\@angular+core@20.1.6_@angul_3bf0992bb3b6a916346d7abb471ee6f3\node_modules\@angular\core\fesm2022\debug_node.mjs:16672:33)
          at _ZoneDelegate.invoke (C:\Users\RaulM\Documents\_dev\virus\virus-frontend\node_modules\.pnpm\zone.js@0.15.1\node_modules\zone.js\bundles\zone.umd.js:409:38)
          at ZoneImpl.run (C:\Users\RaulM\Documents\_dev\virus\virus-frontend\node_modules\.pnpm\zone.js@0.15.1\node_modules\zone.js\bundles\zone.umd.js:145:47)
          at NgZone.run (C:\Users\RaulM\Documents\_dev\virus\virus-frontend\node_modules\.pnpm\@angular+core@20.1.6_@angul_3bf0992bb3b6a916346d7abb471ee6f3\node_modules\@angular\core\fesm2022\debug_node.mjs:16518:28)
          at _TestBedImpl.createComponent (C:\Users\RaulM\Documents\_dev\virus\virus-frontend\node_modules\.pnpm\@angular+core@20.1.6_@angul_3bf0992bb3b6a916346d7abb471ee6f3\node_modules\@angular\core\fesm2022\testing.mjs:2051:41)
          at Function.createComponent (C:\Users\RaulM\Documents\_dev\virus\virus-frontend\node_modules\.pnpm\@angular+core@20.1.6_@angul_3bf0992bb3b6a916346d7abb471ee6f3\node_modules\@angular\core\fesm2022\testing.mjs:1838:37)
          at C:\Users\RaulM\Documents\_dev\virus\virus-frontend\src\app\features\game\components\game-board\game-info\game-info.spec.ts:27:23
          at processTicksAndRejections (node:internal/process/task_queues:105:5) {
        type: 'not implemented'
      }

    [0m [90m 56 |[39m     [36mconst[39m audio [33m=[39m [36mnew[39m [33mAudio[39m(src)[33m;[39m
     [90m 57 |[39m     audio[33m.[39mpreload [33m=[39m [32m'auto'[39m[33m;[39m
    [31m[1m>[22m[39m[90m 58 |[39m     audio[33m.[39mload()[33m;[39m
     [90m    |[39m           [31m[1m^[22m[39m
     [90m 59 |[39m     [36mreturn[39m audio[33m;[39m
     [90m 60 |[39m   }
     [90m 61 |[39m }[0m

      at VirtualConsole.<anonymous> (node_modules/.pnpm/@jest+environment-jsdom-abstract@30.2.0_jsdom@26.1.0/node_modules/@jest/environment-jsdom-abstract/build/index.js:87:23)
      at module.exports (node_modules/.pnpm/jsdom@26.1.0/node_modules/jsdom/lib/jsdom/browser/not-implemented.js:12:26)
      at HTMLAudioElementImpl.load (node_modules/.pnpm/jsdom@26.1.0/node_modules/jsdom/lib/jsdom/living/nodes/HTMLMediaElement-impl.js:112:5)
      at HTMLAudioElement.load (node_modules/.pnpm/jsdom@26.1.0/node_modules/jsdom/lib/jsdom/living/generated/HTMLMediaElement.js:109:34)
      at TimerSoundService.createAudio (src/app/core/services/timer-sound.service.ts:58:11)
      at TimerSoundService.<instance_members_initializer> (src/app/core/services/timer-sound.service.ts:11:19)
      at new TimerSoundService (src/app/core/services/timer-sound.service.ts:6:8)
      at Object.TimerSoundService_Factory [as factory] (ng:\TimerSoundService\ɵfac.js:5:10)
      at node_modules/.pnpm/@angular+core@20.1.6_@angul_3bf0992bb3b6a916346d7abb471ee6f3/node_modules/@angular/core/fesm2022/root_effect_scheduler.mjs:2154:47
      at runInInjectorProfilerContext (node_modules/.pnpm/@angular+core@20.1.6_@angul_3bf0992bb3b6a916346d7abb471ee6f3/node_modules/@angular/core/fesm2022/root_effect_scheduler.mjs:720:9)
      at R3Injector.hydrate (node_modules/.pnpm/@angular+core@20.1.6_@angul_3bf0992bb3b6a916346d7abb471ee6f3/node_modules/@angular/core/fesm2022/root_effect_scheduler.mjs:2152:21)
      at R3Injector.get (node_modules/.pnpm/@angular+core@20.1.6_@angul_3bf0992bb3b6a916346d7abb471ee6f3/node_modules/@angular/core/fesm2022/root_effect_scheduler.mjs:2007:33)
      at ChainedInjector.get (node_modules/.pnpm/@angular+core@20.1.6_@angul_3bf0992bb3b6a916346d7abb471ee6f3/node_modules/@angular/core/fesm2022/debug_node.mjs:12288:36)
      at lookupTokenUsingModuleInjector (node_modules/.pnpm/@angular+core@20.1.6_@angul_3bf0992bb3b6a916346d7abb471ee6f3/node_modules/@angular/core/fesm2022/debug_node.mjs:1718:39)
      at getOrCreateInjectable (node_modules/.pnpm/@angular+core@20.1.6_@angul_3bf0992bb3b6a916346d7abb471ee6f3/node_modules/@angular/core/fesm2022/debug_node.mjs:1766:12)
      at ɵɵdirectiveInject (node_modules/.pnpm/@angular+core@20.1.6_@angul_3bf0992bb3b6a916346d7abb471ee6f3/node_modules/@angular/core/fesm2022/debug_node.mjs:12339:19)
      at ɵɵinject (node_modules/.pnpm/@angular+core@20.1.6_@angul_3bf0992bb3b6a916346d7abb471ee6f3/node_modules/@angular/core/fesm2022/root_effect_scheduler.mjs:1032:42)
      at inject (node_modules/.pnpm/@angular+core@20.1.6_@angul_3bf0992bb3b6a916346d7abb471ee6f3/node_modules/@angular/core/fesm2022/root_effect_scheduler.mjs:1118:12)
      at GameInfoComponent.<instance_members_initializer> (src/app/features/game/components/game-board/game-info/game-info.ts:35:46)
      at new GameInfoComponent (src/app/features/game/components/game-board/game-info/game-info.ts:28:8)
      at NodeInjectorFactory.GameInfoComponent_Factory [as factory] (ng:\GameInfoComponent\ɵfac.js:5:10)
      at getNodeInjectable (node_modules/.pnpm/@angular+core@20.1.6_@angul_3bf0992bb3b6a916346d7abb471ee6f3/node_modules/@angular/core/fesm2022/debug_node.mjs:1989:44)
      at instantiateAllDirectives (node_modules/.pnpm/@angular+core@20.1.6_@angul_3bf0992bb3b6a916346d7abb471ee6f3/node_modules/@angular/core/fesm2022/debug_node.mjs:8176:27)
      at createDirectivesInstances (node_modules/.pnpm/@angular+core@20.1.6_@angul_3bf0992bb3b6a916346d7abb471ee6f3/node_modules/@angular/core/fesm2022/debug_node.mjs:7949:5)
      at ComponentFactory2.create (node_modules/.pnpm/@angular+core@20.1.6_@angul_3bf0992bb3b6a916346d7abb471ee6f3/node_modules/@angular/core/fesm2022/debug_node.mjs:13472:17)
      at initComponent (node_modules/.pnpm/@angular+core@20.1.6_@angul_3bf0992bb3b6a916346d7abb471ee6f3/node_modules/@angular/core/fesm2022/testing.mjs:2046:51)
      at _ZoneDelegate.invoke (node_modules/.pnpm/zone.js@0.15.1/node_modules/zone.js/bundles/zone.umd.js:410:32)
      at Object.onInvoke (node_modules/.pnpm/@angular+core@20.1.6_@angul_3bf0992bb3b6a916346d7abb471ee6f3/node_modules/@angular/core/fesm2022/debug_node.mjs:16672:33)
      at _ZoneDelegate.invoke (node_modules/.pnpm/zone.js@0.15.1/node_modules/zone.js/bundles/zone.umd.js:409:38)
      at ZoneImpl.run (node_modules/.pnpm/zone.js@0.15.1/node_modules/zone.js/bundles/zone.umd.js:145:47)
      at NgZone.run (node_modules/.pnpm/@angular+core@20.1.6_@angul_3bf0992bb3b6a916346d7abb471ee6f3/node_modules/@angular/core/fesm2022/debug_node.mjs:16518:28)
      at _TestBedImpl.createComponent (node_modules/.pnpm/@angular+core@20.1.6_@angul_3bf0992bb3b6a916346d7abb471ee6f3/node_modules/@angular/core/fesm2022/testing.mjs:2051:41)
      at Function.createComponent (node_modules/.pnpm/@angular+core@20.1.6_@angul_3bf0992bb3b6a916346d7abb471ee6f3/node_modules/@angular/core/fesm2022/testing.mjs:1838:37)
      at src/app/features/game/components/game-board/game-info/game-info.spec.ts:27:23

    console.error
      Error: Not implemented: HTMLMediaElement.prototype.load
          at module.exports (C:\Users\RaulM\Documents\_dev\virus\virus-frontend\node_modules\.pnpm\jsdom@26.1.0\node_modules\jsdom\lib\jsdom\browser\not-implemented.js:9:17)
          at HTMLAudioElementImpl.load (C:\Users\RaulM\Documents\_dev\virus\virus-frontend\node_modules\.pnpm\jsdom@26.1.0\node_modules\jsdom\lib\jsdom\living\nodes\HTMLMediaElement-impl.js:112:5)
          at HTMLAudioElement.load (C:\Users\RaulM\Documents\_dev\virus\virus-frontend\node_modules\.pnpm\jsdom@26.1.0\node_modules\jsdom\lib\jsdom\living\generated\HTMLMediaElement.js:109:34)
          at TimerSoundService.createAudio (C:\Users\RaulM\Documents\_dev\virus\virus-frontend\src\app\core\services\timer-sound.service.ts:58:11)
          at TimerSoundService.<instance_members_initializer> (C:\Users\RaulM\Documents\_dev\virus\virus-frontend\src\app\core\services\timer-sound.service.ts:12:19)
          at new TimerSoundService (C:\Users\RaulM\Documents\_dev\virus\virus-frontend\src\app\core\services\timer-sound.service.ts:6:8)
          at Object.TimerSoundService_Factory [as factory] (ng:///TimerSoundService/ɵfac.js:5:10)
          at C:\Users\RaulM\Documents\_dev\virus\virus-frontend\node_modules\.pnpm\@angular+core@20.1.6_@angul_3bf0992bb3b6a916346d7abb471ee6f3\node_modules\@angular\core\fesm2022\root_effect_scheduler.mjs:2154:47
          at runInInjectorProfilerContext (C:\Users\RaulM\Documents\_dev\virus\virus-frontend\node_modules\.pnpm\@angular+core@20.1.6_@angul_3bf0992bb3b6a916346d7abb471ee6f3\node_modules\@angular\core\fesm2022\root_effect_scheduler.mjs:720:9)
          at R3Injector.hydrate (C:\Users\RaulM\Documents\_dev\virus\virus-frontend\node_modules\.pnpm\@angular+core@20.1.6_@angul_3bf0992bb3b6a916346d7abb471ee6f3\node_modules\@angular\core\fesm2022\root_effect_scheduler.mjs:2152:21)
          at R3Injector.get (C:\Users\RaulM\Documents\_dev\virus\virus-frontend\node_modules\.pnpm\@angular+core@20.1.6_@angul_3bf0992bb3b6a916346d7abb471ee6f3\node_modules\@angular\core\fesm2022\root_effect_scheduler.mjs:2007:33)
          at ChainedInjector.get (C:\Users\RaulM\Documents\_dev\virus\virus-frontend\node_modules\.pnpm\@angular+core@20.1.6_@angul_3bf0992bb3b6a916346d7abb471ee6f3\node_modules\@angular\core\fesm2022\debug_node.mjs:12288:36)
          at lookupTokenUsingModuleInjector (C:\Users\RaulM\Documents\_dev\virus\virus-frontend\node_modules\.pnpm\@angular+core@20.1.6_@angul_3bf0992bb3b6a916346d7abb471ee6f3\node_modules\@angular\core\fesm2022\debug_node.mjs:1718:39)
          at getOrCreateInjectable (C:\Users\RaulM\Documents\_dev\virus\virus-frontend\node_modules\.pnpm\@angular+core@20.1.6_@angul_3bf0992bb3b6a916346d7abb471ee6f3\node_modules\@angular\core\fesm2022\debug_node.mjs:1766:12)
          at ɵɵdirectiveInject (C:\Users\RaulM\Documents\_dev\virus\virus-frontend\node_modules\.pnpm\@angular+core@20.1.6_@angul_3bf0992bb3b6a916346d7abb471ee6f3\node_modules\@angular\core\fesm2022\debug_node.mjs:12339:19)
          at ɵɵinject (C:\Users\RaulM\Documents\_dev\virus\virus-frontend\node_modules\.pnpm\@angular+core@20.1.6_@angul_3bf0992bb3b6a916346d7abb471ee6f3\node_modules\@angular\core\fesm2022\root_effect_scheduler.mjs:1032:42)
          at inject (C:\Users\RaulM\Documents\_dev\virus\virus-frontend\node_modules\.pnpm\@angular+core@20.1.6_@angul_3bf0992bb3b6a916346d7abb471ee6f3\node_modules\@angular\core\fesm2022\root_effect_scheduler.mjs:1118:12)
          at GameInfoComponent.<instance_members_initializer> (C:\Users\RaulM\Documents\_dev\virus\virus-frontend\src\app\features\game\components\game-board\game-info\game-info.ts:35:46)
          at new GameInfoComponent (C:\Users\RaulM\Documents\_dev\virus\virus-frontend\src\app\features\game\components\game-board\game-info\game-info.ts:28:8)
          at NodeInjectorFactory.GameInfoComponent_Factory [as factory] (ng:///GameInfoComponent/ɵfac.js:5:10)
          at getNodeInjectable (C:\Users\RaulM\Documents\_dev\virus\virus-frontend\node_modules\.pnpm\@angular+core@20.1.6_@angul_3bf0992bb3b6a916346d7abb471ee6f3\node_modules\@angular\core\fesm2022\debug_node.mjs:1989:44)
          at instantiateAllDirectives (C:\Users\RaulM\Documents\_dev\virus\virus-frontend\node_modules\.pnpm\@angular+core@20.1.6_@angul_3bf0992bb3b6a916346d7abb471ee6f3\node_modules\@angular\core\fesm2022\debug_node.mjs:8176:27)
          at createDirectivesInstances (C:\Users\RaulM\Documents\_dev\virus\virus-frontend\node_modules\.pnpm\@angular+core@20.1.6_@angul_3bf0992bb3b6a916346d7abb471ee6f3\node_modules\@angular\core\fesm2022\debug_node.mjs:7949:5)
          at ComponentFactory2.create (C:\Users\RaulM\Documents\_dev\virus\virus-frontend\node_modules\.pnpm\@angular+core@20.1.6_@angul_3bf0992bb3b6a916346d7abb471ee6f3\node_modules\@angular\core\fesm2022\debug_node.mjs:13472:17)
          at initComponent (C:\Users\RaulM\Documents\_dev\virus\virus-frontend\node_modules\.pnpm\@angular+core@20.1.6_@angul_3bf0992bb3b6a916346d7abb471ee6f3\node_modules\@angular\core\fesm2022\testing.mjs:2046:51)
          at _ZoneDelegate.invoke (C:\Users\RaulM\Documents\_dev\virus\virus-frontend\node_modules\.pnpm\zone.js@0.15.1\node_modules\zone.js\bundles\zone.umd.js:410:32)
          at Object.onInvoke (C:\Users\RaulM\Documents\_dev\virus\virus-frontend\node_modules\.pnpm\@angular+core@20.1.6_@angul_3bf0992bb3b6a916346d7abb471ee6f3\node_modules\@angular\core\fesm2022\debug_node.mjs:16672:33)
          at _ZoneDelegate.invoke (C:\Users\RaulM\Documents\_dev\virus\virus-frontend\node_modules\.pnpm\zone.js@0.15.1\node_modules\zone.js\bundles\zone.umd.js:409:38)
          at ZoneImpl.run (C:\Users\RaulM\Documents\_dev\virus\virus-frontend\node_modules\.pnpm\zone.js@0.15.1\node_modules\zone.js\bundles\zone.umd.js:145:47)
          at NgZone.run (C:\Users\RaulM\Documents\_dev\virus\virus-frontend\node_modules\.pnpm\@angular+core@20.1.6_@angul_3bf0992bb3b6a916346d7abb471ee6f3\node_modules\@angular\core\fesm2022\debug_node.mjs:16518:28)
          at _TestBedImpl.createComponent (C:\Users\RaulM\Documents\_dev\virus\virus-frontend\node_modules\.pnpm\@angular+core@20.1.6_@angul_3bf0992bb3b6a916346d7abb471ee6f3\node_modules\@angular\core\fesm2022\testing.mjs:2051:41)
          at Function.createComponent (C:\Users\RaulM\Documents\_dev\virus\virus-frontend\node_modules\.pnpm\@angular+core@20.1.6_@angul_3bf0992bb3b6a916346d7abb471ee6f3\node_modules\@angular\core\fesm2022\testing.mjs:1838:37)
          at C:\Users\RaulM\Documents\_dev\virus\virus-frontend\src\app\features\game\components\game-board\game-info\game-info.spec.ts:27:23
          at processTicksAndRejections (node:internal/process/task_queues:105:5) {
        type: 'not implemented'
      }

    [0m [90m 56 |[39m     [36mconst[39m audio [33m=[39m [36mnew[39m [33mAudio[39m(src)[33m;[39m
     [90m 57 |[39m     audio[33m.[39mpreload [33m=[39m [32m'auto'[39m[33m;[39m
    [31m[1m>[22m[39m[90m 58 |[39m     audio[33m.[39mload()[33m;[39m
     [90m    |[39m           [31m[1m^[22m[39m
     [90m 59 |[39m     [36mreturn[39m audio[33m;[39m
     [90m 60 |[39m   }
     [90m 61 |[39m }[0m

      at VirtualConsole.<anonymous> (node_modules/.pnpm/@jest+environment-jsdom-abstract@30.2.0_jsdom@26.1.0/node_modules/@jest/environment-jsdom-abstract/build/index.js:87:23)
      at module.exports (node_modules/.pnpm/jsdom@26.1.0/node_modules/jsdom/lib/jsdom/browser/not-implemented.js:12:26)
      at HTMLAudioElementImpl.load (node_modules/.pnpm/jsdom@26.1.0/node_modules/jsdom/lib/jsdom/living/nodes/HTMLMediaElement-impl.js:112:5)
      at HTMLAudioElement.load (node_modules/.pnpm/jsdom@26.1.0/node_modules/jsdom/lib/jsdom/living/generated/HTMLMediaElement.js:109:34)
      at TimerSoundService.createAudio (src/app/core/services/timer-sound.service.ts:58:11)
      at TimerSoundService.<instance_members_initializer> (src/app/core/services/timer-sound.service.ts:12:19)
      at new TimerSoundService (src/app/core/services/timer-sound.service.ts:6:8)
      at Object.TimerSoundService_Factory [as factory] (ng:\TimerSoundService\ɵfac.js:5:10)
      at node_modules/.pnpm/@angular+core@20.1.6_@angul_3bf0992bb3b6a916346d7abb471ee6f3/node_modules/@angular/core/fesm2022/root_effect_scheduler.mjs:2154:47
      at runInInjectorProfilerContext (node_modules/.pnpm/@angular+core@20.1.6_@angul_3bf0992bb3b6a916346d7abb471ee6f3/node_modules/@angular/core/fesm2022/root_effect_scheduler.mjs:720:9)
      at R3Injector.hydrate (node_modules/.pnpm/@angular+core@20.1.6_@angul_3bf0992bb3b6a916346d7abb471ee6f3/node_modules/@angular/core/fesm2022/root_effect_scheduler.mjs:2152:21)
      at R3Injector.get (node_modules/.pnpm/@angular+core@20.1.6_@angul_3bf0992bb3b6a916346d7abb471ee6f3/node_modules/@angular/core/fesm2022/root_effect_scheduler.mjs:2007:33)
      at ChainedInjector.get (node_modules/.pnpm/@angular+core@20.1.6_@angul_3bf0992bb3b6a916346d7abb471ee6f3/node_modules/@angular/core/fesm2022/debug_node.mjs:12288:36)
      at lookupTokenUsingModuleInjector (node_modules/.pnpm/@angular+core@20.1.6_@angul_3bf0992bb3b6a916346d7abb471ee6f3/node_modules/@angular/core/fesm2022/debug_node.mjs:1718:39)
      at getOrCreateInjectable (node_modules/.pnpm/@angular+core@20.1.6_@angul_3bf0992bb3b6a916346d7abb471ee6f3/node_modules/@angular/core/fesm2022/debug_node.mjs:1766:12)
      at ɵɵdirectiveInject (node_modules/.pnpm/@angular+core@20.1.6_@angul_3bf0992bb3b6a916346d7abb471ee6f3/node_modules/@angular/core/fesm2022/debug_node.mjs:12339:19)
      at ɵɵinject (node_modules/.pnpm/@angular+core@20.1.6_@angul_3bf0992bb3b6a916346d7abb471ee6f3/node_modules/@angular/core/fesm2022/root_effect_scheduler.mjs:1032:42)
      at inject (node_modules/.pnpm/@angular+core@20.1.6_@angul_3bf0992bb3b6a916346d7abb471ee6f3/node_modules/@angular/core/fesm2022/root_effect_scheduler.mjs:1118:12)
      at GameInfoComponent.<instance_members_initializer> (src/app/features/game/components/game-board/game-info/game-info.ts:35:46)
      at new GameInfoComponent (src/app/features/game/components/game-board/game-info/game-info.ts:28:8)
      at NodeInjectorFactory.GameInfoComponent_Factory [as factory] (ng:\GameInfoComponent\ɵfac.js:5:10)
      at getNodeInjectable (node_modules/.pnpm/@angular+core@20.1.6_@angul_3bf0992bb3b6a916346d7abb471ee6f3/node_modules/@angular/core/fesm2022/debug_node.mjs:1989:44)
      at instantiateAllDirectives (node_modules/.pnpm/@angular+core@20.1.6_@angul_3bf0992bb3b6a916346d7abb471ee6f3/node_modules/@angular/core/fesm2022/debug_node.mjs:8176:27)
      at createDirectivesInstances (node_modules/.pnpm/@angular+core@20.1.6_@angul_3bf0992bb3b6a916346d7abb471ee6f3/node_modules/@angular/core/fesm2022/debug_node.mjs:7949:5)
      at ComponentFactory2.create (node_modules/.pnpm/@angular+core@20.1.6_@angul_3bf0992bb3b6a916346d7abb471ee6f3/node_modules/@angular/core/fesm2022/debug_node.mjs:13472:17)
      at initComponent (node_modules/.pnpm/@angular+core@20.1.6_@angul_3bf0992bb3b6a916346d7abb471ee6f3/node_modules/@angular/core/fesm2022/testing.mjs:2046:51)
      at _ZoneDelegate.invoke (node_modules/.pnpm/zone.js@0.15.1/node_modules/zone.js/bundles/zone.umd.js:410:32)
      at Object.onInvoke (node_modules/.pnpm/@angular+core@20.1.6_@angul_3bf0992bb3b6a916346d7abb471ee6f3/node_modules/@angular/core/fesm2022/debug_node.mjs:16672:33)
      at _ZoneDelegate.invoke (node_modules/.pnpm/zone.js@0.15.1/node_modules/zone.js/bundles/zone.umd.js:409:38)
      at ZoneImpl.run (node_modules/.pnpm/zone.js@0.15.1/node_modules/zone.js/bundles/zone.umd.js:145:47)
      at NgZone.run (node_modules/.pnpm/@angular+core@20.1.6_@angul_3bf0992bb3b6a916346d7abb471ee6f3/node_modules/@angular/core/fesm2022/debug_node.mjs:16518:28)
      at _TestBedImpl.createComponent (node_modules/.pnpm/@angular+core@20.1.6_@angul_3bf0992bb3b6a916346d7abb471ee6f3/node_modules/@angular/core/fesm2022/testing.mjs:2051:41)
      at Function.createComponent (node_modules/.pnpm/@angular+core@20.1.6_@angul_3bf0992bb3b6a916346d7abb471ee6f3/node_modules/@angular/core/fesm2022/testing.mjs:1838:37)
      at src/app/features/game/components/game-board/game-info/game-info.spec.ts:27:23

    console.error
      Error: Not implemented: HTMLMediaElement.prototype.load
          at module.exports (C:\Users\RaulM\Documents\_dev\virus\virus-frontend\node_modules\.pnpm\jsdom@26.1.0\node_modules\jsdom\lib\jsdom\browser\not-implemented.js:9:17)
          at HTMLAudioElementImpl.load (C:\Users\RaulM\Documents\_dev\virus\virus-frontend\node_modules\.pnpm\jsdom@26.1.0\node_modules\jsdom\lib\jsdom\living\nodes\HTMLMediaElement-impl.js:112:5)
          at HTMLAudioElement.load (C:\Users\RaulM\Documents\_dev\virus\virus-frontend\node_modules\.pnpm\jsdom@26.1.0\node_modules\jsdom\lib\jsdom\living\generated\HTMLMediaElement.js:109:34)
          at TimerSoundService.createAudio (C:\Users\RaulM\Documents\_dev\virus\virus-frontend\src\app\core\services\timer-sound.service.ts:58:11)
          at TimerSoundService.<instance_members_initializer> (C:\Users\RaulM\Documents\_dev\virus\virus-frontend\src\app\core\services\timer-sound.service.ts:13:20)
          at new TimerSoundService (C:\Users\RaulM\Documents\_dev\virus\virus-frontend\src\app\core\services\timer-sound.service.ts:6:8)
          at Object.TimerSoundService_Factory [as factory] (ng:///TimerSoundService/ɵfac.js:5:10)
          at C:\Users\RaulM\Documents\_dev\virus\virus-frontend\node_modules\.pnpm\@angular+core@20.1.6_@angul_3bf0992bb3b6a916346d7abb471ee6f3\node_modules\@angular\core\fesm2022\root_effect_scheduler.mjs:2154:47
          at runInInjectorProfilerContext (C:\Users\RaulM\Documents\_dev\virus\virus-frontend\node_modules\.pnpm\@angular+core@20.1.6_@angul_3bf0992bb3b6a916346d7abb471ee6f3\node_modules\@angular\core\fesm2022\root_effect_scheduler.mjs:720:9)
          at R3Injector.hydrate (C:\Users\RaulM\Documents\_dev\virus\virus-frontend\node_modules\.pnpm\@angular+core@20.1.6_@angul_3bf0992bb3b6a916346d7abb471ee6f3\node_modules\@angular\core\fesm2022\root_effect_scheduler.mjs:2152:21)
          at R3Injector.get (C:\Users\RaulM\Documents\_dev\virus\virus-frontend\node_modules\.pnpm\@angular+core@20.1.6_@angul_3bf0992bb3b6a916346d7abb471ee6f3\node_modules\@angular\core\fesm2022\root_effect_scheduler.mjs:2007:33)
          at ChainedInjector.get (C:\Users\RaulM\Documents\_dev\virus\virus-frontend\node_modules\.pnpm\@angular+core@20.1.6_@angul_3bf0992bb3b6a916346d7abb471ee6f3\node_modules\@angular\core\fesm2022\debug_node.mjs:12288:36)
          at lookupTokenUsingModuleInjector (C:\Users\RaulM\Documents\_dev\virus\virus-frontend\node_modules\.pnpm\@angular+core@20.1.6_@angul_3bf0992bb3b6a916346d7abb471ee6f3\node_modules\@angular\core\fesm2022\debug_node.mjs:1718:39)
          at getOrCreateInjectable (C:\Users\RaulM\Documents\_dev\virus\virus-frontend\node_modules\.pnpm\@angular+core@20.1.6_@angul_3bf0992bb3b6a916346d7abb471ee6f3\node_modules\@angular\core\fesm2022\debug_node.mjs:1766:12)
          at ɵɵdirectiveInject (C:\Users\RaulM\Documents\_dev\virus\virus-frontend\node_modules\.pnpm\@angular+core@20.1.6_@angul_3bf0992bb3b6a916346d7abb471ee6f3\node_modules\@angular\core\fesm2022\debug_node.mjs:12339:19)
          at ɵɵinject (C:\Users\RaulM\Documents\_dev\virus\virus-frontend\node_modules\.pnpm\@angular+core@20.1.6_@angul_3bf0992bb3b6a916346d7abb471ee6f3\node_modules\@angular\core\fesm2022\root_effect_scheduler.mjs:1032:42)
          at inject (C:\Users\RaulM\Documents\_dev\virus\virus-frontend\node_modules\.pnpm\@angular+core@20.1.6_@angul_3bf0992bb3b6a916346d7abb471ee6f3\node_modules\@angular\core\fesm2022\root_effect_scheduler.mjs:1118:12)
          at GameInfoComponent.<instance_members_initializer> (C:\Users\RaulM\Documents\_dev\virus\virus-frontend\src\app\features\game\components\game-board\game-info\game-info.ts:35:46)
          at new GameInfoComponent (C:\Users\RaulM\Documents\_dev\virus\virus-frontend\src\app\features\game\components\game-board\game-info\game-info.ts:28:8)
          at NodeInjectorFactory.GameInfoComponent_Factory [as factory] (ng:///GameInfoComponent/ɵfac.js:5:10)
          at getNodeInjectable (C:\Users\RaulM\Documents\_dev\virus\virus-frontend\node_modules\.pnpm\@angular+core@20.1.6_@angul_3bf0992bb3b6a916346d7abb471ee6f3\node_modules\@angular\core\fesm2022\debug_node.mjs:1989:44)
          at instantiateAllDirectives (C:\Users\RaulM\Documents\_dev\virus\virus-frontend\node_modules\.pnpm\@angular+core@20.1.6_@angul_3bf0992bb3b6a916346d7abb471ee6f3\node_modules\@angular\core\fesm2022\debug_node.mjs:8176:27)
          at createDirectivesInstances (C:\Users\RaulM\Documents\_dev\virus\virus-frontend\node_modules\.pnpm\@angular+core@20.1.6_@angul_3bf0992bb3b6a916346d7abb471ee6f3\node_modules\@angular\core\fesm2022\debug_node.mjs:7949:5)
          at ComponentFactory2.create (C:\Users\RaulM\Documents\_dev\virus\virus-frontend\node_modules\.pnpm\@angular+core@20.1.6_@angul_3bf0992bb3b6a916346d7abb471ee6f3\node_modules\@angular\core\fesm2022\debug_node.mjs:13472:17)
          at initComponent (C:\Users\RaulM\Documents\_dev\virus\virus-frontend\node_modules\.pnpm\@angular+core@20.1.6_@angul_3bf0992bb3b6a916346d7abb471ee6f3\node_modules\@angular\core\fesm2022\testing.mjs:2046:51)
          at _ZoneDelegate.invoke (C:\Users\RaulM\Documents\_dev\virus\virus-frontend\node_modules\.pnpm\zone.js@0.15.1\node_modules\zone.js\bundles\zone.umd.js:410:32)
          at Object.onInvoke (C:\Users\RaulM\Documents\_dev\virus\virus-frontend\node_modules\.pnpm\@angular+core@20.1.6_@angul_3bf0992bb3b6a916346d7abb471ee6f3\node_modules\@angular\core\fesm2022\debug_node.mjs:16672:33)
          at _ZoneDelegate.invoke (C:\Users\RaulM\Documents\_dev\virus\virus-frontend\node_modules\.pnpm\zone.js@0.15.1\node_modules\zone.js\bundles\zone.umd.js:409:38)
          at ZoneImpl.run (C:\Users\RaulM\Documents\_dev\virus\virus-frontend\node_modules\.pnpm\zone.js@0.15.1\node_modules\zone.js\bundles\zone.umd.js:145:47)
          at NgZone.run (C:\Users\RaulM\Documents\_dev\virus\virus-frontend\node_modules\.pnpm\@angular+core@20.1.6_@angul_3bf0992bb3b6a916346d7abb471ee6f3\node_modules\@angular\core\fesm2022\debug_node.mjs:16518:28)
          at _TestBedImpl.createComponent (C:\Users\RaulM\Documents\_dev\virus\virus-frontend\node_modules\.pnpm\@angular+core@20.1.6_@angul_3bf0992bb3b6a916346d7abb471ee6f3\node_modules\@angular\core\fesm2022\testing.mjs:2051:41)
          at Function.createComponent (C:\Users\RaulM\Documents\_dev\virus\virus-frontend\node_modules\.pnpm\@angular+core@20.1.6_@angul_3bf0992bb3b6a916346d7abb471ee6f3\node_modules\@angular\core\fesm2022\testing.mjs:1838:37)
          at C:\Users\RaulM\Documents\_dev\virus\virus-frontend\src\app\features\game\components\game-board\game-info\game-info.spec.ts:27:23
          at processTicksAndRejections (node:internal/process/task_queues:105:5) {
        type: 'not implemented'
      }

    [0m [90m 56 |[39m     [36mconst[39m audio [33m=[39m [36mnew[39m [33mAudio[39m(src)[33m;[39m
     [90m 57 |[39m     audio[33m.[39mpreload [33m=[39m [32m'auto'[39m[33m;[39m
    [31m[1m>[22m[39m[90m 58 |[39m     audio[33m.[39mload()[33m;[39m
     [90m    |[39m           [31m[1m^[22m[39m
     [90m 59 |[39m     [36mreturn[39m audio[33m;[39m
     [90m 60 |[39m   }
     [90m 61 |[39m }[0m

      at VirtualConsole.<anonymous> (node_modules/.pnpm/@jest+environment-jsdom-abstract@30.2.0_jsdom@26.1.0/node_modules/@jest/environment-jsdom-abstract/build/index.js:87:23)
      at module.exports (node_modules/.pnpm/jsdom@26.1.0/node_modules/jsdom/lib/jsdom/browser/not-implemented.js:12:26)
      at HTMLAudioElementImpl.load (node_modules/.pnpm/jsdom@26.1.0/node_modules/jsdom/lib/jsdom/living/nodes/HTMLMediaElement-impl.js:112:5)
      at HTMLAudioElement.load (node_modules/.pnpm/jsdom@26.1.0/node_modules/jsdom/lib/jsdom/living/generated/HTMLMediaElement.js:109:34)
      at TimerSoundService.createAudio (src/app/core/services/timer-sound.service.ts:58:11)
      at TimerSoundService.<instance_members_initializer> (src/app/core/services/timer-sound.service.ts:13:20)
      at new TimerSoundService (src/app/core/services/timer-sound.service.ts:6:8)
      at Object.TimerSoundService_Factory [as factory] (ng:\TimerSoundService\ɵfac.js:5:10)
      at node_modules/.pnpm/@angular+core@20.1.6_@angul_3bf0992bb3b6a916346d7abb471ee6f3/node_modules/@angular/core/fesm2022/root_effect_scheduler.mjs:2154:47
      at runInInjectorProfilerContext (node_modules/.pnpm/@angular+core@20.1.6_@angul_3bf0992bb3b6a916346d7abb471ee6f3/node_modules/@angular/core/fesm2022/root_effect_scheduler.mjs:720:9)
      at R3Injector.hydrate (node_modules/.pnpm/@angular+core@20.1.6_@angul_3bf0992bb3b6a916346d7abb471ee6f3/node_modules/@angular/core/fesm2022/root_effect_scheduler.mjs:2152:21)
      at R3Injector.get (node_modules/.pnpm/@angular+core@20.1.6_@angul_3bf0992bb3b6a916346d7abb471ee6f3/node_modules/@angular/core/fesm2022/root_effect_scheduler.mjs:2007:33)
      at ChainedInjector.get (node_modules/.pnpm/@angular+core@20.1.6_@angul_3bf0992bb3b6a916346d7abb471ee6f3/node_modules/@angular/core/fesm2022/debug_node.mjs:12288:36)
      at lookupTokenUsingModuleInjector (node_modules/.pnpm/@angular+core@20.1.6_@angul_3bf0992bb3b6a916346d7abb471ee6f3/node_modules/@angular/core/fesm2022/debug_node.mjs:1718:39)
      at getOrCreateInjectable (node_modules/.pnpm/@angular+core@20.1.6_@angul_3bf0992bb3b6a916346d7abb471ee6f3/node_modules/@angular/core/fesm2022/debug_node.mjs:1766:12)
      at ɵɵdirectiveInject (node_modules/.pnpm/@angular+core@20.1.6_@angul_3bf0992bb3b6a916346d7abb471ee6f3/node_modules/@angular/core/fesm2022/debug_node.mjs:12339:19)
      at ɵɵinject (node_modules/.pnpm/@angular+core@20.1.6_@angul_3bf0992bb3b6a916346d7abb471ee6f3/node_modules/@angular/core/fesm2022/root_effect_scheduler.mjs:1032:42)
      at inject (node_modules/.pnpm/@angular+core@20.1.6_@angul_3bf0992bb3b6a916346d7abb471ee6f3/node_modules/@angular/core/fesm2022/root_effect_scheduler.mjs:1118:12)
      at GameInfoComponent.<instance_members_initializer> (src/app/features/game/components/game-board/game-info/game-info.ts:35:46)
      at new GameInfoComponent (src/app/features/game/components/game-board/game-info/game-info.ts:28:8)
      at NodeInjectorFactory.GameInfoComponent_Factory [as factory] (ng:\GameInfoComponent\ɵfac.js:5:10)
      at getNodeInjectable (node_modules/.pnpm/@angular+core@20.1.6_@angul_3bf0992bb3b6a916346d7abb471ee6f3/node_modules/@angular/core/fesm2022/debug_node.mjs:1989:44)
      at instantiateAllDirectives (node_modules/.pnpm/@angular+core@20.1.6_@angul_3bf0992bb3b6a916346d7abb471ee6f3/node_modules/@angular/core/fesm2022/debug_node.mjs:8176:27)
      at createDirectivesInstances (node_modules/.pnpm/@angular+core@20.1.6_@angul_3bf0992bb3b6a916346d7abb471ee6f3/node_modules/@angular/core/fesm2022/debug_node.mjs:7949:5)
      at ComponentFactory2.create (node_modules/.pnpm/@angular+core@20.1.6_@angul_3bf0992bb3b6a916346d7abb471ee6f3/node_modules/@angular/core/fesm2022/debug_node.mjs:13472:17)
      at initComponent (node_modules/.pnpm/@angular+core@20.1.6_@angul_3bf0992bb3b6a916346d7abb471ee6f3/node_modules/@angular/core/fesm2022/testing.mjs:2046:51)
      at _ZoneDelegate.invoke (node_modules/.pnpm/zone.js@0.15.1/node_modules/zone.js/bundles/zone.umd.js:410:32)
      at Object.onInvoke (node_modules/.pnpm/@angular+core@20.1.6_@angul_3bf0992bb3b6a916346d7abb471ee6f3/node_modules/@angular/core/fesm2022/debug_node.mjs:16672:33)
      at _ZoneDelegate.invoke (node_modules/.pnpm/zone.js@0.15.1/node_modules/zone.js/bundles/zone.umd.js:409:38)
      at ZoneImpl.run (node_modules/.pnpm/zone.js@0.15.1/node_modules/zone.js/bundles/zone.umd.js:145:47)
      at NgZone.run (node_modules/.pnpm/@angular+core@20.1.6_@angul_3bf0992bb3b6a916346d7abb471ee6f3/node_modules/@angular/core/fesm2022/debug_node.mjs:16518:28)
      at _TestBedImpl.createComponent (node_modules/.pnpm/@angular+core@20.1.6_@angul_3bf0992bb3b6a916346d7abb471ee6f3/node_modules/@angular/core/fesm2022/testing.mjs:2051:41)
      at Function.createComponent (node_modules/.pnpm/@angular+core@20.1.6_@angul_3bf0992bb3b6a916346d7abb471ee6f3/node_modules/@angular/core/fesm2022/testing.mjs:1838:37)
      at src/app/features/game/components/game-board/game-info/game-info.spec.ts:27:23

    console.error
      Error: Not implemented: HTMLMediaElement.prototype.load
          at module.exports (C:\Users\RaulM\Documents\_dev\virus\virus-frontend\node_modules\.pnpm\jsdom@26.1.0\node_modules\jsdom\lib\jsdom\browser\not-implemented.js:9:17)
          at HTMLAudioElementImpl.load (C:\Users\RaulM\Documents\_dev\virus\virus-frontend\node_modules\.pnpm\jsdom@26.1.0\node_modules\jsdom\lib\jsdom\living\nodes\HTMLMediaElement-impl.js:112:5)
          at HTMLAudioElement.load (C:\Users\RaulM\Documents\_dev\virus\virus-frontend\node_modules\.pnpm\jsdom@26.1.0\node_modules\jsdom\lib\jsdom\living\generated\HTMLMediaElement.js:109:34)
          at TimerSoundService.createAudio (C:\Users\RaulM\Documents\_dev\virus\virus-frontend\src\app\core\services\timer-sound.service.ts:58:11)
          at TimerSoundService.<instance_members_initializer> (C:\Users\RaulM\Documents\_dev\virus\virus-frontend\src\app\core\services\timer-sound.service.ts:16:42)
          at new TimerSoundService (C:\Users\RaulM\Documents\_dev\virus\virus-frontend\src\app\core\services\timer-sound.service.ts:6:8)
          at Object.TimerSoundService_Factory [as factory] (ng:///TimerSoundService/ɵfac.js:5:10)
          at C:\Users\RaulM\Documents\_dev\virus\virus-frontend\node_modules\.pnpm\@angular+core@20.1.6_@angul_3bf0992bb3b6a916346d7abb471ee6f3\node_modules\@angular\core\fesm2022\root_effect_scheduler.mjs:2154:47
          at runInInjectorProfilerContext (C:\Users\RaulM\Documents\_dev\virus\virus-frontend\node_modules\.pnpm\@angular+core@20.1.6_@angul_3bf0992bb3b6a916346d7abb471ee6f3\node_modules\@angular\core\fesm2022\root_effect_scheduler.mjs:720:9)
          at R3Injector.hydrate (C:\Users\RaulM\Documents\_dev\virus\virus-frontend\node_modules\.pnpm\@angular+core@20.1.6_@angul_3bf0992bb3b6a916346d7abb471ee6f3\node_modules\@angular\core\fesm2022\root_effect_scheduler.mjs:2152:21)
          at R3Injector.get (C:\Users\RaulM\Documents\_dev\virus\virus-frontend\node_modules\.pnpm\@angular+core@20.1.6_@angul_3bf0992bb3b6a916346d7abb471ee6f3\node_modules\@angular\core\fesm2022\root_effect_scheduler.mjs:2007:33)
          at ChainedInjector.get (C:\Users\RaulM\Documents\_dev\virus\virus-frontend\node_modules\.pnpm\@angular+core@20.1.6_@angul_3bf0992bb3b6a916346d7abb471ee6f3\node_modules\@angular\core\fesm2022\debug_node.mjs:12288:36)
          at lookupTokenUsingModuleInjector (C:\Users\RaulM\Documents\_dev\virus\virus-frontend\node_modules\.pnpm\@angular+core@20.1.6_@angul_3bf0992bb3b6a916346d7abb471ee6f3\node_modules\@angular\core\fesm2022\debug_node.mjs:1718:39)
          at getOrCreateInjectable (C:\Users\RaulM\Documents\_dev\virus\virus-frontend\node_modules\.pnpm\@angular+core@20.1.6_@angul_3bf0992bb3b6a916346d7abb471ee6f3\node_modules\@angular\core\fesm2022\debug_node.mjs:1766:12)
          at ɵɵdirectiveInject (C:\Users\RaulM\Documents\_dev\virus\virus-frontend\node_modules\.pnpm\@angular+core@20.1.6_@angul_3bf0992bb3b6a916346d7abb471ee6f3\node_modules\@angular\core\fesm2022\debug_node.mjs:12339:19)
          at ɵɵinject (C:\Users\RaulM\Documents\_dev\virus\virus-frontend\node_modules\.pnpm\@angular+core@20.1.6_@angul_3bf0992bb3b6a916346d7abb471ee6f3\node_modules\@angular\core\fesm2022\root_effect_scheduler.mjs:1032:42)
          at inject (C:\Users\RaulM\Documents\_dev\virus\virus-frontend\node_modules\.pnpm\@angular+core@20.1.6_@angul_3bf0992bb3b6a916346d7abb471ee6f3\node_modules\@angular\core\fesm2022\root_effect_scheduler.mjs:1118:12)
          at GameInfoComponent.<instance_members_initializer> (C:\Users\RaulM\Documents\_dev\virus\virus-frontend\src\app\features\game\components\game-board\game-info\game-info.ts:35:46)
          at new GameInfoComponent (C:\Users\RaulM\Documents\_dev\virus\virus-frontend\src\app\features\game\components\game-board\game-info\game-info.ts:28:8)
          at NodeInjectorFactory.GameInfoComponent_Factory [as factory] (ng:///GameInfoComponent/ɵfac.js:5:10)
          at getNodeInjectable (C:\Users\RaulM\Documents\_dev\virus\virus-frontend\node_modules\.pnpm\@angular+core@20.1.6_@angul_3bf0992bb3b6a916346d7abb471ee6f3\node_modules\@angular\core\fesm2022\debug_node.mjs:1989:44)
          at instantiateAllDirectives (C:\Users\RaulM\Documents\_dev\virus\virus-frontend\node_modules\.pnpm\@angular+core@20.1.6_@angul_3bf0992bb3b6a916346d7abb471ee6f3\node_modules\@angular\core\fesm2022\debug_node.mjs:8176:27)
          at createDirectivesInstances (C:\Users\RaulM\Documents\_dev\virus\virus-frontend\node_modules\.pnpm\@angular+core@20.1.6_@angul_3bf0992bb3b6a916346d7abb471ee6f3\node_modules\@angular\core\fesm2022\debug_node.mjs:7949:5)
          at ComponentFactory2.create (C:\Users\RaulM\Documents\_dev\virus\virus-frontend\node_modules\.pnpm\@angular+core@20.1.6_@angul_3bf0992bb3b6a916346d7abb471ee6f3\node_modules\@angular\core\fesm2022\debug_node.mjs:13472:17)
          at initComponent (C:\Users\RaulM\Documents\_dev\virus\virus-frontend\node_modules\.pnpm\@angular+core@20.1.6_@angul_3bf0992bb3b6a916346d7abb471ee6f3\node_modules\@angular\core\fesm2022\testing.mjs:2046:51)
          at _ZoneDelegate.invoke (C:\Users\RaulM\Documents\_dev\virus\virus-frontend\node_modules\.pnpm\zone.js@0.15.1\node_modules\zone.js\bundles\zone.umd.js:410:32)
          at Object.onInvoke (C:\Users\RaulM\Documents\_dev\virus\virus-frontend\node_modules\.pnpm\@angular+core@20.1.6_@angul_3bf0992bb3b6a916346d7abb471ee6f3\node_modules\@angular\core\fesm2022\debug_node.mjs:16672:33)
          at _ZoneDelegate.invoke (C:\Users\RaulM\Documents\_dev\virus\virus-frontend\node_modules\.pnpm\zone.js@0.15.1\node_modules\zone.js\bundles\zone.umd.js:409:38)
          at ZoneImpl.run (C:\Users\RaulM\Documents\_dev\virus\virus-frontend\node_modules\.pnpm\zone.js@0.15.1\node_modules\zone.js\bundles\zone.umd.js:145:47)
          at NgZone.run (C:\Users\RaulM\Documents\_dev\virus\virus-frontend\node_modules\.pnpm\@angular+core@20.1.6_@angul_3bf0992bb3b6a916346d7abb471ee6f3\node_modules\@angular\core\fesm2022\debug_node.mjs:16518:28)
          at _TestBedImpl.createComponent (C:\Users\RaulM\Documents\_dev\virus\virus-frontend\node_modules\.pnpm\@angular+core@20.1.6_@angul_3bf0992bb3b6a916346d7abb471ee6f3\node_modules\@angular\core\fesm2022\testing.mjs:2051:41)
          at Function.createComponent (C:\Users\RaulM\Documents\_dev\virus\virus-frontend\node_modules\.pnpm\@angular+core@20.1.6_@angul_3bf0992bb3b6a916346d7abb471ee6f3\node_modules\@angular\core\fesm2022\testing.mjs:1838:37)
          at C:\Users\RaulM\Documents\_dev\virus\virus-frontend\src\app\features\game\components\game-board\game-info\game-info.spec.ts:27:23
          at processTicksAndRejections (node:internal/process/task_queues:105:5) {
        type: 'not implemented'
      }

    [0m [90m 56 |[39m     [36mconst[39m audio [33m=[39m [36mnew[39m [33mAudio[39m(src)[33m;[39m
     [90m 57 |[39m     audio[33m.[39mpreload [33m=[39m [32m'auto'[39m[33m;[39m
    [31m[1m>[22m[39m[90m 58 |[39m     audio[33m.[39mload()[33m;[39m
     [90m    |[39m           [31m[1m^[22m[39m
     [90m 59 |[39m     [36mreturn[39m audio[33m;[39m
     [90m 60 |[39m   }
     [90m 61 |[39m }[0m

      at VirtualConsole.<anonymous> (node_modules/.pnpm/@jest+environment-jsdom-abstract@30.2.0_jsdom@26.1.0/node_modules/@jest/environment-jsdom-abstract/build/index.js:87:23)
      at module.exports (node_modules/.pnpm/jsdom@26.1.0/node_modules/jsdom/lib/jsdom/browser/not-implemented.js:12:26)
      at HTMLAudioElementImpl.load (node_modules/.pnpm/jsdom@26.1.0/node_modules/jsdom/lib/jsdom/living/nodes/HTMLMediaElement-impl.js:112:5)
      at HTMLAudioElement.load (node_modules/.pnpm/jsdom@26.1.0/node_modules/jsdom/lib/jsdom/living/generated/HTMLMediaElement.js:109:34)
      at TimerSoundService.createAudio (src/app/core/services/timer-sound.service.ts:58:11)
      at TimerSoundService.<instance_members_initializer> (src/app/core/services/timer-sound.service.ts:16:42)
      at new TimerSoundService (src/app/core/services/timer-sound.service.ts:6:8)
      at Object.TimerSoundService_Factory [as factory] (ng:\TimerSoundService\ɵfac.js:5:10)
      at node_modules/.pnpm/@angular+core@20.1.6_@angul_3bf0992bb3b6a916346d7abb471ee6f3/node_modules/@angular/core/fesm2022/root_effect_scheduler.mjs:2154:47
      at runInInjectorProfilerContext (node_modules/.pnpm/@angular+core@20.1.6_@angul_3bf0992bb3b6a916346d7abb471ee6f3/node_modules/@angular/core/fesm2022/root_effect_scheduler.mjs:720:9)
      at R3Injector.hydrate (node_modules/.pnpm/@angular+core@20.1.6_@angul_3bf0992bb3b6a916346d7abb471ee6f3/node_modules/@angular/core/fesm2022/root_effect_scheduler.mjs:2152:21)
      at R3Injector.get (node_modules/.pnpm/@angular+core@20.1.6_@angul_3bf0992bb3b6a916346d7abb471ee6f3/node_modules/@angular/core/fesm2022/root_effect_scheduler.mjs:2007:33)
      at ChainedInjector.get (node_modules/.pnpm/@angular+core@20.1.6_@angul_3bf0992bb3b6a916346d7abb471ee6f3/node_modules/@angular/core/fesm2022/debug_node.mjs:12288:36)
      at lookupTokenUsingModuleInjector (node_modules/.pnpm/@angular+core@20.1.6_@angul_3bf0992bb3b6a916346d7abb471ee6f3/node_modules/@angular/core/fesm2022/debug_node.mjs:1718:39)
      at getOrCreateInjectable (node_modules/.pnpm/@angular+core@20.1.6_@angul_3bf0992bb3b6a916346d7abb471ee6f3/node_modules/@angular/core/fesm2022/debug_node.mjs:1766:12)
      at ɵɵdirectiveInject (node_modules/.pnpm/@angular+core@20.1.6_@angul_3bf0992bb3b6a916346d7abb471ee6f3/node_modules/@angular/core/fesm2022/debug_node.mjs:12339:19)
      at ɵɵinject (node_modules/.pnpm/@angular+core@20.1.6_@angul_3bf0992bb3b6a916346d7abb471ee6f3/node_modules/@angular/core/fesm2022/root_effect_scheduler.mjs:1032:42)
      at inject (node_modules/.pnpm/@angular+core@20.1.6_@angul_3bf0992bb3b6a916346d7abb471ee6f3/node_modules/@angular/core/fesm2022/root_effect_scheduler.mjs:1118:12)
      at GameInfoComponent.<instance_members_initializer> (src/app/features/game/components/game-board/game-info/game-info.ts:35:46)
      at new GameInfoComponent (src/app/features/game/components/game-board/game-info/game-info.ts:28:8)
      at NodeInjectorFactory.GameInfoComponent_Factory [as factory] (ng:\GameInfoComponent\ɵfac.js:5:10)
      at getNodeInjectable (node_modules/.pnpm/@angular+core@20.1.6_@angul_3bf0992bb3b6a916346d7abb471ee6f3/node_modules/@angular/core/fesm2022/debug_node.mjs:1989:44)
      at instantiateAllDirectives (node_modules/.pnpm/@angular+core@20.1.6_@angul_3bf0992bb3b6a916346d7abb471ee6f3/node_modules/@angular/core/fesm2022/debug_node.mjs:8176:27)
      at createDirectivesInstances (node_modules/.pnpm/@angular+core@20.1.6_@angul_3bf0992bb3b6a916346d7abb471ee6f3/node_modules/@angular/core/fesm2022/debug_node.mjs:7949:5)
      at ComponentFactory2.create (node_modules/.pnpm/@angular+core@20.1.6_@angul_3bf0992bb3b6a916346d7abb471ee6f3/node_modules/@angular/core/fesm2022/debug_node.mjs:13472:17)
      at initComponent (node_modules/.pnpm/@angular+core@20.1.6_@angul_3bf0992bb3b6a916346d7abb471ee6f3/node_modules/@angular/core/fesm2022/testing.mjs:2046:51)
      at _ZoneDelegate.invoke (node_modules/.pnpm/zone.js@0.15.1/node_modules/zone.js/bundles/zone.umd.js:410:32)
      at Object.onInvoke (node_modules/.pnpm/@angular+core@20.1.6_@angul_3bf0992bb3b6a916346d7abb471ee6f3/node_modules/@angular/core/fesm2022/debug_node.mjs:16672:33)
      at _ZoneDelegate.invoke (node_modules/.pnpm/zone.js@0.15.1/node_modules/zone.js/bundles/zone.umd.js:409:38)
      at ZoneImpl.run (node_modules/.pnpm/zone.js@0.15.1/node_modules/zone.js/bundles/zone.umd.js:145:47)
      at NgZone.run (node_modules/.pnpm/@angular+core@20.1.6_@angul_3bf0992bb3b6a916346d7abb471ee6f3/node_modules/@angular/core/fesm2022/debug_node.mjs:16518:28)
      at _TestBedImpl.createComponent (node_modules/.pnpm/@angular+core@20.1.6_@angul_3bf0992bb3b6a916346d7abb471ee6f3/node_modules/@angular/core/fesm2022/testing.mjs:2051:41)
      at Function.createComponent (node_modules/.pnpm/@angular+core@20.1.6_@angul_3bf0992bb3b6a916346d7abb471ee6f3/node_modules/@angular/core/fesm2022/testing.mjs:1838:37)
      at src/app/features/game/components/game-board/game-info/game-info.spec.ts:27:23

    console.error
      Error: Not implemented: HTMLMediaElement.prototype.load
          at module.exports (C:\Users\RaulM\Documents\_dev\virus\virus-frontend\node_modules\.pnpm\jsdom@26.1.0\node_modules\jsdom\lib\jsdom\browser\not-implemented.js:9:17)
          at HTMLAudioElementImpl.load (C:\Users\RaulM\Documents\_dev\virus\virus-frontend\node_modules\.pnpm\jsdom@26.1.0\node_modules\jsdom\lib\jsdom\living\nodes\HTMLMediaElement-impl.js:112:5)
          at HTMLAudioElement.load (C:\Users\RaulM\Documents\_dev\virus\virus-frontend\node_modules\.pnpm\jsdom@26.1.0\node_modules\jsdom\lib\jsdom\living\generated\HTMLMediaElement.js:109:34)
          at TimerSoundService.createAudio (C:\Users\RaulM\Documents\_dev\virus\virus-frontend\src\app\core\services\timer-sound.service.ts:58:11)
          at TimerSoundService.<instance_members_initializer> (C:\Users\RaulM\Documents\_dev\virus\virus-frontend\src\app\core\services\timer-sound.service.ts:17:39)
          at new TimerSoundService (C:\Users\RaulM\Documents\_dev\virus\virus-frontend\src\app\core\services\timer-sound.service.ts:6:8)
          at Object.TimerSoundService_Factory [as factory] (ng:///TimerSoundService/ɵfac.js:5:10)
          at C:\Users\RaulM\Documents\_dev\virus\virus-frontend\node_modules\.pnpm\@angular+core@20.1.6_@angul_3bf0992bb3b6a916346d7abb471ee6f3\node_modules\@angular\core\fesm2022\root_effect_scheduler.mjs:2154:47
          at runInInjectorProfilerContext (C:\Users\RaulM\Documents\_dev\virus\virus-frontend\node_modules\.pnpm\@angular+core@20.1.6_@angul_3bf0992bb3b6a916346d7abb471ee6f3\node_modules\@angular\core\fesm2022\root_effect_scheduler.mjs:720:9)
          at R3Injector.hydrate (C:\Users\RaulM\Documents\_dev\virus\virus-frontend\node_modules\.pnpm\@angular+core@20.1.6_@angul_3bf0992bb3b6a916346d7abb471ee6f3\node_modules\@angular\core\fesm2022\root_effect_scheduler.mjs:2152:21)
          at R3Injector.get (C:\Users\RaulM\Documents\_dev\virus\virus-frontend\node_modules\.pnpm\@angular+core@20.1.6_@angul_3bf0992bb3b6a916346d7abb471ee6f3\node_modules\@angular\core\fesm2022\root_effect_scheduler.mjs:2007:33)
          at ChainedInjector.get (C:\Users\RaulM\Documents\_dev\virus\virus-frontend\node_modules\.pnpm\@angular+core@20.1.6_@angul_3bf0992bb3b6a916346d7abb471ee6f3\node_modules\@angular\core\fesm2022\debug_node.mjs:12288:36)
          at lookupTokenUsingModuleInjector (C:\Users\RaulM\Documents\_dev\virus\virus-frontend\node_modules\.pnpm\@angular+core@20.1.6_@angul_3bf0992bb3b6a916346d7abb471ee6f3\node_modules\@angular\core\fesm2022\debug_node.mjs:1718:39)
          at getOrCreateInjectable (C:\Users\RaulM\Documents\_dev\virus\virus-frontend\node_modules\.pnpm\@angular+core@20.1.6_@angul_3bf0992bb3b6a916346d7abb471ee6f3\node_modules\@angular\core\fesm2022\debug_node.mjs:1766:12)
          at ɵɵdirectiveInject (C:\Users\RaulM\Documents\_dev\virus\virus-frontend\node_modules\.pnpm\@angular+core@20.1.6_@angul_3bf0992bb3b6a916346d7abb471ee6f3\node_modules\@angular\core\fesm2022\debug_node.mjs:12339:19)
          at ɵɵinject (C:\Users\RaulM\Documents\_dev\virus\virus-frontend\node_modules\.pnpm\@angular+core@20.1.6_@angul_3bf0992bb3b6a916346d7abb471ee6f3\node_modules\@angular\core\fesm2022\root_effect_scheduler.mjs:1032:42)
          at inject (C:\Users\RaulM\Documents\_dev\virus\virus-frontend\node_modules\.pnpm\@angular+core@20.1.6_@angul_3bf0992bb3b6a916346d7abb471ee6f3\node_modules\@angular\core\fesm2022\root_effect_scheduler.mjs:1118:12)
          at GameInfoComponent.<instance_members_initializer> (C:\Users\RaulM\Documents\_dev\virus\virus-frontend\src\app\features\game\components\game-board\game-info\game-info.ts:35:46)
          at new GameInfoComponent (C:\Users\RaulM\Documents\_dev\virus\virus-frontend\src\app\features\game\components\game-board\game-info\game-info.ts:28:8)
          at NodeInjectorFactory.GameInfoComponent_Factory [as factory] (ng:///GameInfoComponent/ɵfac.js:5:10)
          at getNodeInjectable (C:\Users\RaulM\Documents\_dev\virus\virus-frontend\node_modules\.pnpm\@angular+core@20.1.6_@angul_3bf0992bb3b6a916346d7abb471ee6f3\node_modules\@angular\core\fesm2022\debug_node.mjs:1989:44)
          at instantiateAllDirectives (C:\Users\RaulM\Documents\_dev\virus\virus-frontend\node_modules\.pnpm\@angular+core@20.1.6_@angul_3bf0992bb3b6a916346d7abb471ee6f3\node_modules\@angular\core\fesm2022\debug_node.mjs:8176:27)
          at createDirectivesInstances (C:\Users\RaulM\Documents\_dev\virus\virus-frontend\node_modules\.pnpm\@angular+core@20.1.6_@angul_3bf0992bb3b6a916346d7abb471ee6f3\node_modules\@angular\core\fesm2022\debug_node.mjs:7949:5)
          at ComponentFactory2.create (C:\Users\RaulM\Documents\_dev\virus\virus-frontend\node_modules\.pnpm\@angular+core@20.1.6_@angul_3bf0992bb3b6a916346d7abb471ee6f3\node_modules\@angular\core\fesm2022\debug_node.mjs:13472:17)
          at initComponent (C:\Users\RaulM\Documents\_dev\virus\virus-frontend\node_modules\.pnpm\@angular+core@20.1.6_@angul_3bf0992bb3b6a916346d7abb471ee6f3\node_modules\@angular\core\fesm2022\testing.mjs:2046:51)
          at _ZoneDelegate.invoke (C:\Users\RaulM\Documents\_dev\virus\virus-frontend\node_modules\.pnpm\zone.js@0.15.1\node_modules\zone.js\bundles\zone.umd.js:410:32)
          at Object.onInvoke (C:\Users\RaulM\Documents\_dev\virus\virus-frontend\node_modules\.pnpm\@angular+core@20.1.6_@angul_3bf0992bb3b6a916346d7abb471ee6f3\node_modules\@angular\core\fesm2022\debug_node.mjs:16672:33)
          at _ZoneDelegate.invoke (C:\Users\RaulM\Documents\_dev\virus\virus-frontend\node_modules\.pnpm\zone.js@0.15.1\node_modules\zone.js\bundles\zone.umd.js:409:38)
          at ZoneImpl.run (C:\Users\RaulM\Documents\_dev\virus\virus-frontend\node_modules\.pnpm\zone.js@0.15.1\node_modules\zone.js\bundles\zone.umd.js:145:47)
          at NgZone.run (C:\Users\RaulM\Documents\_dev\virus\virus-frontend\node_modules\.pnpm\@angular+core@20.1.6_@angul_3bf0992bb3b6a916346d7abb471ee6f3\node_modules\@angular\core\fesm2022\debug_node.mjs:16518:28)
          at _TestBedImpl.createComponent (C:\Users\RaulM\Documents\_dev\virus\virus-frontend\node_modules\.pnpm\@angular+core@20.1.6_@angul_3bf0992bb3b6a916346d7abb471ee6f3\node_modules\@angular\core\fesm2022\testing.mjs:2051:41)
          at Function.createComponent (C:\Users\RaulM\Documents\_dev\virus\virus-frontend\node_modules\.pnpm\@angular+core@20.1.6_@angul_3bf0992bb3b6a916346d7abb471ee6f3\node_modules\@angular\core\fesm2022\testing.mjs:1838:37)
          at C:\Users\RaulM\Documents\_dev\virus\virus-frontend\src\app\features\game\components\game-board\game-info\game-info.spec.ts:27:23
          at processTicksAndRejections (node:internal/process/task_queues:105:5) {
        type: 'not implemented'
      }

    [0m [90m 56 |[39m     [36mconst[39m audio [33m=[39m [36mnew[39m [33mAudio[39m(src)[33m;[39m
     [90m 57 |[39m     audio[33m.[39mpreload [33m=[39m [32m'auto'[39m[33m;[39m
    [31m[1m>[22m[39m[90m 58 |[39m     audio[33m.[39mload()[33m;[39m
     [90m    |[39m           [31m[1m^[22m[39m
     [90m 59 |[39m     [36mreturn[39m audio[33m;[39m
     [90m 60 |[39m   }
     [90m 61 |[39m }[0m

      at VirtualConsole.<anonymous> (node_modules/.pnpm/@jest+environment-jsdom-abstract@30.2.0_jsdom@26.1.0/node_modules/@jest/environment-jsdom-abstract/build/index.js:87:23)
      at module.exports (node_modules/.pnpm/jsdom@26.1.0/node_modules/jsdom/lib/jsdom/browser/not-implemented.js:12:26)
      at HTMLAudioElementImpl.load (node_modules/.pnpm/jsdom@26.1.0/node_modules/jsdom/lib/jsdom/living/nodes/HTMLMediaElement-impl.js:112:5)
      at HTMLAudioElement.load (node_modules/.pnpm/jsdom@26.1.0/node_modules/jsdom/lib/jsdom/living/generated/HTMLMediaElement.js:109:34)
      at TimerSoundService.createAudio (src/app/core/services/timer-sound.service.ts:58:11)
      at TimerSoundService.<instance_members_initializer> (src/app/core/services/timer-sound.service.ts:17:39)
      at new TimerSoundService (src/app/core/services/timer-sound.service.ts:6:8)
      at Object.TimerSoundService_Factory [as factory] (ng:\TimerSoundService\ɵfac.js:5:10)
      at node_modules/.pnpm/@angular+core@20.1.6_@angul_3bf0992bb3b6a916346d7abb471ee6f3/node_modules/@angular/core/fesm2022/root_effect_scheduler.mjs:2154:47
      at runInInjectorProfilerContext (node_modules/.pnpm/@angular+core@20.1.6_@angul_3bf0992bb3b6a916346d7abb471ee6f3/node_modules/@angular/core/fesm2022/root_effect_scheduler.mjs:720:9)
      at R3Injector.hydrate (node_modules/.pnpm/@angular+core@20.1.6_@angul_3bf0992bb3b6a916346d7abb471ee6f3/node_modules/@angular/core/fesm2022/root_effect_scheduler.mjs:2152:21)
      at R3Injector.get (node_modules/.pnpm/@angular+core@20.1.6_@angul_3bf0992bb3b6a916346d7abb471ee6f3/node_modules/@angular/core/fesm2022/root_effect_scheduler.mjs:2007:33)
      at ChainedInjector.get (node_modules/.pnpm/@angular+core@20.1.6_@angul_3bf0992bb3b6a916346d7abb471ee6f3/node_modules/@angular/core/fesm2022/debug_node.mjs:12288:36)
      at lookupTokenUsingModuleInjector (node_modules/.pnpm/@angular+core@20.1.6_@angul_3bf0992bb3b6a916346d7abb471ee6f3/node_modules/@angular/core/fesm2022/debug_node.mjs:1718:39)
      at getOrCreateInjectable (node_modules/.pnpm/@angular+core@20.1.6_@angul_3bf0992bb3b6a916346d7abb471ee6f3/node_modules/@angular/core/fesm2022/debug_node.mjs:1766:12)
      at ɵɵdirectiveInject (node_modules/.pnpm/@angular+core@20.1.6_@angul_3bf0992bb3b6a916346d7abb471ee6f3/node_modules/@angular/core/fesm2022/debug_node.mjs:12339:19)
      at ɵɵinject (node_modules/.pnpm/@angular+core@20.1.6_@angul_3bf0992bb3b6a916346d7abb471ee6f3/node_modules/@angular/core/fesm2022/root_effect_scheduler.mjs:1032:42)
      at inject (node_modules/.pnpm/@angular+core@20.1.6_@angul_3bf0992bb3b6a916346d7abb471ee6f3/node_modules/@angular/core/fesm2022/root_effect_scheduler.mjs:1118:12)
      at GameInfoComponent.<instance_members_initializer> (src/app/features/game/components/game-board/game-info/game-info.ts:35:46)
      at new GameInfoComponent (src/app/features/game/components/game-board/game-info/game-info.ts:28:8)
      at NodeInjectorFactory.GameInfoComponent_Factory [as factory] (ng:\GameInfoComponent\ɵfac.js:5:10)
      at getNodeInjectable (node_modules/.pnpm/@angular+core@20.1.6_@angul_3bf0992bb3b6a916346d7abb471ee6f3/node_modules/@angular/core/fesm2022/debug_node.mjs:1989:44)
      at instantiateAllDirectives (node_modules/.pnpm/@angular+core@20.1.6_@angul_3bf0992bb3b6a916346d7abb471ee6f3/node_modules/@angular/core/fesm2022/debug_node.mjs:8176:27)
      at createDirectivesInstances (node_modules/.pnpm/@angular+core@20.1.6_@angul_3bf0992bb3b6a916346d7abb471ee6f3/node_modules/@angular/core/fesm2022/debug_node.mjs:7949:5)
      at ComponentFactory2.create (node_modules/.pnpm/@angular+core@20.1.6_@angul_3bf0992bb3b6a916346d7abb471ee6f3/node_modules/@angular/core/fesm2022/debug_node.mjs:13472:17)
      at initComponent (node_modules/.pnpm/@angular+core@20.1.6_@angul_3bf0992bb3b6a916346d7abb471ee6f3/node_modules/@angular/core/fesm2022/testing.mjs:2046:51)
      at _ZoneDelegate.invoke (node_modules/.pnpm/zone.js@0.15.1/node_modules/zone.js/bundles/zone.umd.js:410:32)
      at Object.onInvoke (node_modules/.pnpm/@angular+core@20.1.6_@angul_3bf0992bb3b6a916346d7abb471ee6f3/node_modules/@angular/core/fesm2022/debug_node.mjs:16672:33)
      at _ZoneDelegate.invoke (node_modules/.pnpm/zone.js@0.15.1/node_modules/zone.js/bundles/zone.umd.js:409:38)
      at ZoneImpl.run (node_modules/.pnpm/zone.js@0.15.1/node_modules/zone.js/bundles/zone.umd.js:145:47)
      at NgZone.run (node_modules/.pnpm/@angular+core@20.1.6_@angul_3bf0992bb3b6a916346d7abb471ee6f3/node_modules/@angular/core/fesm2022/debug_node.mjs:16518:28)
      at _TestBedImpl.createComponent (node_modules/.pnpm/@angular+core@20.1.6_@angul_3bf0992bb3b6a916346d7abb471ee6f3/node_modules/@angular/core/fesm2022/testing.mjs:2051:41)
      at Function.createComponent (node_modules/.pnpm/@angular+core@20.1.6_@angul_3bf0992bb3b6a916346d7abb471ee6f3/node_modules/@angular/core/fesm2022/testing.mjs:1838:37)
      at src/app/features/game/components/game-board/game-info/game-info.spec.ts:27:23

    console.error
      Error: Not implemented: HTMLMediaElement.prototype.load
          at module.exports (C:\Users\RaulM\Documents\_dev\virus\virus-frontend\node_modules\.pnpm\jsdom@26.1.0\node_modules\jsdom\lib\jsdom\browser\not-implemented.js:9:17)
          at HTMLAudioElementImpl.load (C:\Users\RaulM\Documents\_dev\virus\virus-frontend\node_modules\.pnpm\jsdom@26.1.0\node_modules\jsdom\lib\jsdom\living\nodes\HTMLMediaElement-impl.js:112:5)
          at HTMLAudioElement.load (C:\Users\RaulM\Documents\_dev\virus\virus-frontend\node_modules\.pnpm\jsdom@26.1.0\node_modules\jsdom\lib\jsdom\living\generated\HTMLMediaElement.js:109:34)
          at TimerSoundService.createAudio (C:\Users\RaulM\Documents\_dev\virus\virus-frontend\src\app\core\services\timer-sound.service.ts:58:11)
          at TimerSoundService.<instance_members_initializer> (C:\Users\RaulM\Documents\_dev\virus\virus-frontend\src\app\core\services\timer-sound.service.ts:11:19)
          at new TimerSoundService (C:\Users\RaulM\Documents\_dev\virus\virus-frontend\src\app\core\services\timer-sound.service.ts:6:8)
          at Object.TimerSoundService_Factory [as factory] (ng:///TimerSoundService/ɵfac.js:5:10)
          at C:\Users\RaulM\Documents\_dev\virus\virus-frontend\node_modules\.pnpm\@angular+core@20.1.6_@angul_3bf0992bb3b6a916346d7abb471ee6f3\node_modules\@angular\core\fesm2022\root_effect_scheduler.mjs:2154:47
          at runInInjectorProfilerContext (C:\Users\RaulM\Documents\_dev\virus\virus-frontend\node_modules\.pnpm\@angular+core@20.1.6_@angul_3bf0992bb3b6a916346d7abb471ee6f3\node_modules\@angular\core\fesm2022\root_effect_scheduler.mjs:720:9)
          at R3Injector.hydrate (C:\Users\RaulM\Documents\_dev\virus\virus-frontend\node_modules\.pnpm\@angular+core@20.1.6_@angul_3bf0992bb3b6a916346d7abb471ee6f3\node_modules\@angular\core\fesm2022\root_effect_scheduler.mjs:2152:21)
          at R3Injector.get (C:\Users\RaulM\Documents\_dev\virus\virus-frontend\node_modules\.pnpm\@angular+core@20.1.6_@angul_3bf0992bb3b6a916346d7abb471ee6f3\node_modules\@angular\core\fesm2022\root_effect_scheduler.mjs:2007:33)
          at ChainedInjector.get (C:\Users\RaulM\Documents\_dev\virus\virus-frontend\node_modules\.pnpm\@angular+core@20.1.6_@angul_3bf0992bb3b6a916346d7abb471ee6f3\node_modules\@angular\core\fesm2022\debug_node.mjs:12288:36)
          at lookupTokenUsingModuleInjector (C:\Users\RaulM\Documents\_dev\virus\virus-frontend\node_modules\.pnpm\@angular+core@20.1.6_@angul_3bf0992bb3b6a916346d7abb471ee6f3\node_modules\@angular\core\fesm2022\debug_node.mjs:1718:39)
          at getOrCreateInjectable (C:\Users\RaulM\Documents\_dev\virus\virus-frontend\node_modules\.pnpm\@angular+core@20.1.6_@angul_3bf0992bb3b6a916346d7abb471ee6f3\node_modules\@angular\core\fesm2022\debug_node.mjs:1766:12)
          at ɵɵdirectiveInject (C:\Users\RaulM\Documents\_dev\virus\virus-frontend\node_modules\.pnpm\@angular+core@20.1.6_@angul_3bf0992bb3b6a916346d7abb471ee6f3\node_modules\@angular\core\fesm2022\debug_node.mjs:12339:19)
          at ɵɵinject (C:\Users\RaulM\Documents\_dev\virus\virus-frontend\node_modules\.pnpm\@angular+core@20.1.6_@angul_3bf0992bb3b6a916346d7abb471ee6f3\node_modules\@angular\core\fesm2022\root_effect_scheduler.mjs:1032:42)
          at inject (C:\Users\RaulM\Documents\_dev\virus\virus-frontend\node_modules\.pnpm\@angular+core@20.1.6_@angul_3bf0992bb3b6a916346d7abb471ee6f3\node_modules\@angular\core\fesm2022\root_effect_scheduler.mjs:1118:12)
          at GameInfoComponent.<instance_members_initializer> (C:\Users\RaulM\Documents\_dev\virus\virus-frontend\src\app\features\game\components\game-board\game-info\game-info.ts:35:46)
          at new GameInfoComponent (C:\Users\RaulM\Documents\_dev\virus\virus-frontend\src\app\features\game\components\game-board\game-info\game-info.ts:28:8)
          at NodeInjectorFactory.GameInfoComponent_Factory [as factory] (ng:///GameInfoComponent/ɵfac.js:5:10)
          at getNodeInjectable (C:\Users\RaulM\Documents\_dev\virus\virus-frontend\node_modules\.pnpm\@angular+core@20.1.6_@angul_3bf0992bb3b6a916346d7abb471ee6f3\node_modules\@angular\core\fesm2022\debug_node.mjs:1989:44)
          at instantiateAllDirectives (C:\Users\RaulM\Documents\_dev\virus\virus-frontend\node_modules\.pnpm\@angular+core@20.1.6_@angul_3bf0992bb3b6a916346d7abb471ee6f3\node_modules\@angular\core\fesm2022\debug_node.mjs:8176:27)
          at createDirectivesInstances (C:\Users\RaulM\Documents\_dev\virus\virus-frontend\node_modules\.pnpm\@angular+core@20.1.6_@angul_3bf0992bb3b6a916346d7abb471ee6f3\node_modules\@angular\core\fesm2022\debug_node.mjs:7949:5)
          at ComponentFactory2.create (C:\Users\RaulM\Documents\_dev\virus\virus-frontend\node_modules\.pnpm\@angular+core@20.1.6_@angul_3bf0992bb3b6a916346d7abb471ee6f3\node_modules\@angular\core\fesm2022\debug_node.mjs:13472:17)
          at initComponent (C:\Users\RaulM\Documents\_dev\virus\virus-frontend\node_modules\.pnpm\@angular+core@20.1.6_@angul_3bf0992bb3b6a916346d7abb471ee6f3\node_modules\@angular\core\fesm2022\testing.mjs:2046:51)
          at _ZoneDelegate.invoke (C:\Users\RaulM\Documents\_dev\virus\virus-frontend\node_modules\.pnpm\zone.js@0.15.1\node_modules\zone.js\bundles\zone.umd.js:410:32)
          at Object.onInvoke (C:\Users\RaulM\Documents\_dev\virus\virus-frontend\node_modules\.pnpm\@angular+core@20.1.6_@angul_3bf0992bb3b6a916346d7abb471ee6f3\node_modules\@angular\core\fesm2022\debug_node.mjs:16672:33)
          at _ZoneDelegate.invoke (C:\Users\RaulM\Documents\_dev\virus\virus-frontend\node_modules\.pnpm\zone.js@0.15.1\node_modules\zone.js\bundles\zone.umd.js:409:38)
          at ZoneImpl.run (C:\Users\RaulM\Documents\_dev\virus\virus-frontend\node_modules\.pnpm\zone.js@0.15.1\node_modules\zone.js\bundles\zone.umd.js:145:47)
          at NgZone.run (C:\Users\RaulM\Documents\_dev\virus\virus-frontend\node_modules\.pnpm\@angular+core@20.1.6_@angul_3bf0992bb3b6a916346d7abb471ee6f3\node_modules\@angular\core\fesm2022\debug_node.mjs:16518:28)
          at _TestBedImpl.createComponent (C:\Users\RaulM\Documents\_dev\virus\virus-frontend\node_modules\.pnpm\@angular+core@20.1.6_@angul_3bf0992bb3b6a916346d7abb471ee6f3\node_modules\@angular\core\fesm2022\testing.mjs:2051:41)
          at Function.createComponent (C:\Users\RaulM\Documents\_dev\virus\virus-frontend\node_modules\.pnpm\@angular+core@20.1.6_@angul_3bf0992bb3b6a916346d7abb471ee6f3\node_modules\@angular\core\fesm2022\testing.mjs:1838:37)
          at C:\Users\RaulM\Documents\_dev\virus\virus-frontend\src\app\features\game\components\game-board\game-info\game-info.spec.ts:27:23
          at processTicksAndRejections (node:internal/process/task_queues:105:5) {
        type: 'not implemented'
      }

    [0m [90m 56 |[39m     [36mconst[39m audio [33m=[39m [36mnew[39m [33mAudio[39m(src)[33m;[39m
     [90m 57 |[39m     audio[33m.[39mpreload [33m=[39m [32m'auto'[39m[33m;[39m
    [31m[1m>[22m[39m[90m 58 |[39m     audio[33m.[39mload()[33m;[39m
     [90m    |[39m           [31m[1m^[22m[39m
     [90m 59 |[39m     [36mreturn[39m audio[33m;[39m
     [90m 60 |[39m   }
     [90m 61 |[39m }[0m

      at VirtualConsole.<anonymous> (node_modules/.pnpm/@jest+environment-jsdom-abstract@30.2.0_jsdom@26.1.0/node_modules/@jest/environment-jsdom-abstract/build/index.js:87:23)
      at module.exports (node_modules/.pnpm/jsdom@26.1.0/node_modules/jsdom/lib/jsdom/browser/not-implemented.js:12:26)
      at HTMLAudioElementImpl.load (node_modules/.pnpm/jsdom@26.1.0/node_modules/jsdom/lib/jsdom/living/nodes/HTMLMediaElement-impl.js:112:5)
      at HTMLAudioElement.load (node_modules/.pnpm/jsdom@26.1.0/node_modules/jsdom/lib/jsdom/living/generated/HTMLMediaElement.js:109:34)
      at TimerSoundService.createAudio (src/app/core/services/timer-sound.service.ts:58:11)
      at TimerSoundService.<instance_members_initializer> (src/app/core/services/timer-sound.service.ts:11:19)
      at new TimerSoundService (src/app/core/services/timer-sound.service.ts:6:8)
      at Object.TimerSoundService_Factory [as factory] (ng:\TimerSoundService\ɵfac.js:5:10)
      at node_modules/.pnpm/@angular+core@20.1.6_@angul_3bf0992bb3b6a916346d7abb471ee6f3/node_modules/@angular/core/fesm2022/root_effect_scheduler.mjs:2154:47
      at runInInjectorProfilerContext (node_modules/.pnpm/@angular+core@20.1.6_@angul_3bf0992bb3b6a916346d7abb471ee6f3/node_modules/@angular/core/fesm2022/root_effect_scheduler.mjs:720:9)
      at R3Injector.hydrate (node_modules/.pnpm/@angular+core@20.1.6_@angul_3bf0992bb3b6a916346d7abb471ee6f3/node_modules/@angular/core/fesm2022/root_effect_scheduler.mjs:2152:21)
      at R3Injector.get (node_modules/.pnpm/@angular+core@20.1.6_@angul_3bf0992bb3b6a916346d7abb471ee6f3/node_modules/@angular/core/fesm2022/root_effect_scheduler.mjs:2007:33)
      at ChainedInjector.get (node_modules/.pnpm/@angular+core@20.1.6_@angul_3bf0992bb3b6a916346d7abb471ee6f3/node_modules/@angular/core/fesm2022/debug_node.mjs:12288:36)
      at lookupTokenUsingModuleInjector (node_modules/.pnpm/@angular+core@20.1.6_@angul_3bf0992bb3b6a916346d7abb471ee6f3/node_modules/@angular/core/fesm2022/debug_node.mjs:1718:39)
      at getOrCreateInjectable (node_modules/.pnpm/@angular+core@20.1.6_@angul_3bf0992bb3b6a916346d7abb471ee6f3/node_modules/@angular/core/fesm2022/debug_node.mjs:1766:12)
      at ɵɵdirectiveInject (node_modules/.pnpm/@angular+core@20.1.6_@angul_3bf0992bb3b6a916346d7abb471ee6f3/node_modules/@angular/core/fesm2022/debug_node.mjs:12339:19)
      at ɵɵinject (node_modules/.pnpm/@angular+core@20.1.6_@angul_3bf0992bb3b6a916346d7abb471ee6f3/node_modules/@angular/core/fesm2022/root_effect_scheduler.mjs:1032:42)
      at inject (node_modules/.pnpm/@angular+core@20.1.6_@angul_3bf0992bb3b6a916346d7abb471ee6f3/node_modules/@angular/core/fesm2022/root_effect_scheduler.mjs:1118:12)
      at GameInfoComponent.<instance_members_initializer> (src/app/features/game/components/game-board/game-info/game-info.ts:35:46)
      at new GameInfoComponent (src/app/features/game/components/game-board/game-info/game-info.ts:28:8)
      at NodeInjectorFactory.GameInfoComponent_Factory [as factory] (ng:\GameInfoComponent\ɵfac.js:5:10)
      at getNodeInjectable (node_modules/.pnpm/@angular+core@20.1.6_@angul_3bf0992bb3b6a916346d7abb471ee6f3/node_modules/@angular/core/fesm2022/debug_node.mjs:1989:44)
      at instantiateAllDirectives (node_modules/.pnpm/@angular+core@20.1.6_@angul_3bf0992bb3b6a916346d7abb471ee6f3/node_modules/@angular/core/fesm2022/debug_node.mjs:8176:27)
      at createDirectivesInstances (node_modules/.pnpm/@angular+core@20.1.6_@angul_3bf0992bb3b6a916346d7abb471ee6f3/node_modules/@angular/core/fesm2022/debug_node.mjs:7949:5)
      at ComponentFactory2.create (node_modules/.pnpm/@angular+core@20.1.6_@angul_3bf0992bb3b6a916346d7abb471ee6f3/node_modules/@angular/core/fesm2022/debug_node.mjs:13472:17)
      at initComponent (node_modules/.pnpm/@angular+core@20.1.6_@angul_3bf0992bb3b6a916346d7abb471ee6f3/node_modules/@angular/core/fesm2022/testing.mjs:2046:51)
      at _ZoneDelegate.invoke (node_modules/.pnpm/zone.js@0.15.1/node_modules/zone.js/bundles/zone.umd.js:410:32)
      at Object.onInvoke (node_modules/.pnpm/@angular+core@20.1.6_@angul_3bf0992bb3b6a916346d7abb471ee6f3/node_modules/@angular/core/fesm2022/debug_node.mjs:16672:33)
      at _ZoneDelegate.invoke (node_modules/.pnpm/zone.js@0.15.1/node_modules/zone.js/bundles/zone.umd.js:409:38)
      at ZoneImpl.run (node_modules/.pnpm/zone.js@0.15.1/node_modules/zone.js/bundles/zone.umd.js:145:47)
      at NgZone.run (node_modules/.pnpm/@angular+core@20.1.6_@angul_3bf0992bb3b6a916346d7abb471ee6f3/node_modules/@angular/core/fesm2022/debug_node.mjs:16518:28)
      at _TestBedImpl.createComponent (node_modules/.pnpm/@angular+core@20.1.6_@angul_3bf0992bb3b6a916346d7abb471ee6f3/node_modules/@angular/core/fesm2022/testing.mjs:2051:41)
      at Function.createComponent (node_modules/.pnpm/@angular+core@20.1.6_@angul_3bf0992bb3b6a916346d7abb471ee6f3/node_modules/@angular/core/fesm2022/testing.mjs:1838:37)
      at src/app/features/game/components/game-board/game-info/game-info.spec.ts:27:23

    console.error
      Error: Not implemented: HTMLMediaElement.prototype.load
          at module.exports (C:\Users\RaulM\Documents\_dev\virus\virus-frontend\node_modules\.pnpm\jsdom@26.1.0\node_modules\jsdom\lib\jsdom\browser\not-implemented.js:9:17)
          at HTMLAudioElementImpl.load (C:\Users\RaulM\Documents\_dev\virus\virus-frontend\node_modules\.pnpm\jsdom@26.1.0\node_modules\jsdom\lib\jsdom\living\nodes\HTMLMediaElement-impl.js:112:5)
          at HTMLAudioElement.load (C:\Users\RaulM\Documents\_dev\virus\virus-frontend\node_modules\.pnpm\jsdom@26.1.0\node_modules\jsdom\lib\jsdom\living\generated\HTMLMediaElement.js:109:34)
          at TimerSoundService.createAudio (C:\Users\RaulM\Documents\_dev\virus\virus-frontend\src\app\core\services\timer-sound.service.ts:58:11)
          at TimerSoundService.<instance_members_initializer> (C:\Users\RaulM\Documents\_dev\virus\virus-frontend\src\app\core\services\timer-sound.service.ts:12:19)
          at new TimerSoundService (C:\Users\RaulM\Documents\_dev\virus\virus-frontend\src\app\core\services\timer-sound.service.ts:6:8)
          at Object.TimerSoundService_Factory [as factory] (ng:///TimerSoundService/ɵfac.js:5:10)
          at C:\Users\RaulM\Documents\_dev\virus\virus-frontend\node_modules\.pnpm\@angular+core@20.1.6_@angul_3bf0992bb3b6a916346d7abb471ee6f3\node_modules\@angular\core\fesm2022\root_effect_scheduler.mjs:2154:47
          at runInInjectorProfilerContext (C:\Users\RaulM\Documents\_dev\virus\virus-frontend\node_modules\.pnpm\@angular+core@20.1.6_@angul_3bf0992bb3b6a916346d7abb471ee6f3\node_modules\@angular\core\fesm2022\root_effect_scheduler.mjs:720:9)
          at R3Injector.hydrate (C:\Users\RaulM\Documents\_dev\virus\virus-frontend\node_modules\.pnpm\@angular+core@20.1.6_@angul_3bf0992bb3b6a916346d7abb471ee6f3\node_modules\@angular\core\fesm2022\root_effect_scheduler.mjs:2152:21)
          at R3Injector.get (C:\Users\RaulM\Documents\_dev\virus\virus-frontend\node_modules\.pnpm\@angular+core@20.1.6_@angul_3bf0992bb3b6a916346d7abb471ee6f3\node_modules\@angular\core\fesm2022\root_effect_scheduler.mjs:2007:33)
          at ChainedInjector.get (C:\Users\RaulM\Documents\_dev\virus\virus-frontend\node_modules\.pnpm\@angular+core@20.1.6_@angul_3bf0992bb3b6a916346d7abb471ee6f3\node_modules\@angular\core\fesm2022\debug_node.mjs:12288:36)
          at lookupTokenUsingModuleInjector (C:\Users\RaulM\Documents\_dev\virus\virus-frontend\node_modules\.pnpm\@angular+core@20.1.6_@angul_3bf0992bb3b6a916346d7abb471ee6f3\node_modules\@angular\core\fesm2022\debug_node.mjs:1718:39)
          at getOrCreateInjectable (C:\Users\RaulM\Documents\_dev\virus\virus-frontend\node_modules\.pnpm\@angular+core@20.1.6_@angul_3bf0992bb3b6a916346d7abb471ee6f3\node_modules\@angular\core\fesm2022\debug_node.mjs:1766:12)
          at ɵɵdirectiveInject (C:\Users\RaulM\Documents\_dev\virus\virus-frontend\node_modules\.pnpm\@angular+core@20.1.6_@angul_3bf0992bb3b6a916346d7abb471ee6f3\node_modules\@angular\core\fesm2022\debug_node.mjs:12339:19)
          at ɵɵinject (C:\Users\RaulM\Documents\_dev\virus\virus-frontend\node_modules\.pnpm\@angular+core@20.1.6_@angul_3bf0992bb3b6a916346d7abb471ee6f3\node_modules\@angular\core\fesm2022\root_effect_scheduler.mjs:1032:42)
          at inject (C:\Users\RaulM\Documents\_dev\virus\virus-frontend\node_modules\.pnpm\@angular+core@20.1.6_@angul_3bf0992bb3b6a916346d7abb471ee6f3\node_modules\@angular\core\fesm2022\root_effect_scheduler.mjs:1118:12)
          at GameInfoComponent.<instance_members_initializer> (C:\Users\RaulM\Documents\_dev\virus\virus-frontend\src\app\features\game\components\game-board\game-info\game-info.ts:35:46)
          at new GameInfoComponent (C:\Users\RaulM\Documents\_dev\virus\virus-frontend\src\app\features\game\components\game-board\game-info\game-info.ts:28:8)
          at NodeInjectorFactory.GameInfoComponent_Factory [as factory] (ng:///GameInfoComponent/ɵfac.js:5:10)
          at getNodeInjectable (C:\Users\RaulM\Documents\_dev\virus\virus-frontend\node_modules\.pnpm\@angular+core@20.1.6_@angul_3bf0992bb3b6a916346d7abb471ee6f3\node_modules\@angular\core\fesm2022\debug_node.mjs:1989:44)
          at instantiateAllDirectives (C:\Users\RaulM\Documents\_dev\virus\virus-frontend\node_modules\.pnpm\@angular+core@20.1.6_@angul_3bf0992bb3b6a916346d7abb471ee6f3\node_modules\@angular\core\fesm2022\debug_node.mjs:8176:27)
          at createDirectivesInstances (C:\Users\RaulM\Documents\_dev\virus\virus-frontend\node_modules\.pnpm\@angular+core@20.1.6_@angul_3bf0992bb3b6a916346d7abb471ee6f3\node_modules\@angular\core\fesm2022\debug_node.mjs:7949:5)
          at ComponentFactory2.create (C:\Users\RaulM\Documents\_dev\virus\virus-frontend\node_modules\.pnpm\@angular+core@20.1.6_@angul_3bf0992bb3b6a916346d7abb471ee6f3\node_modules\@angular\core\fesm2022\debug_node.mjs:13472:17)
          at initComponent (C:\Users\RaulM\Documents\_dev\virus\virus-frontend\node_modules\.pnpm\@angular+core@20.1.6_@angul_3bf0992bb3b6a916346d7abb471ee6f3\node_modules\@angular\core\fesm2022\testing.mjs:2046:51)
          at _ZoneDelegate.invoke (C:\Users\RaulM\Documents\_dev\virus\virus-frontend\node_modules\.pnpm\zone.js@0.15.1\node_modules\zone.js\bundles\zone.umd.js:410:32)
          at Object.onInvoke (C:\Users\RaulM\Documents\_dev\virus\virus-frontend\node_modules\.pnpm\@angular+core@20.1.6_@angul_3bf0992bb3b6a916346d7abb471ee6f3\node_modules\@angular\core\fesm2022\debug_node.mjs:16672:33)
          at _ZoneDelegate.invoke (C:\Users\RaulM\Documents\_dev\virus\virus-frontend\node_modules\.pnpm\zone.js@0.15.1\node_modules\zone.js\bundles\zone.umd.js:409:38)
          at ZoneImpl.run (C:\Users\RaulM\Documents\_dev\virus\virus-frontend\node_modules\.pnpm\zone.js@0.15.1\node_modules\zone.js\bundles\zone.umd.js:145:47)
          at NgZone.run (C:\Users\RaulM\Documents\_dev\virus\virus-frontend\node_modules\.pnpm\@angular+core@20.1.6_@angul_3bf0992bb3b6a916346d7abb471ee6f3\node_modules\@angular\core\fesm2022\debug_node.mjs:16518:28)
          at _TestBedImpl.createComponent (C:\Users\RaulM\Documents\_dev\virus\virus-frontend\node_modules\.pnpm\@angular+core@20.1.6_@angul_3bf0992bb3b6a916346d7abb471ee6f3\node_modules\@angular\core\fesm2022\testing.mjs:2051:41)
          at Function.createComponent (C:\Users\RaulM\Documents\_dev\virus\virus-frontend\node_modules\.pnpm\@angular+core@20.1.6_@angul_3bf0992bb3b6a916346d7abb471ee6f3\node_modules\@angular\core\fesm2022\testing.mjs:1838:37)
          at C:\Users\RaulM\Documents\_dev\virus\virus-frontend\src\app\features\game\components\game-board\game-info\game-info.spec.ts:27:23
          at processTicksAndRejections (node:internal/process/task_queues:105:5) {
        type: 'not implemented'
      }

    [0m [90m 56 |[39m     [36mconst[39m audio [33m=[39m [36mnew[39m [33mAudio[39m(src)[33m;[39m
     [90m 57 |[39m     audio[33m.[39mpreload [33m=[39m [32m'auto'[39m[33m;[39m
    [31m[1m>[22m[39m[90m 58 |[39m     audio[33m.[39mload()[33m;[39m
     [90m    |[39m           [31m[1m^[22m[39m
     [90m 59 |[39m     [36mreturn[39m audio[33m;[39m
     [90m 60 |[39m   }
     [90m 61 |[39m }[0m

      at VirtualConsole.<anonymous> (node_modules/.pnpm/@jest+environment-jsdom-abstract@30.2.0_jsdom@26.1.0/node_modules/@jest/environment-jsdom-abstract/build/index.js:87:23)
      at module.exports (node_modules/.pnpm/jsdom@26.1.0/node_modules/jsdom/lib/jsdom/browser/not-implemented.js:12:26)
      at HTMLAudioElementImpl.load (node_modules/.pnpm/jsdom@26.1.0/node_modules/jsdom/lib/jsdom/living/nodes/HTMLMediaElement-impl.js:112:5)
      at HTMLAudioElement.load (node_modules/.pnpm/jsdom@26.1.0/node_modules/jsdom/lib/jsdom/living/generated/HTMLMediaElement.js:109:34)
      at TimerSoundService.createAudio (src/app/core/services/timer-sound.service.ts:58:11)
      at TimerSoundService.<instance_members_initializer> (src/app/core/services/timer-sound.service.ts:12:19)
      at new TimerSoundService (src/app/core/services/timer-sound.service.ts:6:8)
      at Object.TimerSoundService_Factory [as factory] (ng:\TimerSoundService\ɵfac.js:5:10)
      at node_modules/.pnpm/@angular+core@20.1.6_@angul_3bf0992bb3b6a916346d7abb471ee6f3/node_modules/@angular/core/fesm2022/root_effect_scheduler.mjs:2154:47
      at runInInjectorProfilerContext (node_modules/.pnpm/@angular+core@20.1.6_@angul_3bf0992bb3b6a916346d7abb471ee6f3/node_modules/@angular/core/fesm2022/root_effect_scheduler.mjs:720:9)
      at R3Injector.hydrate (node_modules/.pnpm/@angular+core@20.1.6_@angul_3bf0992bb3b6a916346d7abb471ee6f3/node_modules/@angular/core/fesm2022/root_effect_scheduler.mjs:2152:21)
      at R3Injector.get (node_modules/.pnpm/@angular+core@20.1.6_@angul_3bf0992bb3b6a916346d7abb471ee6f3/node_modules/@angular/core/fesm2022/root_effect_scheduler.mjs:2007:33)
      at ChainedInjector.get (node_modules/.pnpm/@angular+core@20.1.6_@angul_3bf0992bb3b6a916346d7abb471ee6f3/node_modules/@angular/core/fesm2022/debug_node.mjs:12288:36)
      at lookupTokenUsingModuleInjector (node_modules/.pnpm/@angular+core@20.1.6_@angul_3bf0992bb3b6a916346d7abb471ee6f3/node_modules/@angular/core/fesm2022/debug_node.mjs:1718:39)
      at getOrCreateInjectable (node_modules/.pnpm/@angular+core@20.1.6_@angul_3bf0992bb3b6a916346d7abb471ee6f3/node_modules/@angular/core/fesm2022/debug_node.mjs:1766:12)
      at ɵɵdirectiveInject (node_modules/.pnpm/@angular+core@20.1.6_@angul_3bf0992bb3b6a916346d7abb471ee6f3/node_modules/@angular/core/fesm2022/debug_node.mjs:12339:19)
      at ɵɵinject (node_modules/.pnpm/@angular+core@20.1.6_@angul_3bf0992bb3b6a916346d7abb471ee6f3/node_modules/@angular/core/fesm2022/root_effect_scheduler.mjs:1032:42)
      at inject (node_modules/.pnpm/@angular+core@20.1.6_@angul_3bf0992bb3b6a916346d7abb471ee6f3/node_modules/@angular/core/fesm2022/root_effect_scheduler.mjs:1118:12)
      at GameInfoComponent.<instance_members_initializer> (src/app/features/game/components/game-board/game-info/game-info.ts:35:46)
      at new GameInfoComponent (src/app/features/game/components/game-board/game-info/game-info.ts:28:8)
      at NodeInjectorFactory.GameInfoComponent_Factory [as factory] (ng:\GameInfoComponent\ɵfac.js:5:10)
      at getNodeInjectable (node_modules/.pnpm/@angular+core@20.1.6_@angul_3bf0992bb3b6a916346d7abb471ee6f3/node_modules/@angular/core/fesm2022/debug_node.mjs:1989:44)
      at instantiateAllDirectives (node_modules/.pnpm/@angular+core@20.1.6_@angul_3bf0992bb3b6a916346d7abb471ee6f3/node_modules/@angular/core/fesm2022/debug_node.mjs:8176:27)
      at createDirectivesInstances (node_modules/.pnpm/@angular+core@20.1.6_@angul_3bf0992bb3b6a916346d7abb471ee6f3/node_modules/@angular/core/fesm2022/debug_node.mjs:7949:5)
      at ComponentFactory2.create (node_modules/.pnpm/@angular+core@20.1.6_@angul_3bf0992bb3b6a916346d7abb471ee6f3/node_modules/@angular/core/fesm2022/debug_node.mjs:13472:17)
      at initComponent (node_modules/.pnpm/@angular+core@20.1.6_@angul_3bf0992bb3b6a916346d7abb471ee6f3/node_modules/@angular/core/fesm2022/testing.mjs:2046:51)
      at _ZoneDelegate.invoke (node_modules/.pnpm/zone.js@0.15.1/node_modules/zone.js/bundles/zone.umd.js:410:32)
      at Object.onInvoke (node_modules/.pnpm/@angular+core@20.1.6_@angul_3bf0992bb3b6a916346d7abb471ee6f3/node_modules/@angular/core/fesm2022/debug_node.mjs:16672:33)
      at _ZoneDelegate.invoke (node_modules/.pnpm/zone.js@0.15.1/node_modules/zone.js/bundles/zone.umd.js:409:38)
      at ZoneImpl.run (node_modules/.pnpm/zone.js@0.15.1/node_modules/zone.js/bundles/zone.umd.js:145:47)
      at NgZone.run (node_modules/.pnpm/@angular+core@20.1.6_@angul_3bf0992bb3b6a916346d7abb471ee6f3/node_modules/@angular/core/fesm2022/debug_node.mjs:16518:28)
      at _TestBedImpl.createComponent (node_modules/.pnpm/@angular+core@20.1.6_@angul_3bf0992bb3b6a916346d7abb471ee6f3/node_modules/@angular/core/fesm2022/testing.mjs:2051:41)
      at Function.createComponent (node_modules/.pnpm/@angular+core@20.1.6_@angul_3bf0992bb3b6a916346d7abb471ee6f3/node_modules/@angular/core/fesm2022/testing.mjs:1838:37)
      at src/app/features/game/components/game-board/game-info/game-info.spec.ts:27:23

    console.error
      Error: Not implemented: HTMLMediaElement.prototype.load
          at module.exports (C:\Users\RaulM\Documents\_dev\virus\virus-frontend\node_modules\.pnpm\jsdom@26.1.0\node_modules\jsdom\lib\jsdom\browser\not-implemented.js:9:17)
          at HTMLAudioElementImpl.load (C:\Users\RaulM\Documents\_dev\virus\virus-frontend\node_modules\.pnpm\jsdom@26.1.0\node_modules\jsdom\lib\jsdom\living\nodes\HTMLMediaElement-impl.js:112:5)
          at HTMLAudioElement.load (C:\Users\RaulM\Documents\_dev\virus\virus-frontend\node_modules\.pnpm\jsdom@26.1.0\node_modules\jsdom\lib\jsdom\living\generated\HTMLMediaElement.js:109:34)
          at TimerSoundService.createAudio (C:\Users\RaulM\Documents\_dev\virus\virus-frontend\src\app\core\services\timer-sound.service.ts:58:11)
          at TimerSoundService.<instance_members_initializer> (C:\Users\RaulM\Documents\_dev\virus\virus-frontend\src\app\core\services\timer-sound.service.ts:13:20)
          at new TimerSoundService (C:\Users\RaulM\Documents\_dev\virus\virus-frontend\src\app\core\services\timer-sound.service.ts:6:8)
          at Object.TimerSoundService_Factory [as factory] (ng:///TimerSoundService/ɵfac.js:5:10)
          at C:\Users\RaulM\Documents\_dev\virus\virus-frontend\node_modules\.pnpm\@angular+core@20.1.6_@angul_3bf0992bb3b6a916346d7abb471ee6f3\node_modules\@angular\core\fesm2022\root_effect_scheduler.mjs:2154:47
          at runInInjectorProfilerContext (C:\Users\RaulM\Documents\_dev\virus\virus-frontend\node_modules\.pnpm\@angular+core@20.1.6_@angul_3bf0992bb3b6a916346d7abb471ee6f3\node_modules\@angular\core\fesm2022\root_effect_scheduler.mjs:720:9)
          at R3Injector.hydrate (C:\Users\RaulM\Documents\_dev\virus\virus-frontend\node_modules\.pnpm\@angular+core@20.1.6_@angul_3bf0992bb3b6a916346d7abb471ee6f3\node_modules\@angular\core\fesm2022\root_effect_scheduler.mjs:2152:21)
          at R3Injector.get (C:\Users\RaulM\Documents\_dev\virus\virus-frontend\node_modules\.pnpm\@angular+core@20.1.6_@angul_3bf0992bb3b6a916346d7abb471ee6f3\node_modules\@angular\core\fesm2022\root_effect_scheduler.mjs:2007:33)
          at ChainedInjector.get (C:\Users\RaulM\Documents\_dev\virus\virus-frontend\node_modules\.pnpm\@angular+core@20.1.6_@angul_3bf0992bb3b6a916346d7abb471ee6f3\node_modules\@angular\core\fesm2022\debug_node.mjs:12288:36)
          at lookupTokenUsingModuleInjector (C:\Users\RaulM\Documents\_dev\virus\virus-frontend\node_modules\.pnpm\@angular+core@20.1.6_@angul_3bf0992bb3b6a916346d7abb471ee6f3\node_modules\@angular\core\fesm2022\debug_node.mjs:1718:39)
          at getOrCreateInjectable (C:\Users\RaulM\Documents\_dev\virus\virus-frontend\node_modules\.pnpm\@angular+core@20.1.6_@angul_3bf0992bb3b6a916346d7abb471ee6f3\node_modules\@angular\core\fesm2022\debug_node.mjs:1766:12)
          at ɵɵdirectiveInject (C:\Users\RaulM\Documents\_dev\virus\virus-frontend\node_modules\.pnpm\@angular+core@20.1.6_@angul_3bf0992bb3b6a916346d7abb471ee6f3\node_modules\@angular\core\fesm2022\debug_node.mjs:12339:19)
          at ɵɵinject (C:\Users\RaulM\Documents\_dev\virus\virus-frontend\node_modules\.pnpm\@angular+core@20.1.6_@angul_3bf0992bb3b6a916346d7abb471ee6f3\node_modules\@angular\core\fesm2022\root_effect_scheduler.mjs:1032:42)
          at inject (C:\Users\RaulM\Documents\_dev\virus\virus-frontend\node_modules\.pnpm\@angular+core@20.1.6_@angul_3bf0992bb3b6a916346d7abb471ee6f3\node_modules\@angular\core\fesm2022\root_effect_scheduler.mjs:1118:12)
          at GameInfoComponent.<instance_members_initializer> (C:\Users\RaulM\Documents\_dev\virus\virus-frontend\src\app\features\game\components\game-board\game-info\game-info.ts:35:46)
          at new GameInfoComponent (C:\Users\RaulM\Documents\_dev\virus\virus-frontend\src\app\features\game\components\game-board\game-info\game-info.ts:28:8)
          at NodeInjectorFactory.GameInfoComponent_Factory [as factory] (ng:///GameInfoComponent/ɵfac.js:5:10)
          at getNodeInjectable (C:\Users\RaulM\Documents\_dev\virus\virus-frontend\node_modules\.pnpm\@angular+core@20.1.6_@angul_3bf0992bb3b6a916346d7abb471ee6f3\node_modules\@angular\core\fesm2022\debug_node.mjs:1989:44)
          at instantiateAllDirectives (C:\Users\RaulM\Documents\_dev\virus\virus-frontend\node_modules\.pnpm\@angular+core@20.1.6_@angul_3bf0992bb3b6a916346d7abb471ee6f3\node_modules\@angular\core\fesm2022\debug_node.mjs:8176:27)
          at createDirectivesInstances (C:\Users\RaulM\Documents\_dev\virus\virus-frontend\node_modules\.pnpm\@angular+core@20.1.6_@angul_3bf0992bb3b6a916346d7abb471ee6f3\node_modules\@angular\core\fesm2022\debug_node.mjs:7949:5)
          at ComponentFactory2.create (C:\Users\RaulM\Documents\_dev\virus\virus-frontend\node_modules\.pnpm\@angular+core@20.1.6_@angul_3bf0992bb3b6a916346d7abb471ee6f3\node_modules\@angular\core\fesm2022\debug_node.mjs:13472:17)
          at initComponent (C:\Users\RaulM\Documents\_dev\virus\virus-frontend\node_modules\.pnpm\@angular+core@20.1.6_@angul_3bf0992bb3b6a916346d7abb471ee6f3\node_modules\@angular\core\fesm2022\testing.mjs:2046:51)
          at _ZoneDelegate.invoke (C:\Users\RaulM\Documents\_dev\virus\virus-frontend\node_modules\.pnpm\zone.js@0.15.1\node_modules\zone.js\bundles\zone.umd.js:410:32)
          at Object.onInvoke (C:\Users\RaulM\Documents\_dev\virus\virus-frontend\node_modules\.pnpm\@angular+core@20.1.6_@angul_3bf0992bb3b6a916346d7abb471ee6f3\node_modules\@angular\core\fesm2022\debug_node.mjs:16672:33)
          at _ZoneDelegate.invoke (C:\Users\RaulM\Documents\_dev\virus\virus-frontend\node_modules\.pnpm\zone.js@0.15.1\node_modules\zone.js\bundles\zone.umd.js:409:38)
          at ZoneImpl.run (C:\Users\RaulM\Documents\_dev\virus\virus-frontend\node_modules\.pnpm\zone.js@0.15.1\node_modules\zone.js\bundles\zone.umd.js:145:47)
          at NgZone.run (C:\Users\RaulM\Documents\_dev\virus\virus-frontend\node_modules\.pnpm\@angular+core@20.1.6_@angul_3bf0992bb3b6a916346d7abb471ee6f3\node_modules\@angular\core\fesm2022\debug_node.mjs:16518:28)
          at _TestBedImpl.createComponent (C:\Users\RaulM\Documents\_dev\virus\virus-frontend\node_modules\.pnpm\@angular+core@20.1.6_@angul_3bf0992bb3b6a916346d7abb471ee6f3\node_modules\@angular\core\fesm2022\testing.mjs:2051:41)
          at Function.createComponent (C:\Users\RaulM\Documents\_dev\virus\virus-frontend\node_modules\.pnpm\@angular+core@20.1.6_@angul_3bf0992bb3b6a916346d7abb471ee6f3\node_modules\@angular\core\fesm2022\testing.mjs:1838:37)
          at C:\Users\RaulM\Documents\_dev\virus\virus-frontend\src\app\features\game\components\game-board\game-info\game-info.spec.ts:27:23
          at processTicksAndRejections (node:internal/process/task_queues:105:5) {
        type: 'not implemented'
      }

    [0m [90m 56 |[39m     [36mconst[39m audio [33m=[39m [36mnew[39m [33mAudio[39m(src)[33m;[39m
     [90m 57 |[39m     audio[33m.[39mpreload [33m=[39m [32m'auto'[39m[33m;[39m
    [31m[1m>[22m[39m[90m 58 |[39m     audio[33m.[39mload()[33m;[39m
     [90m    |[39m           [31m[1m^[22m[39m
     [90m 59 |[39m     [36mreturn[39m audio[33m;[39m
     [90m 60 |[39m   }
     [90m 61 |[39m }[0m

      at VirtualConsole.<anonymous> (node_modules/.pnpm/@jest+environment-jsdom-abstract@30.2.0_jsdom@26.1.0/node_modules/@jest/environment-jsdom-abstract/build/index.js:87:23)
      at module.exports (node_modules/.pnpm/jsdom@26.1.0/node_modules/jsdom/lib/jsdom/browser/not-implemented.js:12:26)
      at HTMLAudioElementImpl.load (node_modules/.pnpm/jsdom@26.1.0/node_modules/jsdom/lib/jsdom/living/nodes/HTMLMediaElement-impl.js:112:5)
      at HTMLAudioElement.load (node_modules/.pnpm/jsdom@26.1.0/node_modules/jsdom/lib/jsdom/living/generated/HTMLMediaElement.js:109:34)
      at TimerSoundService.createAudio (src/app/core/services/timer-sound.service.ts:58:11)
      at TimerSoundService.<instance_members_initializer> (src/app/core/services/timer-sound.service.ts:13:20)
      at new TimerSoundService (src/app/core/services/timer-sound.service.ts:6:8)
      at Object.TimerSoundService_Factory [as factory] (ng:\TimerSoundService\ɵfac.js:5:10)
      at node_modules/.pnpm/@angular+core@20.1.6_@angul_3bf0992bb3b6a916346d7abb471ee6f3/node_modules/@angular/core/fesm2022/root_effect_scheduler.mjs:2154:47
      at runInInjectorProfilerContext (node_modules/.pnpm/@angular+core@20.1.6_@angul_3bf0992bb3b6a916346d7abb471ee6f3/node_modules/@angular/core/fesm2022/root_effect_scheduler.mjs:720:9)
      at R3Injector.hydrate (node_modules/.pnpm/@angular+core@20.1.6_@angul_3bf0992bb3b6a916346d7abb471ee6f3/node_modules/@angular/core/fesm2022/root_effect_scheduler.mjs:2152:21)
      at R3Injector.get (node_modules/.pnpm/@angular+core@20.1.6_@angul_3bf0992bb3b6a916346d7abb471ee6f3/node_modules/@angular/core/fesm2022/root_effect_scheduler.mjs:2007:33)
      at ChainedInjector.get (node_modules/.pnpm/@angular+core@20.1.6_@angul_3bf0992bb3b6a916346d7abb471ee6f3/node_modules/@angular/core/fesm2022/debug_node.mjs:12288:36)
      at lookupTokenUsingModuleInjector (node_modules/.pnpm/@angular+core@20.1.6_@angul_3bf0992bb3b6a916346d7abb471ee6f3/node_modules/@angular/core/fesm2022/debug_node.mjs:1718:39)
      at getOrCreateInjectable (node_modules/.pnpm/@angular+core@20.1.6_@angul_3bf0992bb3b6a916346d7abb471ee6f3/node_modules/@angular/core/fesm2022/debug_node.mjs:1766:12)
      at ɵɵdirectiveInject (node_modules/.pnpm/@angular+core@20.1.6_@angul_3bf0992bb3b6a916346d7abb471ee6f3/node_modules/@angular/core/fesm2022/debug_node.mjs:12339:19)
      at ɵɵinject (node_modules/.pnpm/@angular+core@20.1.6_@angul_3bf0992bb3b6a916346d7abb471ee6f3/node_modules/@angular/core/fesm2022/root_effect_scheduler.mjs:1032:42)
      at inject (node_modules/.pnpm/@angular+core@20.1.6_@angul_3bf0992bb3b6a916346d7abb471ee6f3/node_modules/@angular/core/fesm2022/root_effect_scheduler.mjs:1118:12)
      at GameInfoComponent.<instance_members_initializer> (src/app/features/game/components/game-board/game-info/game-info.ts:35:46)
      at new GameInfoComponent (src/app/features/game/components/game-board/game-info/game-info.ts:28:8)
      at NodeInjectorFactory.GameInfoComponent_Factory [as factory] (ng:\GameInfoComponent\ɵfac.js:5:10)
      at getNodeInjectable (node_modules/.pnpm/@angular+core@20.1.6_@angul_3bf0992bb3b6a916346d7abb471ee6f3/node_modules/@angular/core/fesm2022/debug_node.mjs:1989:44)
      at instantiateAllDirectives (node_modules/.pnpm/@angular+core@20.1.6_@angul_3bf0992bb3b6a916346d7abb471ee6f3/node_modules/@angular/core/fesm2022/debug_node.mjs:8176:27)
      at createDirectivesInstances (node_modules/.pnpm/@angular+core@20.1.6_@angul_3bf0992bb3b6a916346d7abb471ee6f3/node_modules/@angular/core/fesm2022/debug_node.mjs:7949:5)
      at ComponentFactory2.create (node_modules/.pnpm/@angular+core@20.1.6_@angul_3bf0992bb3b6a916346d7abb471ee6f3/node_modules/@angular/core/fesm2022/debug_node.mjs:13472:17)
      at initComponent (node_modules/.pnpm/@angular+core@20.1.6_@angul_3bf0992bb3b6a916346d7abb471ee6f3/node_modules/@angular/core/fesm2022/testing.mjs:2046:51)
      at _ZoneDelegate.invoke (node_modules/.pnpm/zone.js@0.15.1/node_modules/zone.js/bundles/zone.umd.js:410:32)
      at Object.onInvoke (node_modules/.pnpm/@angular+core@20.1.6_@angul_3bf0992bb3b6a916346d7abb471ee6f3/node_modules/@angular/core/fesm2022/debug_node.mjs:16672:33)
      at _ZoneDelegate.invoke (node_modules/.pnpm/zone.js@0.15.1/node_modules/zone.js/bundles/zone.umd.js:409:38)
      at ZoneImpl.run (node_modules/.pnpm/zone.js@0.15.1/node_modules/zone.js/bundles/zone.umd.js:145:47)
      at NgZone.run (node_modules/.pnpm/@angular+core@20.1.6_@angul_3bf0992bb3b6a916346d7abb471ee6f3/node_modules/@angular/core/fesm2022/debug_node.mjs:16518:28)
      at _TestBedImpl.createComponent (node_modules/.pnpm/@angular+core@20.1.6_@angul_3bf0992bb3b6a916346d7abb471ee6f3/node_modules/@angular/core/fesm2022/testing.mjs:2051:41)
      at Function.createComponent (node_modules/.pnpm/@angular+core@20.1.6_@angul_3bf0992bb3b6a916346d7abb471ee6f3/node_modules/@angular/core/fesm2022/testing.mjs:1838:37)
      at src/app/features/game/components/game-board/game-info/game-info.spec.ts:27:23

    console.error
      Error: Not implemented: HTMLMediaElement.prototype.load
          at module.exports (C:\Users\RaulM\Documents\_dev\virus\virus-frontend\node_modules\.pnpm\jsdom@26.1.0\node_modules\jsdom\lib\jsdom\browser\not-implemented.js:9:17)
          at HTMLAudioElementImpl.load (C:\Users\RaulM\Documents\_dev\virus\virus-frontend\node_modules\.pnpm\jsdom@26.1.0\node_modules\jsdom\lib\jsdom\living\nodes\HTMLMediaElement-impl.js:112:5)
          at HTMLAudioElement.load (C:\Users\RaulM\Documents\_dev\virus\virus-frontend\node_modules\.pnpm\jsdom@26.1.0\node_modules\jsdom\lib\jsdom\living\generated\HTMLMediaElement.js:109:34)
          at TimerSoundService.createAudio (C:\Users\RaulM\Documents\_dev\virus\virus-frontend\src\app\core\services\timer-sound.service.ts:58:11)
          at TimerSoundService.<instance_members_initializer> (C:\Users\RaulM\Documents\_dev\virus\virus-frontend\src\app\core\services\timer-sound.service.ts:16:42)
          at new TimerSoundService (C:\Users\RaulM\Documents\_dev\virus\virus-frontend\src\app\core\services\timer-sound.service.ts:6:8)
          at Object.TimerSoundService_Factory [as factory] (ng:///TimerSoundService/ɵfac.js:5:10)
          at C:\Users\RaulM\Documents\_dev\virus\virus-frontend\node_modules\.pnpm\@angular+core@20.1.6_@angul_3bf0992bb3b6a916346d7abb471ee6f3\node_modules\@angular\core\fesm2022\root_effect_scheduler.mjs:2154:47
          at runInInjectorProfilerContext (C:\Users\RaulM\Documents\_dev\virus\virus-frontend\node_modules\.pnpm\@angular+core@20.1.6_@angul_3bf0992bb3b6a916346d7abb471ee6f3\node_modules\@angular\core\fesm2022\root_effect_scheduler.mjs:720:9)
          at R3Injector.hydrate (C:\Users\RaulM\Documents\_dev\virus\virus-frontend\node_modules\.pnpm\@angular+core@20.1.6_@angul_3bf0992bb3b6a916346d7abb471ee6f3\node_modules\@angular\core\fesm2022\root_effect_scheduler.mjs:2152:21)
          at R3Injector.get (C:\Users\RaulM\Documents\_dev\virus\virus-frontend\node_modules\.pnpm\@angular+core@20.1.6_@angul_3bf0992bb3b6a916346d7abb471ee6f3\node_modules\@angular\core\fesm2022\root_effect_scheduler.mjs:2007:33)
          at ChainedInjector.get (C:\Users\RaulM\Documents\_dev\virus\virus-frontend\node_modules\.pnpm\@angular+core@20.1.6_@angul_3bf0992bb3b6a916346d7abb471ee6f3\node_modules\@angular\core\fesm2022\debug_node.mjs:12288:36)
          at lookupTokenUsingModuleInjector (C:\Users\RaulM\Documents\_dev\virus\virus-frontend\node_modules\.pnpm\@angular+core@20.1.6_@angul_3bf0992bb3b6a916346d7abb471ee6f3\node_modules\@angular\core\fesm2022\debug_node.mjs:1718:39)
          at getOrCreateInjectable (C:\Users\RaulM\Documents\_dev\virus\virus-frontend\node_modules\.pnpm\@angular+core@20.1.6_@angul_3bf0992bb3b6a916346d7abb471ee6f3\node_modules\@angular\core\fesm2022\debug_node.mjs:1766:12)
          at ɵɵdirectiveInject (C:\Users\RaulM\Documents\_dev\virus\virus-frontend\node_modules\.pnpm\@angular+core@20.1.6_@angul_3bf0992bb3b6a916346d7abb471ee6f3\node_modules\@angular\core\fesm2022\debug_node.mjs:12339:19)
          at ɵɵinject (C:\Users\RaulM\Documents\_dev\virus\virus-frontend\node_modules\.pnpm\@angular+core@20.1.6_@angul_3bf0992bb3b6a916346d7abb471ee6f3\node_modules\@angular\core\fesm2022\root_effect_scheduler.mjs:1032:42)
          at inject (C:\Users\RaulM\Documents\_dev\virus\virus-frontend\node_modules\.pnpm\@angular+core@20.1.6_@angul_3bf0992bb3b6a916346d7abb471ee6f3\node_modules\@angular\core\fesm2022\root_effect_scheduler.mjs:1118:12)
          at GameInfoComponent.<instance_members_initializer> (C:\Users\RaulM\Documents\_dev\virus\virus-frontend\src\app\features\game\components\game-board\game-info\game-info.ts:35:46)
          at new GameInfoComponent (C:\Users\RaulM\Documents\_dev\virus\virus-frontend\src\app\features\game\components\game-board\game-info\game-info.ts:28:8)
          at NodeInjectorFactory.GameInfoComponent_Factory [as factory] (ng:///GameInfoComponent/ɵfac.js:5:10)
          at getNodeInjectable (C:\Users\RaulM\Documents\_dev\virus\virus-frontend\node_modules\.pnpm\@angular+core@20.1.6_@angul_3bf0992bb3b6a916346d7abb471ee6f3\node_modules\@angular\core\fesm2022\debug_node.mjs:1989:44)
          at instantiateAllDirectives (C:\Users\RaulM\Documents\_dev\virus\virus-frontend\node_modules\.pnpm\@angular+core@20.1.6_@angul_3bf0992bb3b6a916346d7abb471ee6f3\node_modules\@angular\core\fesm2022\debug_node.mjs:8176:27)
          at createDirectivesInstances (C:\Users\RaulM\Documents\_dev\virus\virus-frontend\node_modules\.pnpm\@angular+core@20.1.6_@angul_3bf0992bb3b6a916346d7abb471ee6f3\node_modules\@angular\core\fesm2022\debug_node.mjs:7949:5)
          at ComponentFactory2.create (C:\Users\RaulM\Documents\_dev\virus\virus-frontend\node_modules\.pnpm\@angular+core@20.1.6_@angul_3bf0992bb3b6a916346d7abb471ee6f3\node_modules\@angular\core\fesm2022\debug_node.mjs:13472:17)
          at initComponent (C:\Users\RaulM\Documents\_dev\virus\virus-frontend\node_modules\.pnpm\@angular+core@20.1.6_@angul_3bf0992bb3b6a916346d7abb471ee6f3\node_modules\@angular\core\fesm2022\testing.mjs:2046:51)
          at _ZoneDelegate.invoke (C:\Users\RaulM\Documents\_dev\virus\virus-frontend\node_modules\.pnpm\zone.js@0.15.1\node_modules\zone.js\bundles\zone.umd.js:410:32)
          at Object.onInvoke (C:\Users\RaulM\Documents\_dev\virus\virus-frontend\node_modules\.pnpm\@angular+core@20.1.6_@angul_3bf0992bb3b6a916346d7abb471ee6f3\node_modules\@angular\core\fesm2022\debug_node.mjs:16672:33)
          at _ZoneDelegate.invoke (C:\Users\RaulM\Documents\_dev\virus\virus-frontend\node_modules\.pnpm\zone.js@0.15.1\node_modules\zone.js\bundles\zone.umd.js:409:38)
          at ZoneImpl.run (C:\Users\RaulM\Documents\_dev\virus\virus-frontend\node_modules\.pnpm\zone.js@0.15.1\node_modules\zone.js\bundles\zone.umd.js:145:47)
          at NgZone.run (C:\Users\RaulM\Documents\_dev\virus\virus-frontend\node_modules\.pnpm\@angular+core@20.1.6_@angul_3bf0992bb3b6a916346d7abb471ee6f3\node_modules\@angular\core\fesm2022\debug_node.mjs:16518:28)
          at _TestBedImpl.createComponent (C:\Users\RaulM\Documents\_dev\virus\virus-frontend\node_modules\.pnpm\@angular+core@20.1.6_@angul_3bf0992bb3b6a916346d7abb471ee6f3\node_modules\@angular\core\fesm2022\testing.mjs:2051:41)
          at Function.createComponent (C:\Users\RaulM\Documents\_dev\virus\virus-frontend\node_modules\.pnpm\@angular+core@20.1.6_@angul_3bf0992bb3b6a916346d7abb471ee6f3\node_modules\@angular\core\fesm2022\testing.mjs:1838:37)
          at C:\Users\RaulM\Documents\_dev\virus\virus-frontend\src\app\features\game\components\game-board\game-info\game-info.spec.ts:27:23
          at processTicksAndRejections (node:internal/process/task_queues:105:5) {
        type: 'not implemented'
      }

    [0m [90m 56 |[39m     [36mconst[39m audio [33m=[39m [36mnew[39m [33mAudio[39m(src)[33m;[39m
     [90m 57 |[39m     audio[33m.[39mpreload [33m=[39m [32m'auto'[39m[33m;[39m
    [31m[1m>[22m[39m[90m 58 |[39m     audio[33m.[39mload()[33m;[39m
     [90m    |[39m           [31m[1m^[22m[39m
     [90m 59 |[39m     [36mreturn[39m audio[33m;[39m
     [90m 60 |[39m   }
     [90m 61 |[39m }[0m

      at VirtualConsole.<anonymous> (node_modules/.pnpm/@jest+environment-jsdom-abstract@30.2.0_jsdom@26.1.0/node_modules/@jest/environment-jsdom-abstract/build/index.js:87:23)
      at module.exports (node_modules/.pnpm/jsdom@26.1.0/node_modules/jsdom/lib/jsdom/browser/not-implemented.js:12:26)
      at HTMLAudioElementImpl.load (node_modules/.pnpm/jsdom@26.1.0/node_modules/jsdom/lib/jsdom/living/nodes/HTMLMediaElement-impl.js:112:5)
      at HTMLAudioElement.load (node_modules/.pnpm/jsdom@26.1.0/node_modules/jsdom/lib/jsdom/living/generated/HTMLMediaElement.js:109:34)
      at TimerSoundService.createAudio (src/app/core/services/timer-sound.service.ts:58:11)
      at TimerSoundService.<instance_members_initializer> (src/app/core/services/timer-sound.service.ts:16:42)
      at new TimerSoundService (src/app/core/services/timer-sound.service.ts:6:8)
      at Object.TimerSoundService_Factory [as factory] (ng:\TimerSoundService\ɵfac.js:5:10)
      at node_modules/.pnpm/@angular+core@20.1.6_@angul_3bf0992bb3b6a916346d7abb471ee6f3/node_modules/@angular/core/fesm2022/root_effect_scheduler.mjs:2154:47
      at runInInjectorProfilerContext (node_modules/.pnpm/@angular+core@20.1.6_@angul_3bf0992bb3b6a916346d7abb471ee6f3/node_modules/@angular/core/fesm2022/root_effect_scheduler.mjs:720:9)
      at R3Injector.hydrate (node_modules/.pnpm/@angular+core@20.1.6_@angul_3bf0992bb3b6a916346d7abb471ee6f3/node_modules/@angular/core/fesm2022/root_effect_scheduler.mjs:2152:21)
      at R3Injector.get (node_modules/.pnpm/@angular+core@20.1.6_@angul_3bf0992bb3b6a916346d7abb471ee6f3/node_modules/@angular/core/fesm2022/root_effect_scheduler.mjs:2007:33)
      at ChainedInjector.get (node_modules/.pnpm/@angular+core@20.1.6_@angul_3bf0992bb3b6a916346d7abb471ee6f3/node_modules/@angular/core/fesm2022/debug_node.mjs:12288:36)
      at lookupTokenUsingModuleInjector (node_modules/.pnpm/@angular+core@20.1.6_@angul_3bf0992bb3b6a916346d7abb471ee6f3/node_modules/@angular/core/fesm2022/debug_node.mjs:1718:39)
      at getOrCreateInjectable (node_modules/.pnpm/@angular+core@20.1.6_@angul_3bf0992bb3b6a916346d7abb471ee6f3/node_modules/@angular/core/fesm2022/debug_node.mjs:1766:12)
      at ɵɵdirectiveInject (node_modules/.pnpm/@angular+core@20.1.6_@angul_3bf0992bb3b6a916346d7abb471ee6f3/node_modules/@angular/core/fesm2022/debug_node.mjs:12339:19)
      at ɵɵinject (node_modules/.pnpm/@angular+core@20.1.6_@angul_3bf0992bb3b6a916346d7abb471ee6f3/node_modules/@angular/core/fesm2022/root_effect_scheduler.mjs:1032:42)
      at inject (node_modules/.pnpm/@angular+core@20.1.6_@angul_3bf0992bb3b6a916346d7abb471ee6f3/node_modules/@angular/core/fesm2022/root_effect_scheduler.mjs:1118:12)
      at GameInfoComponent.<instance_members_initializer> (src/app/features/game/components/game-board/game-info/game-info.ts:35:46)
      at new GameInfoComponent (src/app/features/game/components/game-board/game-info/game-info.ts:28:8)
      at NodeInjectorFactory.GameInfoComponent_Factory [as factory] (ng:\GameInfoComponent\ɵfac.js:5:10)
      at getNodeInjectable (node_modules/.pnpm/@angular+core@20.1.6_@angul_3bf0992bb3b6a916346d7abb471ee6f3/node_modules/@angular/core/fesm2022/debug_node.mjs:1989:44)
      at instantiateAllDirectives (node_modules/.pnpm/@angular+core@20.1.6_@angul_3bf0992bb3b6a916346d7abb471ee6f3/node_modules/@angular/core/fesm2022/debug_node.mjs:8176:27)
      at createDirectivesInstances (node_modules/.pnpm/@angular+core@20.1.6_@angul_3bf0992bb3b6a916346d7abb471ee6f3/node_modules/@angular/core/fesm2022/debug_node.mjs:7949:5)
      at ComponentFactory2.create (node_modules/.pnpm/@angular+core@20.1.6_@angul_3bf0992bb3b6a916346d7abb471ee6f3/node_modules/@angular/core/fesm2022/debug_node.mjs:13472:17)
      at initComponent (node_modules/.pnpm/@angular+core@20.1.6_@angul_3bf0992bb3b6a916346d7abb471ee6f3/node_modules/@angular/core/fesm2022/testing.mjs:2046:51)
      at _ZoneDelegate.invoke (node_modules/.pnpm/zone.js@0.15.1/node_modules/zone.js/bundles/zone.umd.js:410:32)
      at Object.onInvoke (node_modules/.pnpm/@angular+core@20.1.6_@angul_3bf0992bb3b6a916346d7abb471ee6f3/node_modules/@angular/core/fesm2022/debug_node.mjs:16672:33)
      at _ZoneDelegate.invoke (node_modules/.pnpm/zone.js@0.15.1/node_modules/zone.js/bundles/zone.umd.js:409:38)
      at ZoneImpl.run (node_modules/.pnpm/zone.js@0.15.1/node_modules/zone.js/bundles/zone.umd.js:145:47)
      at NgZone.run (node_modules/.pnpm/@angular+core@20.1.6_@angul_3bf0992bb3b6a916346d7abb471ee6f3/node_modules/@angular/core/fesm2022/debug_node.mjs:16518:28)
      at _TestBedImpl.createComponent (node_modules/.pnpm/@angular+core@20.1.6_@angul_3bf0992bb3b6a916346d7abb471ee6f3/node_modules/@angular/core/fesm2022/testing.mjs:2051:41)
      at Function.createComponent (node_modules/.pnpm/@angular+core@20.1.6_@angul_3bf0992bb3b6a916346d7abb471ee6f3/node_modules/@angular/core/fesm2022/testing.mjs:1838:37)
      at src/app/features/game/components/game-board/game-info/game-info.spec.ts:27:23

    console.error
      Error: Not implemented: HTMLMediaElement.prototype.load
          at module.exports (C:\Users\RaulM\Documents\_dev\virus\virus-frontend\node_modules\.pnpm\jsdom@26.1.0\node_modules\jsdom\lib\jsdom\browser\not-implemented.js:9:17)
          at HTMLAudioElementImpl.load (C:\Users\RaulM\Documents\_dev\virus\virus-frontend\node_modules\.pnpm\jsdom@26.1.0\node_modules\jsdom\lib\jsdom\living\nodes\HTMLMediaElement-impl.js:112:5)
          at HTMLAudioElement.load (C:\Users\RaulM\Documents\_dev\virus\virus-frontend\node_modules\.pnpm\jsdom@26.1.0\node_modules\jsdom\lib\jsdom\living\generated\HTMLMediaElement.js:109:34)
          at TimerSoundService.createAudio (C:\Users\RaulM\Documents\_dev\virus\virus-frontend\src\app\core\services\timer-sound.service.ts:58:11)
          at TimerSoundService.<instance_members_initializer> (C:\Users\RaulM\Documents\_dev\virus\virus-frontend\src\app\core\services\timer-sound.service.ts:17:39)
          at new TimerSoundService (C:\Users\RaulM\Documents\_dev\virus\virus-frontend\src\app\core\services\timer-sound.service.ts:6:8)
          at Object.TimerSoundService_Factory [as factory] (ng:///TimerSoundService/ɵfac.js:5:10)
          at C:\Users\RaulM\Documents\_dev\virus\virus-frontend\node_modules\.pnpm\@angular+core@20.1.6_@angul_3bf0992bb3b6a916346d7abb471ee6f3\node_modules\@angular\core\fesm2022\root_effect_scheduler.mjs:2154:47
          at runInInjectorProfilerContext (C:\Users\RaulM\Documents\_dev\virus\virus-frontend\node_modules\.pnpm\@angular+core@20.1.6_@angul_3bf0992bb3b6a916346d7abb471ee6f3\node_modules\@angular\core\fesm2022\root_effect_scheduler.mjs:720:9)
          at R3Injector.hydrate (C:\Users\RaulM\Documents\_dev\virus\virus-frontend\node_modules\.pnpm\@angular+core@20.1.6_@angul_3bf0992bb3b6a916346d7abb471ee6f3\node_modules\@angular\core\fesm2022\root_effect_scheduler.mjs:2152:21)
          at R3Injector.get (C:\Users\RaulM\Documents\_dev\virus\virus-frontend\node_modules\.pnpm\@angular+core@20.1.6_@angul_3bf0992bb3b6a916346d7abb471ee6f3\node_modules\@angular\core\fesm2022\root_effect_scheduler.mjs:2007:33)
          at ChainedInjector.get (C:\Users\RaulM\Documents\_dev\virus\virus-frontend\node_modules\.pnpm\@angular+core@20.1.6_@angul_3bf0992bb3b6a916346d7abb471ee6f3\node_modules\@angular\core\fesm2022\debug_node.mjs:12288:36)
          at lookupTokenUsingModuleInjector (C:\Users\RaulM\Documents\_dev\virus\virus-frontend\node_modules\.pnpm\@angular+core@20.1.6_@angul_3bf0992bb3b6a916346d7abb471ee6f3\node_modules\@angular\core\fesm2022\debug_node.mjs:1718:39)
          at getOrCreateInjectable (C:\Users\RaulM\Documents\_dev\virus\virus-frontend\node_modules\.pnpm\@angular+core@20.1.6_@angul_3bf0992bb3b6a916346d7abb471ee6f3\node_modules\@angular\core\fesm2022\debug_node.mjs:1766:12)
          at ɵɵdirectiveInject (C:\Users\RaulM\Documents\_dev\virus\virus-frontend\node_modules\.pnpm\@angular+core@20.1.6_@angul_3bf0992bb3b6a916346d7abb471ee6f3\node_modules\@angular\core\fesm2022\debug_node.mjs:12339:19)
          at ɵɵinject (C:\Users\RaulM\Documents\_dev\virus\virus-frontend\node_modules\.pnpm\@angular+core@20.1.6_@angul_3bf0992bb3b6a916346d7abb471ee6f3\node_modules\@angular\core\fesm2022\root_effect_scheduler.mjs:1032:42)
          at inject (C:\Users\RaulM\Documents\_dev\virus\virus-frontend\node_modules\.pnpm\@angular+core@20.1.6_@angul_3bf0992bb3b6a916346d7abb471ee6f3\node_modules\@angular\core\fesm2022\root_effect_scheduler.mjs:1118:12)
          at GameInfoComponent.<instance_members_initializer> (C:\Users\RaulM\Documents\_dev\virus\virus-frontend\src\app\features\game\components\game-board\game-info\game-info.ts:35:46)
          at new GameInfoComponent (C:\Users\RaulM\Documents\_dev\virus\virus-frontend\src\app\features\game\components\game-board\game-info\game-info.ts:28:8)
          at NodeInjectorFactory.GameInfoComponent_Factory [as factory] (ng:///GameInfoComponent/ɵfac.js:5:10)
          at getNodeInjectable (C:\Users\RaulM\Documents\_dev\virus\virus-frontend\node_modules\.pnpm\@angular+core@20.1.6_@angul_3bf0992bb3b6a916346d7abb471ee6f3\node_modules\@angular\core\fesm2022\debug_node.mjs:1989:44)
          at instantiateAllDirectives (C:\Users\RaulM\Documents\_dev\virus\virus-frontend\node_modules\.pnpm\@angular+core@20.1.6_@angul_3bf0992bb3b6a916346d7abb471ee6f3\node_modules\@angular\core\fesm2022\debug_node.mjs:8176:27)
          at createDirectivesInstances (C:\Users\RaulM\Documents\_dev\virus\virus-frontend\node_modules\.pnpm\@angular+core@20.1.6_@angul_3bf0992bb3b6a916346d7abb471ee6f3\node_modules\@angular\core\fesm2022\debug_node.mjs:7949:5)
          at ComponentFactory2.create (C:\Users\RaulM\Documents\_dev\virus\virus-frontend\node_modules\.pnpm\@angular+core@20.1.6_@angul_3bf0992bb3b6a916346d7abb471ee6f3\node_modules\@angular\core\fesm2022\debug_node.mjs:13472:17)
          at initComponent (C:\Users\RaulM\Documents\_dev\virus\virus-frontend\node_modules\.pnpm\@angular+core@20.1.6_@angul_3bf0992bb3b6a916346d7abb471ee6f3\node_modules\@angular\core\fesm2022\testing.mjs:2046:51)
          at _ZoneDelegate.invoke (C:\Users\RaulM\Documents\_dev\virus\virus-frontend\node_modules\.pnpm\zone.js@0.15.1\node_modules\zone.js\bundles\zone.umd.js:410:32)
          at Object.onInvoke (C:\Users\RaulM\Documents\_dev\virus\virus-frontend\node_modules\.pnpm\@angular+core@20.1.6_@angul_3bf0992bb3b6a916346d7abb471ee6f3\node_modules\@angular\core\fesm2022\debug_node.mjs:16672:33)
          at _ZoneDelegate.invoke (C:\Users\RaulM\Documents\_dev\virus\virus-frontend\node_modules\.pnpm\zone.js@0.15.1\node_modules\zone.js\bundles\zone.umd.js:409:38)
          at ZoneImpl.run (C:\Users\RaulM\Documents\_dev\virus\virus-frontend\node_modules\.pnpm\zone.js@0.15.1\node_modules\zone.js\bundles\zone.umd.js:145:47)
          at NgZone.run (C:\Users\RaulM\Documents\_dev\virus\virus-frontend\node_modules\.pnpm\@angular+core@20.1.6_@angul_3bf0992bb3b6a916346d7abb471ee6f3\node_modules\@angular\core\fesm2022\debug_node.mjs:16518:28)
          at _TestBedImpl.createComponent (C:\Users\RaulM\Documents\_dev\virus\virus-frontend\node_modules\.pnpm\@angular+core@20.1.6_@angul_3bf0992bb3b6a916346d7abb471ee6f3\node_modules\@angular\core\fesm2022\testing.mjs:2051:41)
          at Function.createComponent (C:\Users\RaulM\Documents\_dev\virus\virus-frontend\node_modules\.pnpm\@angular+core@20.1.6_@angul_3bf0992bb3b6a916346d7abb471ee6f3\node_modules\@angular\core\fesm2022\testing.mjs:1838:37)
          at C:\Users\RaulM\Documents\_dev\virus\virus-frontend\src\app\features\game\components\game-board\game-info\game-info.spec.ts:27:23
          at processTicksAndRejections (node:internal/process/task_queues:105:5) {
        type: 'not implemented'
      }

    [0m [90m 56 |[39m     [36mconst[39m audio [33m=[39m [36mnew[39m [33mAudio[39m(src)[33m;[39m
     [90m 57 |[39m     audio[33m.[39mpreload [33m=[39m [32m'auto'[39m[33m;[39m
    [31m[1m>[22m[39m[90m 58 |[39m     audio[33m.[39mload()[33m;[39m
     [90m    |[39m           [31m[1m^[22m[39m
     [90m 59 |[39m     [36mreturn[39m audio[33m;[39m
     [90m 60 |[39m   }
     [90m 61 |[39m }[0m

      at VirtualConsole.<anonymous> (node_modules/.pnpm/@jest+environment-jsdom-abstract@30.2.0_jsdom@26.1.0/node_modules/@jest/environment-jsdom-abstract/build/index.js:87:23)
      at module.exports (node_modules/.pnpm/jsdom@26.1.0/node_modules/jsdom/lib/jsdom/browser/not-implemented.js:12:26)
      at HTMLAudioElementImpl.load (node_modules/.pnpm/jsdom@26.1.0/node_modules/jsdom/lib/jsdom/living/nodes/HTMLMediaElement-impl.js:112:5)
      at HTMLAudioElement.load (node_modules/.pnpm/jsdom@26.1.0/node_modules/jsdom/lib/jsdom/living/generated/HTMLMediaElement.js:109:34)
      at TimerSoundService.createAudio (src/app/core/services/timer-sound.service.ts:58:11)
      at TimerSoundService.<instance_members_initializer> (src/app/core/services/timer-sound.service.ts:17:39)
      at new TimerSoundService (src/app/core/services/timer-sound.service.ts:6:8)
      at Object.TimerSoundService_Factory [as factory] (ng:\TimerSoundService\ɵfac.js:5:10)
      at node_modules/.pnpm/@angular+core@20.1.6_@angul_3bf0992bb3b6a916346d7abb471ee6f3/node_modules/@angular/core/fesm2022/root_effect_scheduler.mjs:2154:47
      at runInInjectorProfilerContext (node_modules/.pnpm/@angular+core@20.1.6_@angul_3bf0992bb3b6a916346d7abb471ee6f3/node_modules/@angular/core/fesm2022/root_effect_scheduler.mjs:720:9)
      at R3Injector.hydrate (node_modules/.pnpm/@angular+core@20.1.6_@angul_3bf0992bb3b6a916346d7abb471ee6f3/node_modules/@angular/core/fesm2022/root_effect_scheduler.mjs:2152:21)
      at R3Injector.get (node_modules/.pnpm/@angular+core@20.1.6_@angul_3bf0992bb3b6a916346d7abb471ee6f3/node_modules/@angular/core/fesm2022/root_effect_scheduler.mjs:2007:33)
      at ChainedInjector.get (node_modules/.pnpm/@angular+core@20.1.6_@angul_3bf0992bb3b6a916346d7abb471ee6f3/node_modules/@angular/core/fesm2022/debug_node.mjs:12288:36)
      at lookupTokenUsingModuleInjector (node_modules/.pnpm/@angular+core@20.1.6_@angul_3bf0992bb3b6a916346d7abb471ee6f3/node_modules/@angular/core/fesm2022/debug_node.mjs:1718:39)
      at getOrCreateInjectable (node_modules/.pnpm/@angular+core@20.1.6_@angul_3bf0992bb3b6a916346d7abb471ee6f3/node_modules/@angular/core/fesm2022/debug_node.mjs:1766:12)
      at ɵɵdirectiveInject (node_modules/.pnpm/@angular+core@20.1.6_@angul_3bf0992bb3b6a916346d7abb471ee6f3/node_modules/@angular/core/fesm2022/debug_node.mjs:12339:19)
      at ɵɵinject (node_modules/.pnpm/@angular+core@20.1.6_@angul_3bf0992bb3b6a916346d7abb471ee6f3/node_modules/@angular/core/fesm2022/root_effect_scheduler.mjs:1032:42)
      at inject (node_modules/.pnpm/@angular+core@20.1.6_@angul_3bf0992bb3b6a916346d7abb471ee6f3/node_modules/@angular/core/fesm2022/root_effect_scheduler.mjs:1118:12)
      at GameInfoComponent.<instance_members_initializer> (src/app/features/game/components/game-board/game-info/game-info.ts:35:46)
      at new GameInfoComponent (src/app/features/game/components/game-board/game-info/game-info.ts:28:8)
      at NodeInjectorFactory.GameInfoComponent_Factory [as factory] (ng:\GameInfoComponent\ɵfac.js:5:10)
      at getNodeInjectable (node_modules/.pnpm/@angular+core@20.1.6_@angul_3bf0992bb3b6a916346d7abb471ee6f3/node_modules/@angular/core/fesm2022/debug_node.mjs:1989:44)
      at instantiateAllDirectives (node_modules/.pnpm/@angular+core@20.1.6_@angul_3bf0992bb3b6a916346d7abb471ee6f3/node_modules/@angular/core/fesm2022/debug_node.mjs:8176:27)
      at createDirectivesInstances (node_modules/.pnpm/@angular+core@20.1.6_@angul_3bf0992bb3b6a916346d7abb471ee6f3/node_modules/@angular/core/fesm2022/debug_node.mjs:7949:5)
      at ComponentFactory2.create (node_modules/.pnpm/@angular+core@20.1.6_@angul_3bf0992bb3b6a916346d7abb471ee6f3/node_modules/@angular/core/fesm2022/debug_node.mjs:13472:17)
      at initComponent (node_modules/.pnpm/@angular+core@20.1.6_@angul_3bf0992bb3b6a916346d7abb471ee6f3/node_modules/@angular/core/fesm2022/testing.mjs:2046:51)
      at _ZoneDelegate.invoke (node_modules/.pnpm/zone.js@0.15.1/node_modules/zone.js/bundles/zone.umd.js:410:32)
      at Object.onInvoke (node_modules/.pnpm/@angular+core@20.1.6_@angul_3bf0992bb3b6a916346d7abb471ee6f3/node_modules/@angular/core/fesm2022/debug_node.mjs:16672:33)
      at _ZoneDelegate.invoke (node_modules/.pnpm/zone.js@0.15.1/node_modules/zone.js/bundles/zone.umd.js:409:38)
      at ZoneImpl.run (node_modules/.pnpm/zone.js@0.15.1/node_modules/zone.js/bundles/zone.umd.js:145:47)
      at NgZone.run (node_modules/.pnpm/@angular+core@20.1.6_@angul_3bf0992bb3b6a916346d7abb471ee6f3/node_modules/@angular/core/fesm2022/debug_node.mjs:16518:28)
      at _TestBedImpl.createComponent (node_modules/.pnpm/@angular+core@20.1.6_@angul_3bf0992bb3b6a916346d7abb471ee6f3/node_modules/@angular/core/fesm2022/testing.mjs:2051:41)
      at Function.createComponent (node_modules/.pnpm/@angular+core@20.1.6_@angul_3bf0992bb3b6a916346d7abb471ee6f3/node_modules/@angular/core/fesm2022/testing.mjs:1838:37)
      at src/app/features/game/components/game-board/game-info/game-info.spec.ts:27:23

    console.error
      Error: Not implemented: HTMLMediaElement.prototype.load
          at module.exports (C:\Users\RaulM\Documents\_dev\virus\virus-frontend\node_modules\.pnpm\jsdom@26.1.0\node_modules\jsdom\lib\jsdom\browser\not-implemented.js:9:17)
          at HTMLAudioElementImpl.load (C:\Users\RaulM\Documents\_dev\virus\virus-frontend\node_modules\.pnpm\jsdom@26.1.0\node_modules\jsdom\lib\jsdom\living\nodes\HTMLMediaElement-impl.js:112:5)
          at HTMLAudioElement.load (C:\Users\RaulM\Documents\_dev\virus\virus-frontend\node_modules\.pnpm\jsdom@26.1.0\node_modules\jsdom\lib\jsdom\living\generated\HTMLMediaElement.js:109:34)
          at TimerSoundService.createAudio (C:\Users\RaulM\Documents\_dev\virus\virus-frontend\src\app\core\services\timer-sound.service.ts:58:11)
          at TimerSoundService.<instance_members_initializer> (C:\Users\RaulM\Documents\_dev\virus\virus-frontend\src\app\core\services\timer-sound.service.ts:11:19)
          at new TimerSoundService (C:\Users\RaulM\Documents\_dev\virus\virus-frontend\src\app\core\services\timer-sound.service.ts:6:8)
          at Object.TimerSoundService_Factory [as factory] (ng:///TimerSoundService/ɵfac.js:5:10)
          at C:\Users\RaulM\Documents\_dev\virus\virus-frontend\node_modules\.pnpm\@angular+core@20.1.6_@angul_3bf0992bb3b6a916346d7abb471ee6f3\node_modules\@angular\core\fesm2022\root_effect_scheduler.mjs:2154:47
          at runInInjectorProfilerContext (C:\Users\RaulM\Documents\_dev\virus\virus-frontend\node_modules\.pnpm\@angular+core@20.1.6_@angul_3bf0992bb3b6a916346d7abb471ee6f3\node_modules\@angular\core\fesm2022\root_effect_scheduler.mjs:720:9)
          at R3Injector.hydrate (C:\Users\RaulM\Documents\_dev\virus\virus-frontend\node_modules\.pnpm\@angular+core@20.1.6_@angul_3bf0992bb3b6a916346d7abb471ee6f3\node_modules\@angular\core\fesm2022\root_effect_scheduler.mjs:2152:21)
          at R3Injector.get (C:\Users\RaulM\Documents\_dev\virus\virus-frontend\node_modules\.pnpm\@angular+core@20.1.6_@angul_3bf0992bb3b6a916346d7abb471ee6f3\node_modules\@angular\core\fesm2022\root_effect_scheduler.mjs:2007:33)
          at ChainedInjector.get (C:\Users\RaulM\Documents\_dev\virus\virus-frontend\node_modules\.pnpm\@angular+core@20.1.6_@angul_3bf0992bb3b6a916346d7abb471ee6f3\node_modules\@angular\core\fesm2022\debug_node.mjs:12288:36)
          at lookupTokenUsingModuleInjector (C:\Users\RaulM\Documents\_dev\virus\virus-frontend\node_modules\.pnpm\@angular+core@20.1.6_@angul_3bf0992bb3b6a916346d7abb471ee6f3\node_modules\@angular\core\fesm2022\debug_node.mjs:1718:39)
          at getOrCreateInjectable (C:\Users\RaulM\Documents\_dev\virus\virus-frontend\node_modules\.pnpm\@angular+core@20.1.6_@angul_3bf0992bb3b6a916346d7abb471ee6f3\node_modules\@angular\core\fesm2022\debug_node.mjs:1766:12)
          at ɵɵdirectiveInject (C:\Users\RaulM\Documents\_dev\virus\virus-frontend\node_modules\.pnpm\@angular+core@20.1.6_@angul_3bf0992bb3b6a916346d7abb471ee6f3\node_modules\@angular\core\fesm2022\debug_node.mjs:12339:19)
          at ɵɵinject (C:\Users\RaulM\Documents\_dev\virus\virus-frontend\node_modules\.pnpm\@angular+core@20.1.6_@angul_3bf0992bb3b6a916346d7abb471ee6f3\node_modules\@angular\core\fesm2022\root_effect_scheduler.mjs:1032:42)
          at inject (C:\Users\RaulM\Documents\_dev\virus\virus-frontend\node_modules\.pnpm\@angular+core@20.1.6_@angul_3bf0992bb3b6a916346d7abb471ee6f3\node_modules\@angular\core\fesm2022\root_effect_scheduler.mjs:1118:12)
          at GameInfoComponent.<instance_members_initializer> (C:\Users\RaulM\Documents\_dev\virus\virus-frontend\src\app\features\game\components\game-board\game-info\game-info.ts:35:46)
          at new GameInfoComponent (C:\Users\RaulM\Documents\_dev\virus\virus-frontend\src\app\features\game\components\game-board\game-info\game-info.ts:28:8)
          at NodeInjectorFactory.GameInfoComponent_Factory [as factory] (ng:///GameInfoComponent/ɵfac.js:5:10)
          at getNodeInjectable (C:\Users\RaulM\Documents\_dev\virus\virus-frontend\node_modules\.pnpm\@angular+core@20.1.6_@angul_3bf0992bb3b6a916346d7abb471ee6f3\node_modules\@angular\core\fesm2022\debug_node.mjs:1989:44)
          at instantiateAllDirectives (C:\Users\RaulM\Documents\_dev\virus\virus-frontend\node_modules\.pnpm\@angular+core@20.1.6_@angul_3bf0992bb3b6a916346d7abb471ee6f3\node_modules\@angular\core\fesm2022\debug_node.mjs:8176:27)
          at createDirectivesInstances (C:\Users\RaulM\Documents\_dev\virus\virus-frontend\node_modules\.pnpm\@angular+core@20.1.6_@angul_3bf0992bb3b6a916346d7abb471ee6f3\node_modules\@angular\core\fesm2022\debug_node.mjs:7949:5)
          at ComponentFactory2.create (C:\Users\RaulM\Documents\_dev\virus\virus-frontend\node_modules\.pnpm\@angular+core@20.1.6_@angul_3bf0992bb3b6a916346d7abb471ee6f3\node_modules\@angular\core\fesm2022\debug_node.mjs:13472:17)
          at initComponent (C:\Users\RaulM\Documents\_dev\virus\virus-frontend\node_modules\.pnpm\@angular+core@20.1.6_@angul_3bf0992bb3b6a916346d7abb471ee6f3\node_modules\@angular\core\fesm2022\testing.mjs:2046:51)
          at _ZoneDelegate.invoke (C:\Users\RaulM\Documents\_dev\virus\virus-frontend\node_modules\.pnpm\zone.js@0.15.1\node_modules\zone.js\bundles\zone.umd.js:410:32)
          at Object.onInvoke (C:\Users\RaulM\Documents\_dev\virus\virus-frontend\node_modules\.pnpm\@angular+core@20.1.6_@angul_3bf0992bb3b6a916346d7abb471ee6f3\node_modules\@angular\core\fesm2022\debug_node.mjs:16672:33)
          at _ZoneDelegate.invoke (C:\Users\RaulM\Documents\_dev\virus\virus-frontend\node_modules\.pnpm\zone.js@0.15.1\node_modules\zone.js\bundles\zone.umd.js:409:38)
          at ZoneImpl.run (C:\Users\RaulM\Documents\_dev\virus\virus-frontend\node_modules\.pnpm\zone.js@0.15.1\node_modules\zone.js\bundles\zone.umd.js:145:47)
          at NgZone.run (C:\Users\RaulM\Documents\_dev\virus\virus-frontend\node_modules\.pnpm\@angular+core@20.1.6_@angul_3bf0992bb3b6a916346d7abb471ee6f3\node_modules\@angular\core\fesm2022\debug_node.mjs:16518:28)
          at _TestBedImpl.createComponent (C:\Users\RaulM\Documents\_dev\virus\virus-frontend\node_modules\.pnpm\@angular+core@20.1.6_@angul_3bf0992bb3b6a916346d7abb471ee6f3\node_modules\@angular\core\fesm2022\testing.mjs:2051:41)
          at Function.createComponent (C:\Users\RaulM\Documents\_dev\virus\virus-frontend\node_modules\.pnpm\@angular+core@20.1.6_@angul_3bf0992bb3b6a916346d7abb471ee6f3\node_modules\@angular\core\fesm2022\testing.mjs:1838:37)
          at C:\Users\RaulM\Documents\_dev\virus\virus-frontend\src\app\features\game\components\game-board\game-info\game-info.spec.ts:27:23
          at processTicksAndRejections (node:internal/process/task_queues:105:5) {
        type: 'not implemented'
      }

    [0m [90m 56 |[39m     [36mconst[39m audio [33m=[39m [36mnew[39m [33mAudio[39m(src)[33m;[39m
     [90m 57 |[39m     audio[33m.[39mpreload [33m=[39m [32m'auto'[39m[33m;[39m
    [31m[1m>[22m[39m[90m 58 |[39m     audio[33m.[39mload()[33m;[39m
     [90m    |[39m           [31m[1m^[22m[39m
     [90m 59 |[39m     [36mreturn[39m audio[33m;[39m
     [90m 60 |[39m   }
     [90m 61 |[39m }[0m

      at VirtualConsole.<anonymous> (node_modules/.pnpm/@jest+environment-jsdom-abstract@30.2.0_jsdom@26.1.0/node_modules/@jest/environment-jsdom-abstract/build/index.js:87:23)
      at module.exports (node_modules/.pnpm/jsdom@26.1.0/node_modules/jsdom/lib/jsdom/browser/not-implemented.js:12:26)
      at HTMLAudioElementImpl.load (node_modules/.pnpm/jsdom@26.1.0/node_modules/jsdom/lib/jsdom/living/nodes/HTMLMediaElement-impl.js:112:5)
      at HTMLAudioElement.load (node_modules/.pnpm/jsdom@26.1.0/node_modules/jsdom/lib/jsdom/living/generated/HTMLMediaElement.js:109:34)
      at TimerSoundService.createAudio (src/app/core/services/timer-sound.service.ts:58:11)
      at TimerSoundService.<instance_members_initializer> (src/app/core/services/timer-sound.service.ts:11:19)
      at new TimerSoundService (src/app/core/services/timer-sound.service.ts:6:8)
      at Object.TimerSoundService_Factory [as factory] (ng:\TimerSoundService\ɵfac.js:5:10)
      at node_modules/.pnpm/@angular+core@20.1.6_@angul_3bf0992bb3b6a916346d7abb471ee6f3/node_modules/@angular/core/fesm2022/root_effect_scheduler.mjs:2154:47
      at runInInjectorProfilerContext (node_modules/.pnpm/@angular+core@20.1.6_@angul_3bf0992bb3b6a916346d7abb471ee6f3/node_modules/@angular/core/fesm2022/root_effect_scheduler.mjs:720:9)
      at R3Injector.hydrate (node_modules/.pnpm/@angular+core@20.1.6_@angul_3bf0992bb3b6a916346d7abb471ee6f3/node_modules/@angular/core/fesm2022/root_effect_scheduler.mjs:2152:21)
      at R3Injector.get (node_modules/.pnpm/@angular+core@20.1.6_@angul_3bf0992bb3b6a916346d7abb471ee6f3/node_modules/@angular/core/fesm2022/root_effect_scheduler.mjs:2007:33)
      at ChainedInjector.get (node_modules/.pnpm/@angular+core@20.1.6_@angul_3bf0992bb3b6a916346d7abb471ee6f3/node_modules/@angular/core/fesm2022/debug_node.mjs:12288:36)
      at lookupTokenUsingModuleInjector (node_modules/.pnpm/@angular+core@20.1.6_@angul_3bf0992bb3b6a916346d7abb471ee6f3/node_modules/@angular/core/fesm2022/debug_node.mjs:1718:39)
      at getOrCreateInjectable (node_modules/.pnpm/@angular+core@20.1.6_@angul_3bf0992bb3b6a916346d7abb471ee6f3/node_modules/@angular/core/fesm2022/debug_node.mjs:1766:12)
      at ɵɵdirectiveInject (node_modules/.pnpm/@angular+core@20.1.6_@angul_3bf0992bb3b6a916346d7abb471ee6f3/node_modules/@angular/core/fesm2022/debug_node.mjs:12339:19)
      at ɵɵinject (node_modules/.pnpm/@angular+core@20.1.6_@angul_3bf0992bb3b6a916346d7abb471ee6f3/node_modules/@angular/core/fesm2022/root_effect_scheduler.mjs:1032:42)
      at inject (node_modules/.pnpm/@angular+core@20.1.6_@angul_3bf0992bb3b6a916346d7abb471ee6f3/node_modules/@angular/core/fesm2022/root_effect_scheduler.mjs:1118:12)
      at GameInfoComponent.<instance_members_initializer> (src/app/features/game/components/game-board/game-info/game-info.ts:35:46)
      at new GameInfoComponent (src/app/features/game/components/game-board/game-info/game-info.ts:28:8)
      at NodeInjectorFactory.GameInfoComponent_Factory [as factory] (ng:\GameInfoComponent\ɵfac.js:5:10)
      at getNodeInjectable (node_modules/.pnpm/@angular+core@20.1.6_@angul_3bf0992bb3b6a916346d7abb471ee6f3/node_modules/@angular/core/fesm2022/debug_node.mjs:1989:44)
      at instantiateAllDirectives (node_modules/.pnpm/@angular+core@20.1.6_@angul_3bf0992bb3b6a916346d7abb471ee6f3/node_modules/@angular/core/fesm2022/debug_node.mjs:8176:27)
      at createDirectivesInstances (node_modules/.pnpm/@angular+core@20.1.6_@angul_3bf0992bb3b6a916346d7abb471ee6f3/node_modules/@angular/core/fesm2022/debug_node.mjs:7949:5)
      at ComponentFactory2.create (node_modules/.pnpm/@angular+core@20.1.6_@angul_3bf0992bb3b6a916346d7abb471ee6f3/node_modules/@angular/core/fesm2022/debug_node.mjs:13472:17)
      at initComponent (node_modules/.pnpm/@angular+core@20.1.6_@angul_3bf0992bb3b6a916346d7abb471ee6f3/node_modules/@angular/core/fesm2022/testing.mjs:2046:51)
      at _ZoneDelegate.invoke (node_modules/.pnpm/zone.js@0.15.1/node_modules/zone.js/bundles/zone.umd.js:410:32)
      at Object.onInvoke (node_modules/.pnpm/@angular+core@20.1.6_@angul_3bf0992bb3b6a916346d7abb471ee6f3/node_modules/@angular/core/fesm2022/debug_node.mjs:16672:33)
      at _ZoneDelegate.invoke (node_modules/.pnpm/zone.js@0.15.1/node_modules/zone.js/bundles/zone.umd.js:409:38)
      at ZoneImpl.run (node_modules/.pnpm/zone.js@0.15.1/node_modules/zone.js/bundles/zone.umd.js:145:47)
      at NgZone.run (node_modules/.pnpm/@angular+core@20.1.6_@angul_3bf0992bb3b6a916346d7abb471ee6f3/node_modules/@angular/core/fesm2022/debug_node.mjs:16518:28)
      at _TestBedImpl.createComponent (node_modules/.pnpm/@angular+core@20.1.6_@angul_3bf0992bb3b6a916346d7abb471ee6f3/node_modules/@angular/core/fesm2022/testing.mjs:2051:41)
      at Function.createComponent (node_modules/.pnpm/@angular+core@20.1.6_@angul_3bf0992bb3b6a916346d7abb471ee6f3/node_modules/@angular/core/fesm2022/testing.mjs:1838:37)
      at src/app/features/game/components/game-board/game-info/game-info.spec.ts:27:23

    console.error
      Error: Not implemented: HTMLMediaElement.prototype.load
          at module.exports (C:\Users\RaulM\Documents\_dev\virus\virus-frontend\node_modules\.pnpm\jsdom@26.1.0\node_modules\jsdom\lib\jsdom\browser\not-implemented.js:9:17)
          at HTMLAudioElementImpl.load (C:\Users\RaulM\Documents\_dev\virus\virus-frontend\node_modules\.pnpm\jsdom@26.1.0\node_modules\jsdom\lib\jsdom\living\nodes\HTMLMediaElement-impl.js:112:5)
          at HTMLAudioElement.load (C:\Users\RaulM\Documents\_dev\virus\virus-frontend\node_modules\.pnpm\jsdom@26.1.0\node_modules\jsdom\lib\jsdom\living\generated\HTMLMediaElement.js:109:34)
          at TimerSoundService.createAudio (C:\Users\RaulM\Documents\_dev\virus\virus-frontend\src\app\core\services\timer-sound.service.ts:58:11)
          at TimerSoundService.<instance_members_initializer> (C:\Users\RaulM\Documents\_dev\virus\virus-frontend\src\app\core\services\timer-sound.service.ts:12:19)
          at new TimerSoundService (C:\Users\RaulM\Documents\_dev\virus\virus-frontend\src\app\core\services\timer-sound.service.ts:6:8)
          at Object.TimerSoundService_Factory [as factory] (ng:///TimerSoundService/ɵfac.js:5:10)
          at C:\Users\RaulM\Documents\_dev\virus\virus-frontend\node_modules\.pnpm\@angular+core@20.1.6_@angul_3bf0992bb3b6a916346d7abb471ee6f3\node_modules\@angular\core\fesm2022\root_effect_scheduler.mjs:2154:47
          at runInInjectorProfilerContext (C:\Users\RaulM\Documents\_dev\virus\virus-frontend\node_modules\.pnpm\@angular+core@20.1.6_@angul_3bf0992bb3b6a916346d7abb471ee6f3\node_modules\@angular\core\fesm2022\root_effect_scheduler.mjs:720:9)
          at R3Injector.hydrate (C:\Users\RaulM\Documents\_dev\virus\virus-frontend\node_modules\.pnpm\@angular+core@20.1.6_@angul_3bf0992bb3b6a916346d7abb471ee6f3\node_modules\@angular\core\fesm2022\root_effect_scheduler.mjs:2152:21)
          at R3Injector.get (C:\Users\RaulM\Documents\_dev\virus\virus-frontend\node_modules\.pnpm\@angular+core@20.1.6_@angul_3bf0992bb3b6a916346d7abb471ee6f3\node_modules\@angular\core\fesm2022\root_effect_scheduler.mjs:2007:33)
          at ChainedInjector.get (C:\Users\RaulM\Documents\_dev\virus\virus-frontend\node_modules\.pnpm\@angular+core@20.1.6_@angul_3bf0992bb3b6a916346d7abb471ee6f3\node_modules\@angular\core\fesm2022\debug_node.mjs:12288:36)
          at lookupTokenUsingModuleInjector (C:\Users\RaulM\Documents\_dev\virus\virus-frontend\node_modules\.pnpm\@angular+core@20.1.6_@angul_3bf0992bb3b6a916346d7abb471ee6f3\node_modules\@angular\core\fesm2022\debug_node.mjs:1718:39)
          at getOrCreateInjectable (C:\Users\RaulM\Documents\_dev\virus\virus-frontend\node_modules\.pnpm\@angular+core@20.1.6_@angul_3bf0992bb3b6a916346d7abb471ee6f3\node_modules\@angular\core\fesm2022\debug_node.mjs:1766:12)
          at ɵɵdirectiveInject (C:\Users\RaulM\Documents\_dev\virus\virus-frontend\node_modules\.pnpm\@angular+core@20.1.6_@angul_3bf0992bb3b6a916346d7abb471ee6f3\node_modules\@angular\core\fesm2022\debug_node.mjs:12339:19)
          at ɵɵinject (C:\Users\RaulM\Documents\_dev\virus\virus-frontend\node_modules\.pnpm\@angular+core@20.1.6_@angul_3bf0992bb3b6a916346d7abb471ee6f3\node_modules\@angular\core\fesm2022\root_effect_scheduler.mjs:1032:42)
          at inject (C:\Users\RaulM\Documents\_dev\virus\virus-frontend\node_modules\.pnpm\@angular+core@20.1.6_@angul_3bf0992bb3b6a916346d7abb471ee6f3\node_modules\@angular\core\fesm2022\root_effect_scheduler.mjs:1118:12)
          at GameInfoComponent.<instance_members_initializer> (C:\Users\RaulM\Documents\_dev\virus\virus-frontend\src\app\features\game\components\game-board\game-info\game-info.ts:35:46)
          at new GameInfoComponent (C:\Users\RaulM\Documents\_dev\virus\virus-frontend\src\app\features\game\components\game-board\game-info\game-info.ts:28:8)
          at NodeInjectorFactory.GameInfoComponent_Factory [as factory] (ng:///GameInfoComponent/ɵfac.js:5:10)
          at getNodeInjectable (C:\Users\RaulM\Documents\_dev\virus\virus-frontend\node_modules\.pnpm\@angular+core@20.1.6_@angul_3bf0992bb3b6a916346d7abb471ee6f3\node_modules\@angular\core\fesm2022\debug_node.mjs:1989:44)
          at instantiateAllDirectives (C:\Users\RaulM\Documents\_dev\virus\virus-frontend\node_modules\.pnpm\@angular+core@20.1.6_@angul_3bf0992bb3b6a916346d7abb471ee6f3\node_modules\@angular\core\fesm2022\debug_node.mjs:8176:27)
          at createDirectivesInstances (C:\Users\RaulM\Documents\_dev\virus\virus-frontend\node_modules\.pnpm\@angular+core@20.1.6_@angul_3bf0992bb3b6a916346d7abb471ee6f3\node_modules\@angular\core\fesm2022\debug_node.mjs:7949:5)
          at ComponentFactory2.create (C:\Users\RaulM\Documents\_dev\virus\virus-frontend\node_modules\.pnpm\@angular+core@20.1.6_@angul_3bf0992bb3b6a916346d7abb471ee6f3\node_modules\@angular\core\fesm2022\debug_node.mjs:13472:17)
          at initComponent (C:\Users\RaulM\Documents\_dev\virus\virus-frontend\node_modules\.pnpm\@angular+core@20.1.6_@angul_3bf0992bb3b6a916346d7abb471ee6f3\node_modules\@angular\core\fesm2022\testing.mjs:2046:51)
          at _ZoneDelegate.invoke (C:\Users\RaulM\Documents\_dev\virus\virus-frontend\node_modules\.pnpm\zone.js@0.15.1\node_modules\zone.js\bundles\zone.umd.js:410:32)
          at Object.onInvoke (C:\Users\RaulM\Documents\_dev\virus\virus-frontend\node_modules\.pnpm\@angular+core@20.1.6_@angul_3bf0992bb3b6a916346d7abb471ee6f3\node_modules\@angular\core\fesm2022\debug_node.mjs:16672:33)
          at _ZoneDelegate.invoke (C:\Users\RaulM\Documents\_dev\virus\virus-frontend\node_modules\.pnpm\zone.js@0.15.1\node_modules\zone.js\bundles\zone.umd.js:409:38)
          at ZoneImpl.run (C:\Users\RaulM\Documents\_dev\virus\virus-frontend\node_modules\.pnpm\zone.js@0.15.1\node_modules\zone.js\bundles\zone.umd.js:145:47)
          at NgZone.run (C:\Users\RaulM\Documents\_dev\virus\virus-frontend\node_modules\.pnpm\@angular+core@20.1.6_@angul_3bf0992bb3b6a916346d7abb471ee6f3\node_modules\@angular\core\fesm2022\debug_node.mjs:16518:28)
          at _TestBedImpl.createComponent (C:\Users\RaulM\Documents\_dev\virus\virus-frontend\node_modules\.pnpm\@angular+core@20.1.6_@angul_3bf0992bb3b6a916346d7abb471ee6f3\node_modules\@angular\core\fesm2022\testing.mjs:2051:41)
          at Function.createComponent (C:\Users\RaulM\Documents\_dev\virus\virus-frontend\node_modules\.pnpm\@angular+core@20.1.6_@angul_3bf0992bb3b6a916346d7abb471ee6f3\node_modules\@angular\core\fesm2022\testing.mjs:1838:37)
          at C:\Users\RaulM\Documents\_dev\virus\virus-frontend\src\app\features\game\components\game-board\game-info\game-info.spec.ts:27:23
          at processTicksAndRejections (node:internal/process/task_queues:105:5) {
        type: 'not implemented'
      }

    [0m [90m 56 |[39m     [36mconst[39m audio [33m=[39m [36mnew[39m [33mAudio[39m(src)[33m;[39m
     [90m 57 |[39m     audio[33m.[39mpreload [33m=[39m [32m'auto'[39m[33m;[39m
    [31m[1m>[22m[39m[90m 58 |[39m     audio[33m.[39mload()[33m;[39m
     [90m    |[39m           [31m[1m^[22m[39m
     [90m 59 |[39m     [36mreturn[39m audio[33m;[39m
     [90m 60 |[39m   }
     [90m 61 |[39m }[0m

      at VirtualConsole.<anonymous> (node_modules/.pnpm/@jest+environment-jsdom-abstract@30.2.0_jsdom@26.1.0/node_modules/@jest/environment-jsdom-abstract/build/index.js:87:23)
      at module.exports (node_modules/.pnpm/jsdom@26.1.0/node_modules/jsdom/lib/jsdom/browser/not-implemented.js:12:26)
      at HTMLAudioElementImpl.load (node_modules/.pnpm/jsdom@26.1.0/node_modules/jsdom/lib/jsdom/living/nodes/HTMLMediaElement-impl.js:112:5)
      at HTMLAudioElement.load (node_modules/.pnpm/jsdom@26.1.0/node_modules/jsdom/lib/jsdom/living/generated/HTMLMediaElement.js:109:34)
      at TimerSoundService.createAudio (src/app/core/services/timer-sound.service.ts:58:11)
      at TimerSoundService.<instance_members_initializer> (src/app/core/services/timer-sound.service.ts:12:19)
      at new TimerSoundService (src/app/core/services/timer-sound.service.ts:6:8)
      at Object.TimerSoundService_Factory [as factory] (ng:\TimerSoundService\ɵfac.js:5:10)
      at node_modules/.pnpm/@angular+core@20.1.6_@angul_3bf0992bb3b6a916346d7abb471ee6f3/node_modules/@angular/core/fesm2022/root_effect_scheduler.mjs:2154:47
      at runInInjectorProfilerContext (node_modules/.pnpm/@angular+core@20.1.6_@angul_3bf0992bb3b6a916346d7abb471ee6f3/node_modules/@angular/core/fesm2022/root_effect_scheduler.mjs:720:9)
      at R3Injector.hydrate (node_modules/.pnpm/@angular+core@20.1.6_@angul_3bf0992bb3b6a916346d7abb471ee6f3/node_modules/@angular/core/fesm2022/root_effect_scheduler.mjs:2152:21)
      at R3Injector.get (node_modules/.pnpm/@angular+core@20.1.6_@angul_3bf0992bb3b6a916346d7abb471ee6f3/node_modules/@angular/core/fesm2022/root_effect_scheduler.mjs:2007:33)
      at ChainedInjector.get (node_modules/.pnpm/@angular+core@20.1.6_@angul_3bf0992bb3b6a916346d7abb471ee6f3/node_modules/@angular/core/fesm2022/debug_node.mjs:12288:36)
      at lookupTokenUsingModuleInjector (node_modules/.pnpm/@angular+core@20.1.6_@angul_3bf0992bb3b6a916346d7abb471ee6f3/node_modules/@angular/core/fesm2022/debug_node.mjs:1718:39)
      at getOrCreateInjectable (node_modules/.pnpm/@angular+core@20.1.6_@angul_3bf0992bb3b6a916346d7abb471ee6f3/node_modules/@angular/core/fesm2022/debug_node.mjs:1766:12)
      at ɵɵdirectiveInject (node_modules/.pnpm/@angular+core@20.1.6_@angul_3bf0992bb3b6a916346d7abb471ee6f3/node_modules/@angular/core/fesm2022/debug_node.mjs:12339:19)
      at ɵɵinject (node_modules/.pnpm/@angular+core@20.1.6_@angul_3bf0992bb3b6a916346d7abb471ee6f3/node_modules/@angular/core/fesm2022/root_effect_scheduler.mjs:1032:42)
      at inject (node_modules/.pnpm/@angular+core@20.1.6_@angul_3bf0992bb3b6a916346d7abb471ee6f3/node_modules/@angular/core/fesm2022/root_effect_scheduler.mjs:1118:12)
      at GameInfoComponent.<instance_members_initializer> (src/app/features/game/components/game-board/game-info/game-info.ts:35:46)
      at new GameInfoComponent (src/app/features/game/components/game-board/game-info/game-info.ts:28:8)
      at NodeInjectorFactory.GameInfoComponent_Factory [as factory] (ng:\GameInfoComponent\ɵfac.js:5:10)
      at getNodeInjectable (node_modules/.pnpm/@angular+core@20.1.6_@angul_3bf0992bb3b6a916346d7abb471ee6f3/node_modules/@angular/core/fesm2022/debug_node.mjs:1989:44)
      at instantiateAllDirectives (node_modules/.pnpm/@angular+core@20.1.6_@angul_3bf0992bb3b6a916346d7abb471ee6f3/node_modules/@angular/core/fesm2022/debug_node.mjs:8176:27)
      at createDirectivesInstances (node_modules/.pnpm/@angular+core@20.1.6_@angul_3bf0992bb3b6a916346d7abb471ee6f3/node_modules/@angular/core/fesm2022/debug_node.mjs:7949:5)
      at ComponentFactory2.create (node_modules/.pnpm/@angular+core@20.1.6_@angul_3bf0992bb3b6a916346d7abb471ee6f3/node_modules/@angular/core/fesm2022/debug_node.mjs:13472:17)
      at initComponent (node_modules/.pnpm/@angular+core@20.1.6_@angul_3bf0992bb3b6a916346d7abb471ee6f3/node_modules/@angular/core/fesm2022/testing.mjs:2046:51)
      at _ZoneDelegate.invoke (node_modules/.pnpm/zone.js@0.15.1/node_modules/zone.js/bundles/zone.umd.js:410:32)
      at Object.onInvoke (node_modules/.pnpm/@angular+core@20.1.6_@angul_3bf0992bb3b6a916346d7abb471ee6f3/node_modules/@angular/core/fesm2022/debug_node.mjs:16672:33)
      at _ZoneDelegate.invoke (node_modules/.pnpm/zone.js@0.15.1/node_modules/zone.js/bundles/zone.umd.js:409:38)
      at ZoneImpl.run (node_modules/.pnpm/zone.js@0.15.1/node_modules/zone.js/bundles/zone.umd.js:145:47)
      at NgZone.run (node_modules/.pnpm/@angular+core@20.1.6_@angul_3bf0992bb3b6a916346d7abb471ee6f3/node_modules/@angular/core/fesm2022/debug_node.mjs:16518:28)
      at _TestBedImpl.createComponent (node_modules/.pnpm/@angular+core@20.1.6_@angul_3bf0992bb3b6a916346d7abb471ee6f3/node_modules/@angular/core/fesm2022/testing.mjs:2051:41)
      at Function.createComponent (node_modules/.pnpm/@angular+core@20.1.6_@angul_3bf0992bb3b6a916346d7abb471ee6f3/node_modules/@angular/core/fesm2022/testing.mjs:1838:37)
      at src/app/features/game/components/game-board/game-info/game-info.spec.ts:27:23

    console.error
      Error: Not implemented: HTMLMediaElement.prototype.load
          at module.exports (C:\Users\RaulM\Documents\_dev\virus\virus-frontend\node_modules\.pnpm\jsdom@26.1.0\node_modules\jsdom\lib\jsdom\browser\not-implemented.js:9:17)
          at HTMLAudioElementImpl.load (C:\Users\RaulM\Documents\_dev\virus\virus-frontend\node_modules\.pnpm\jsdom@26.1.0\node_modules\jsdom\lib\jsdom\living\nodes\HTMLMediaElement-impl.js:112:5)
          at HTMLAudioElement.load (C:\Users\RaulM\Documents\_dev\virus\virus-frontend\node_modules\.pnpm\jsdom@26.1.0\node_modules\jsdom\lib\jsdom\living\generated\HTMLMediaElement.js:109:34)
          at TimerSoundService.createAudio (C:\Users\RaulM\Documents\_dev\virus\virus-frontend\src\app\core\services\timer-sound.service.ts:58:11)
          at TimerSoundService.<instance_members_initializer> (C:\Users\RaulM\Documents\_dev\virus\virus-frontend\src\app\core\services\timer-sound.service.ts:13:20)
          at new TimerSoundService (C:\Users\RaulM\Documents\_dev\virus\virus-frontend\src\app\core\services\timer-sound.service.ts:6:8)
          at Object.TimerSoundService_Factory [as factory] (ng:///TimerSoundService/ɵfac.js:5:10)
          at C:\Users\RaulM\Documents\_dev\virus\virus-frontend\node_modules\.pnpm\@angular+core@20.1.6_@angul_3bf0992bb3b6a916346d7abb471ee6f3\node_modules\@angular\core\fesm2022\root_effect_scheduler.mjs:2154:47
          at runInInjectorProfilerContext (C:\Users\RaulM\Documents\_dev\virus\virus-frontend\node_modules\.pnpm\@angular+core@20.1.6_@angul_3bf0992bb3b6a916346d7abb471ee6f3\node_modules\@angular\core\fesm2022\root_effect_scheduler.mjs:720:9)
          at R3Injector.hydrate (C:\Users\RaulM\Documents\_dev\virus\virus-frontend\node_modules\.pnpm\@angular+core@20.1.6_@angul_3bf0992bb3b6a916346d7abb471ee6f3\node_modules\@angular\core\fesm2022\root_effect_scheduler.mjs:2152:21)
          at R3Injector.get (C:\Users\RaulM\Documents\_dev\virus\virus-frontend\node_modules\.pnpm\@angular+core@20.1.6_@angul_3bf0992bb3b6a916346d7abb471ee6f3\node_modules\@angular\core\fesm2022\root_effect_scheduler.mjs:2007:33)
          at ChainedInjector.get (C:\Users\RaulM\Documents\_dev\virus\virus-frontend\node_modules\.pnpm\@angular+core@20.1.6_@angul_3bf0992bb3b6a916346d7abb471ee6f3\node_modules\@angular\core\fesm2022\debug_node.mjs:12288:36)
          at lookupTokenUsingModuleInjector (C:\Users\RaulM\Documents\_dev\virus\virus-frontend\node_modules\.pnpm\@angular+core@20.1.6_@angul_3bf0992bb3b6a916346d7abb471ee6f3\node_modules\@angular\core\fesm2022\debug_node.mjs:1718:39)
          at getOrCreateInjectable (C:\Users\RaulM\Documents\_dev\virus\virus-frontend\node_modules\.pnpm\@angular+core@20.1.6_@angul_3bf0992bb3b6a916346d7abb471ee6f3\node_modules\@angular\core\fesm2022\debug_node.mjs:1766:12)
          at ɵɵdirectiveInject (C:\Users\RaulM\Documents\_dev\virus\virus-frontend\node_modules\.pnpm\@angular+core@20.1.6_@angul_3bf0992bb3b6a916346d7abb471ee6f3\node_modules\@angular\core\fesm2022\debug_node.mjs:12339:19)
          at ɵɵinject (C:\Users\RaulM\Documents\_dev\virus\virus-frontend\node_modules\.pnpm\@angular+core@20.1.6_@angul_3bf0992bb3b6a916346d7abb471ee6f3\node_modules\@angular\core\fesm2022\root_effect_scheduler.mjs:1032:42)
          at inject (C:\Users\RaulM\Documents\_dev\virus\virus-frontend\node_modules\.pnpm\@angular+core@20.1.6_@angul_3bf0992bb3b6a916346d7abb471ee6f3\node_modules\@angular\core\fesm2022\root_effect_scheduler.mjs:1118:12)
          at GameInfoComponent.<instance_members_initializer> (C:\Users\RaulM\Documents\_dev\virus\virus-frontend\src\app\features\game\components\game-board\game-info\game-info.ts:35:46)
          at new GameInfoComponent (C:\Users\RaulM\Documents\_dev\virus\virus-frontend\src\app\features\game\components\game-board\game-info\game-info.ts:28:8)
          at NodeInjectorFactory.GameInfoComponent_Factory [as factory] (ng:///GameInfoComponent/ɵfac.js:5:10)
          at getNodeInjectable (C:\Users\RaulM\Documents\_dev\virus\virus-frontend\node_modules\.pnpm\@angular+core@20.1.6_@angul_3bf0992bb3b6a916346d7abb471ee6f3\node_modules\@angular\core\fesm2022\debug_node.mjs:1989:44)
          at instantiateAllDirectives (C:\Users\RaulM\Documents\_dev\virus\virus-frontend\node_modules\.pnpm\@angular+core@20.1.6_@angul_3bf0992bb3b6a916346d7abb471ee6f3\node_modules\@angular\core\fesm2022\debug_node.mjs:8176:27)
          at createDirectivesInstances (C:\Users\RaulM\Documents\_dev\virus\virus-frontend\node_modules\.pnpm\@angular+core@20.1.6_@angul_3bf0992bb3b6a916346d7abb471ee6f3\node_modules\@angular\core\fesm2022\debug_node.mjs:7949:5)
          at ComponentFactory2.create (C:\Users\RaulM\Documents\_dev\virus\virus-frontend\node_modules\.pnpm\@angular+core@20.1.6_@angul_3bf0992bb3b6a916346d7abb471ee6f3\node_modules\@angular\core\fesm2022\debug_node.mjs:13472:17)
          at initComponent (C:\Users\RaulM\Documents\_dev\virus\virus-frontend\node_modules\.pnpm\@angular+core@20.1.6_@angul_3bf0992bb3b6a916346d7abb471ee6f3\node_modules\@angular\core\fesm2022\testing.mjs:2046:51)
          at _ZoneDelegate.invoke (C:\Users\RaulM\Documents\_dev\virus\virus-frontend\node_modules\.pnpm\zone.js@0.15.1\node_modules\zone.js\bundles\zone.umd.js:410:32)
          at Object.onInvoke (C:\Users\RaulM\Documents\_dev\virus\virus-frontend\node_modules\.pnpm\@angular+core@20.1.6_@angul_3bf0992bb3b6a916346d7abb471ee6f3\node_modules\@angular\core\fesm2022\debug_node.mjs:16672:33)
          at _ZoneDelegate.invoke (C:\Users\RaulM\Documents\_dev\virus\virus-frontend\node_modules\.pnpm\zone.js@0.15.1\node_modules\zone.js\bundles\zone.umd.js:409:38)
          at ZoneImpl.run (C:\Users\RaulM\Documents\_dev\virus\virus-frontend\node_modules\.pnpm\zone.js@0.15.1\node_modules\zone.js\bundles\zone.umd.js:145:47)
          at NgZone.run (C:\Users\RaulM\Documents\_dev\virus\virus-frontend\node_modules\.pnpm\@angular+core@20.1.6_@angul_3bf0992bb3b6a916346d7abb471ee6f3\node_modules\@angular\core\fesm2022\debug_node.mjs:16518:28)
          at _TestBedImpl.createComponent (C:\Users\RaulM\Documents\_dev\virus\virus-frontend\node_modules\.pnpm\@angular+core@20.1.6_@angul_3bf0992bb3b6a916346d7abb471ee6f3\node_modules\@angular\core\fesm2022\testing.mjs:2051:41)
          at Function.createComponent (C:\Users\RaulM\Documents\_dev\virus\virus-frontend\node_modules\.pnpm\@angular+core@20.1.6_@angul_3bf0992bb3b6a916346d7abb471ee6f3\node_modules\@angular\core\fesm2022\testing.mjs:1838:37)
          at C:\Users\RaulM\Documents\_dev\virus\virus-frontend\src\app\features\game\components\game-board\game-info\game-info.spec.ts:27:23
          at processTicksAndRejections (node:internal/process/task_queues:105:5) {
        type: 'not implemented'
      }

    [0m [90m 56 |[39m     [36mconst[39m audio [33m=[39m [36mnew[39m [33mAudio[39m(src)[33m;[39m
     [90m 57 |[39m     audio[33m.[39mpreload [33m=[39m [32m'auto'[39m[33m;[39m
    [31m[1m>[22m[39m[90m 58 |[39m     audio[33m.[39mload()[33m;[39m
     [90m    |[39m           [31m[1m^[22m[39m
     [90m 59 |[39m     [36mreturn[39m audio[33m;[39m
     [90m 60 |[39m   }
     [90m 61 |[39m }[0m

      at VirtualConsole.<anonymous> (node_modules/.pnpm/@jest+environment-jsdom-abstract@30.2.0_jsdom@26.1.0/node_modules/@jest/environment-jsdom-abstract/build/index.js:87:23)
      at module.exports (node_modules/.pnpm/jsdom@26.1.0/node_modules/jsdom/lib/jsdom/browser/not-implemented.js:12:26)
      at HTMLAudioElementImpl.load (node_modules/.pnpm/jsdom@26.1.0/node_modules/jsdom/lib/jsdom/living/nodes/HTMLMediaElement-impl.js:112:5)
      at HTMLAudioElement.load (node_modules/.pnpm/jsdom@26.1.0/node_modules/jsdom/lib/jsdom/living/generated/HTMLMediaElement.js:109:34)
      at TimerSoundService.createAudio (src/app/core/services/timer-sound.service.ts:58:11)
      at TimerSoundService.<instance_members_initializer> (src/app/core/services/timer-sound.service.ts:13:20)
      at new TimerSoundService (src/app/core/services/timer-sound.service.ts:6:8)
      at Object.TimerSoundService_Factory [as factory] (ng:\TimerSoundService\ɵfac.js:5:10)
      at node_modules/.pnpm/@angular+core@20.1.6_@angul_3bf0992bb3b6a916346d7abb471ee6f3/node_modules/@angular/core/fesm2022/root_effect_scheduler.mjs:2154:47
      at runInInjectorProfilerContext (node_modules/.pnpm/@angular+core@20.1.6_@angul_3bf0992bb3b6a916346d7abb471ee6f3/node_modules/@angular/core/fesm2022/root_effect_scheduler.mjs:720:9)
      at R3Injector.hydrate (node_modules/.pnpm/@angular+core@20.1.6_@angul_3bf0992bb3b6a916346d7abb471ee6f3/node_modules/@angular/core/fesm2022/root_effect_scheduler.mjs:2152:21)
      at R3Injector.get (node_modules/.pnpm/@angular+core@20.1.6_@angul_3bf0992bb3b6a916346d7abb471ee6f3/node_modules/@angular/core/fesm2022/root_effect_scheduler.mjs:2007:33)
      at ChainedInjector.get (node_modules/.pnpm/@angular+core@20.1.6_@angul_3bf0992bb3b6a916346d7abb471ee6f3/node_modules/@angular/core/fesm2022/debug_node.mjs:12288:36)
      at lookupTokenUsingModuleInjector (node_modules/.pnpm/@angular+core@20.1.6_@angul_3bf0992bb3b6a916346d7abb471ee6f3/node_modules/@angular/core/fesm2022/debug_node.mjs:1718:39)
      at getOrCreateInjectable (node_modules/.pnpm/@angular+core@20.1.6_@angul_3bf0992bb3b6a916346d7abb471ee6f3/node_modules/@angular/core/fesm2022/debug_node.mjs:1766:12)
      at ɵɵdirectiveInject (node_modules/.pnpm/@angular+core@20.1.6_@angul_3bf0992bb3b6a916346d7abb471ee6f3/node_modules/@angular/core/fesm2022/debug_node.mjs:12339:19)
      at ɵɵinject (node_modules/.pnpm/@angular+core@20.1.6_@angul_3bf0992bb3b6a916346d7abb471ee6f3/node_modules/@angular/core/fesm2022/root_effect_scheduler.mjs:1032:42)
      at inject (node_modules/.pnpm/@angular+core@20.1.6_@angul_3bf0992bb3b6a916346d7abb471ee6f3/node_modules/@angular/core/fesm2022/root_effect_scheduler.mjs:1118:12)
      at GameInfoComponent.<instance_members_initializer> (src/app/features/game/components/game-board/game-info/game-info.ts:35:46)
      at new GameInfoComponent (src/app/features/game/components/game-board/game-info/game-info.ts:28:8)
      at NodeInjectorFactory.GameInfoComponent_Factory [as factory] (ng:\GameInfoComponent\ɵfac.js:5:10)
      at getNodeInjectable (node_modules/.pnpm/@angular+core@20.1.6_@angul_3bf0992bb3b6a916346d7abb471ee6f3/node_modules/@angular/core/fesm2022/debug_node.mjs:1989:44)
      at instantiateAllDirectives (node_modules/.pnpm/@angular+core@20.1.6_@angul_3bf0992bb3b6a916346d7abb471ee6f3/node_modules/@angular/core/fesm2022/debug_node.mjs:8176:27)
      at createDirectivesInstances (node_modules/.pnpm/@angular+core@20.1.6_@angul_3bf0992bb3b6a916346d7abb471ee6f3/node_modules/@angular/core/fesm2022/debug_node.mjs:7949:5)
      at ComponentFactory2.create (node_modules/.pnpm/@angular+core@20.1.6_@angul_3bf0992bb3b6a916346d7abb471ee6f3/node_modules/@angular/core/fesm2022/debug_node.mjs:13472:17)
      at initComponent (node_modules/.pnpm/@angular+core@20.1.6_@angul_3bf0992bb3b6a916346d7abb471ee6f3/node_modules/@angular/core/fesm2022/testing.mjs:2046:51)
      at _ZoneDelegate.invoke (node_modules/.pnpm/zone.js@0.15.1/node_modules/zone.js/bundles/zone.umd.js:410:32)
      at Object.onInvoke (node_modules/.pnpm/@angular+core@20.1.6_@angul_3bf0992bb3b6a916346d7abb471ee6f3/node_modules/@angular/core/fesm2022/debug_node.mjs:16672:33)
      at _ZoneDelegate.invoke (node_modules/.pnpm/zone.js@0.15.1/node_modules/zone.js/bundles/zone.umd.js:409:38)
      at ZoneImpl.run (node_modules/.pnpm/zone.js@0.15.1/node_modules/zone.js/bundles/zone.umd.js:145:47)
      at NgZone.run (node_modules/.pnpm/@angular+core@20.1.6_@angul_3bf0992bb3b6a916346d7abb471ee6f3/node_modules/@angular/core/fesm2022/debug_node.mjs:16518:28)
      at _TestBedImpl.createComponent (node_modules/.pnpm/@angular+core@20.1.6_@angul_3bf0992bb3b6a916346d7abb471ee6f3/node_modules/@angular/core/fesm2022/testing.mjs:2051:41)
      at Function.createComponent (node_modules/.pnpm/@angular+core@20.1.6_@angul_3bf0992bb3b6a916346d7abb471ee6f3/node_modules/@angular/core/fesm2022/testing.mjs:1838:37)
      at src/app/features/game/components/game-board/game-info/game-info.spec.ts:27:23

    console.error
      Error: Not implemented: HTMLMediaElement.prototype.load
          at module.exports (C:\Users\RaulM\Documents\_dev\virus\virus-frontend\node_modules\.pnpm\jsdom@26.1.0\node_modules\jsdom\lib\jsdom\browser\not-implemented.js:9:17)
          at HTMLAudioElementImpl.load (C:\Users\RaulM\Documents\_dev\virus\virus-frontend\node_modules\.pnpm\jsdom@26.1.0\node_modules\jsdom\lib\jsdom\living\nodes\HTMLMediaElement-impl.js:112:5)
          at HTMLAudioElement.load (C:\Users\RaulM\Documents\_dev\virus\virus-frontend\node_modules\.pnpm\jsdom@26.1.0\node_modules\jsdom\lib\jsdom\living\generated\HTMLMediaElement.js:109:34)
          at TimerSoundService.createAudio (C:\Users\RaulM\Documents\_dev\virus\virus-frontend\src\app\core\services\timer-sound.service.ts:58:11)
          at TimerSoundService.<instance_members_initializer> (C:\Users\RaulM\Documents\_dev\virus\virus-frontend\src\app\core\services\timer-sound.service.ts:16:42)
          at new TimerSoundService (C:\Users\RaulM\Documents\_dev\virus\virus-frontend\src\app\core\services\timer-sound.service.ts:6:8)
          at Object.TimerSoundService_Factory [as factory] (ng:///TimerSoundService/ɵfac.js:5:10)
          at C:\Users\RaulM\Documents\_dev\virus\virus-frontend\node_modules\.pnpm\@angular+core@20.1.6_@angul_3bf0992bb3b6a916346d7abb471ee6f3\node_modules\@angular\core\fesm2022\root_effect_scheduler.mjs:2154:47
          at runInInjectorProfilerContext (C:\Users\RaulM\Documents\_dev\virus\virus-frontend\node_modules\.pnpm\@angular+core@20.1.6_@angul_3bf0992bb3b6a916346d7abb471ee6f3\node_modules\@angular\core\fesm2022\root_effect_scheduler.mjs:720:9)
          at R3Injector.hydrate (C:\Users\RaulM\Documents\_dev\virus\virus-frontend\node_modules\.pnpm\@angular+core@20.1.6_@angul_3bf0992bb3b6a916346d7abb471ee6f3\node_modules\@angular\core\fesm2022\root_effect_scheduler.mjs:2152:21)
          at R3Injector.get (C:\Users\RaulM\Documents\_dev\virus\virus-frontend\node_modules\.pnpm\@angular+core@20.1.6_@angul_3bf0992bb3b6a916346d7abb471ee6f3\node_modules\@angular\core\fesm2022\root_effect_scheduler.mjs:2007:33)
          at ChainedInjector.get (C:\Users\RaulM\Documents\_dev\virus\virus-frontend\node_modules\.pnpm\@angular+core@20.1.6_@angul_3bf0992bb3b6a916346d7abb471ee6f3\node_modules\@angular\core\fesm2022\debug_node.mjs:12288:36)
          at lookupTokenUsingModuleInjector (C:\Users\RaulM\Documents\_dev\virus\virus-frontend\node_modules\.pnpm\@angular+core@20.1.6_@angul_3bf0992bb3b6a916346d7abb471ee6f3\node_modules\@angular\core\fesm2022\debug_node.mjs:1718:39)
          at getOrCreateInjectable (C:\Users\RaulM\Documents\_dev\virus\virus-frontend\node_modules\.pnpm\@angular+core@20.1.6_@angul_3bf0992bb3b6a916346d7abb471ee6f3\node_modules\@angular\core\fesm2022\debug_node.mjs:1766:12)
          at ɵɵdirectiveInject (C:\Users\RaulM\Documents\_dev\virus\virus-frontend\node_modules\.pnpm\@angular+core@20.1.6_@angul_3bf0992bb3b6a916346d7abb471ee6f3\node_modules\@angular\core\fesm2022\debug_node.mjs:12339:19)
          at ɵɵinject (C:\Users\RaulM\Documents\_dev\virus\virus-frontend\node_modules\.pnpm\@angular+core@20.1.6_@angul_3bf0992bb3b6a916346d7abb471ee6f3\node_modules\@angular\core\fesm2022\root_effect_scheduler.mjs:1032:42)
          at inject (C:\Users\RaulM\Documents\_dev\virus\virus-frontend\node_modules\.pnpm\@angular+core@20.1.6_@angul_3bf0992bb3b6a916346d7abb471ee6f3\node_modules\@angular\core\fesm2022\root_effect_scheduler.mjs:1118:12)
          at GameInfoComponent.<instance_members_initializer> (C:\Users\RaulM\Documents\_dev\virus\virus-frontend\src\app\features\game\components\game-board\game-info\game-info.ts:35:46)
          at new GameInfoComponent (C:\Users\RaulM\Documents\_dev\virus\virus-frontend\src\app\features\game\components\game-board\game-info\game-info.ts:28:8)
          at NodeInjectorFactory.GameInfoComponent_Factory [as factory] (ng:///GameInfoComponent/ɵfac.js:5:10)
          at getNodeInjectable (C:\Users\RaulM\Documents\_dev\virus\virus-frontend\node_modules\.pnpm\@angular+core@20.1.6_@angul_3bf0992bb3b6a916346d7abb471ee6f3\node_modules\@angular\core\fesm2022\debug_node.mjs:1989:44)
          at instantiateAllDirectives (C:\Users\RaulM\Documents\_dev\virus\virus-frontend\node_modules\.pnpm\@angular+core@20.1.6_@angul_3bf0992bb3b6a916346d7abb471ee6f3\node_modules\@angular\core\fesm2022\debug_node.mjs:8176:27)
          at createDirectivesInstances (C:\Users\RaulM\Documents\_dev\virus\virus-frontend\node_modules\.pnpm\@angular+core@20.1.6_@angul_3bf0992bb3b6a916346d7abb471ee6f3\node_modules\@angular\core\fesm2022\debug_node.mjs:7949:5)
          at ComponentFactory2.create (C:\Users\RaulM\Documents\_dev\virus\virus-frontend\node_modules\.pnpm\@angular+core@20.1.6_@angul_3bf0992bb3b6a916346d7abb471ee6f3\node_modules\@angular\core\fesm2022\debug_node.mjs:13472:17)
          at initComponent (C:\Users\RaulM\Documents\_dev\virus\virus-frontend\node_modules\.pnpm\@angular+core@20.1.6_@angul_3bf0992bb3b6a916346d7abb471ee6f3\node_modules\@angular\core\fesm2022\testing.mjs:2046:51)
          at _ZoneDelegate.invoke (C:\Users\RaulM\Documents\_dev\virus\virus-frontend\node_modules\.pnpm\zone.js@0.15.1\node_modules\zone.js\bundles\zone.umd.js:410:32)
          at Object.onInvoke (C:\Users\RaulM\Documents\_dev\virus\virus-frontend\node_modules\.pnpm\@angular+core@20.1.6_@angul_3bf0992bb3b6a916346d7abb471ee6f3\node_modules\@angular\core\fesm2022\debug_node.mjs:16672:33)
          at _ZoneDelegate.invoke (C:\Users\RaulM\Documents\_dev\virus\virus-frontend\node_modules\.pnpm\zone.js@0.15.1\node_modules\zone.js\bundles\zone.umd.js:409:38)
          at ZoneImpl.run (C:\Users\RaulM\Documents\_dev\virus\virus-frontend\node_modules\.pnpm\zone.js@0.15.1\node_modules\zone.js\bundles\zone.umd.js:145:47)
          at NgZone.run (C:\Users\RaulM\Documents\_dev\virus\virus-frontend\node_modules\.pnpm\@angular+core@20.1.6_@angul_3bf0992bb3b6a916346d7abb471ee6f3\node_modules\@angular\core\fesm2022\debug_node.mjs:16518:28)
          at _TestBedImpl.createComponent (C:\Users\RaulM\Documents\_dev\virus\virus-frontend\node_modules\.pnpm\@angular+core@20.1.6_@angul_3bf0992bb3b6a916346d7abb471ee6f3\node_modules\@angular\core\fesm2022\testing.mjs:2051:41)
          at Function.createComponent (C:\Users\RaulM\Documents\_dev\virus\virus-frontend\node_modules\.pnpm\@angular+core@20.1.6_@angul_3bf0992bb3b6a916346d7abb471ee6f3\node_modules\@angular\core\fesm2022\testing.mjs:1838:37)
          at C:\Users\RaulM\Documents\_dev\virus\virus-frontend\src\app\features\game\components\game-board\game-info\game-info.spec.ts:27:23
          at processTicksAndRejections (node:internal/process/task_queues:105:5) {
        type: 'not implemented'
      }

    [0m [90m 56 |[39m     [36mconst[39m audio [33m=[39m [36mnew[39m [33mAudio[39m(src)[33m;[39m
     [90m 57 |[39m     audio[33m.[39mpreload [33m=[39m [32m'auto'[39m[33m;[39m
    [31m[1m>[22m[39m[90m 58 |[39m     audio[33m.[39mload()[33m;[39m
     [90m    |[39m           [31m[1m^[22m[39m
     [90m 59 |[39m     [36mreturn[39m audio[33m;[39m
     [90m 60 |[39m   }
     [90m 61 |[39m }[0m

      at VirtualConsole.<anonymous> (node_modules/.pnpm/@jest+environment-jsdom-abstract@30.2.0_jsdom@26.1.0/node_modules/@jest/environment-jsdom-abstract/build/index.js:87:23)
      at module.exports (node_modules/.pnpm/jsdom@26.1.0/node_modules/jsdom/lib/jsdom/browser/not-implemented.js:12:26)
      at HTMLAudioElementImpl.load (node_modules/.pnpm/jsdom@26.1.0/node_modules/jsdom/lib/jsdom/living/nodes/HTMLMediaElement-impl.js:112:5)
      at HTMLAudioElement.load (node_modules/.pnpm/jsdom@26.1.0/node_modules/jsdom/lib/jsdom/living/generated/HTMLMediaElement.js:109:34)
      at TimerSoundService.createAudio (src/app/core/services/timer-sound.service.ts:58:11)
      at TimerSoundService.<instance_members_initializer> (src/app/core/services/timer-sound.service.ts:16:42)
      at new TimerSoundService (src/app/core/services/timer-sound.service.ts:6:8)
      at Object.TimerSoundService_Factory [as factory] (ng:\TimerSoundService\ɵfac.js:5:10)
      at node_modules/.pnpm/@angular+core@20.1.6_@angul_3bf0992bb3b6a916346d7abb471ee6f3/node_modules/@angular/core/fesm2022/root_effect_scheduler.mjs:2154:47
      at runInInjectorProfilerContext (node_modules/.pnpm/@angular+core@20.1.6_@angul_3bf0992bb3b6a916346d7abb471ee6f3/node_modules/@angular/core/fesm2022/root_effect_scheduler.mjs:720:9)
      at R3Injector.hydrate (node_modules/.pnpm/@angular+core@20.1.6_@angul_3bf0992bb3b6a916346d7abb471ee6f3/node_modules/@angular/core/fesm2022/root_effect_scheduler.mjs:2152:21)
      at R3Injector.get (node_modules/.pnpm/@angular+core@20.1.6_@angul_3bf0992bb3b6a916346d7abb471ee6f3/node_modules/@angular/core/fesm2022/root_effect_scheduler.mjs:2007:33)
      at ChainedInjector.get (node_modules/.pnpm/@angular+core@20.1.6_@angul_3bf0992bb3b6a916346d7abb471ee6f3/node_modules/@angular/core/fesm2022/debug_node.mjs:12288:36)
      at lookupTokenUsingModuleInjector (node_modules/.pnpm/@angular+core@20.1.6_@angul_3bf0992bb3b6a916346d7abb471ee6f3/node_modules/@angular/core/fesm2022/debug_node.mjs:1718:39)
      at getOrCreateInjectable (node_modules/.pnpm/@angular+core@20.1.6_@angul_3bf0992bb3b6a916346d7abb471ee6f3/node_modules/@angular/core/fesm2022/debug_node.mjs:1766:12)
      at ɵɵdirectiveInject (node_modules/.pnpm/@angular+core@20.1.6_@angul_3bf0992bb3b6a916346d7abb471ee6f3/node_modules/@angular/core/fesm2022/debug_node.mjs:12339:19)
      at ɵɵinject (node_modules/.pnpm/@angular+core@20.1.6_@angul_3bf0992bb3b6a916346d7abb471ee6f3/node_modules/@angular/core/fesm2022/root_effect_scheduler.mjs:1032:42)
      at inject (node_modules/.pnpm/@angular+core@20.1.6_@angul_3bf0992bb3b6a916346d7abb471ee6f3/node_modules/@angular/core/fesm2022/root_effect_scheduler.mjs:1118:12)
      at GameInfoComponent.<instance_members_initializer> (src/app/features/game/components/game-board/game-info/game-info.ts:35:46)
      at new GameInfoComponent (src/app/features/game/components/game-board/game-info/game-info.ts:28:8)
      at NodeInjectorFactory.GameInfoComponent_Factory [as factory] (ng:\GameInfoComponent\ɵfac.js:5:10)
      at getNodeInjectable (node_modules/.pnpm/@angular+core@20.1.6_@angul_3bf0992bb3b6a916346d7abb471ee6f3/node_modules/@angular/core/fesm2022/debug_node.mjs:1989:44)
      at instantiateAllDirectives (node_modules/.pnpm/@angular+core@20.1.6_@angul_3bf0992bb3b6a916346d7abb471ee6f3/node_modules/@angular/core/fesm2022/debug_node.mjs:8176:27)
      at createDirectivesInstances (node_modules/.pnpm/@angular+core@20.1.6_@angul_3bf0992bb3b6a916346d7abb471ee6f3/node_modules/@angular/core/fesm2022/debug_node.mjs:7949:5)
      at ComponentFactory2.create (node_modules/.pnpm/@angular+core@20.1.6_@angul_3bf0992bb3b6a916346d7abb471ee6f3/node_modules/@angular/core/fesm2022/debug_node.mjs:13472:17)
      at initComponent (node_modules/.pnpm/@angular+core@20.1.6_@angul_3bf0992bb3b6a916346d7abb471ee6f3/node_modules/@angular/core/fesm2022/testing.mjs:2046:51)
      at _ZoneDelegate.invoke (node_modules/.pnpm/zone.js@0.15.1/node_modules/zone.js/bundles/zone.umd.js:410:32)
      at Object.onInvoke (node_modules/.pnpm/@angular+core@20.1.6_@angul_3bf0992bb3b6a916346d7abb471ee6f3/node_modules/@angular/core/fesm2022/debug_node.mjs:16672:33)
      at _ZoneDelegate.invoke (node_modules/.pnpm/zone.js@0.15.1/node_modules/zone.js/bundles/zone.umd.js:409:38)
      at ZoneImpl.run (node_modules/.pnpm/zone.js@0.15.1/node_modules/zone.js/bundles/zone.umd.js:145:47)
      at NgZone.run (node_modules/.pnpm/@angular+core@20.1.6_@angul_3bf0992bb3b6a916346d7abb471ee6f3/node_modules/@angular/core/fesm2022/debug_node.mjs:16518:28)
      at _TestBedImpl.createComponent (node_modules/.pnpm/@angular+core@20.1.6_@angul_3bf0992bb3b6a916346d7abb471ee6f3/node_modules/@angular/core/fesm2022/testing.mjs:2051:41)
      at Function.createComponent (node_modules/.pnpm/@angular+core@20.1.6_@angul_3bf0992bb3b6a916346d7abb471ee6f3/node_modules/@angular/core/fesm2022/testing.mjs:1838:37)
      at src/app/features/game/components/game-board/game-info/game-info.spec.ts:27:23

    console.error
      Error: Not implemented: HTMLMediaElement.prototype.load
          at module.exports (C:\Users\RaulM\Documents\_dev\virus\virus-frontend\node_modules\.pnpm\jsdom@26.1.0\node_modules\jsdom\lib\jsdom\browser\not-implemented.js:9:17)
          at HTMLAudioElementImpl.load (C:\Users\RaulM\Documents\_dev\virus\virus-frontend\node_modules\.pnpm\jsdom@26.1.0\node_modules\jsdom\lib\jsdom\living\nodes\HTMLMediaElement-impl.js:112:5)
          at HTMLAudioElement.load (C:\Users\RaulM\Documents\_dev\virus\virus-frontend\node_modules\.pnpm\jsdom@26.1.0\node_modules\jsdom\lib\jsdom\living\generated\HTMLMediaElement.js:109:34)
          at TimerSoundService.createAudio (C:\Users\RaulM\Documents\_dev\virus\virus-frontend\src\app\core\services\timer-sound.service.ts:58:11)
          at TimerSoundService.<instance_members_initializer> (C:\Users\RaulM\Documents\_dev\virus\virus-frontend\src\app\core\services\timer-sound.service.ts:17:39)
          at new TimerSoundService (C:\Users\RaulM\Documents\_dev\virus\virus-frontend\src\app\core\services\timer-sound.service.ts:6:8)
          at Object.TimerSoundService_Factory [as factory] (ng:///TimerSoundService/ɵfac.js:5:10)
          at C:\Users\RaulM\Documents\_dev\virus\virus-frontend\node_modules\.pnpm\@angular+core@20.1.6_@angul_3bf0992bb3b6a916346d7abb471ee6f3\node_modules\@angular\core\fesm2022\root_effect_scheduler.mjs:2154:47
          at runInInjectorProfilerContext (C:\Users\RaulM\Documents\_dev\virus\virus-frontend\node_modules\.pnpm\@angular+core@20.1.6_@angul_3bf0992bb3b6a916346d7abb471ee6f3\node_modules\@angular\core\fesm2022\root_effect_scheduler.mjs:720:9)
          at R3Injector.hydrate (C:\Users\RaulM\Documents\_dev\virus\virus-frontend\node_modules\.pnpm\@angular+core@20.1.6_@angul_3bf0992bb3b6a916346d7abb471ee6f3\node_modules\@angular\core\fesm2022\root_effect_scheduler.mjs:2152:21)
          at R3Injector.get (C:\Users\RaulM\Documents\_dev\virus\virus-frontend\node_modules\.pnpm\@angular+core@20.1.6_@angul_3bf0992bb3b6a916346d7abb471ee6f3\node_modules\@angular\core\fesm2022\root_effect_scheduler.mjs:2007:33)
          at ChainedInjector.get (C:\Users\RaulM\Documents\_dev\virus\virus-frontend\node_modules\.pnpm\@angular+core@20.1.6_@angul_3bf0992bb3b6a916346d7abb471ee6f3\node_modules\@angular\core\fesm2022\debug_node.mjs:12288:36)
          at lookupTokenUsingModuleInjector (C:\Users\RaulM\Documents\_dev\virus\virus-frontend\node_modules\.pnpm\@angular+core@20.1.6_@angul_3bf0992bb3b6a916346d7abb471ee6f3\node_modules\@angular\core\fesm2022\debug_node.mjs:1718:39)
          at getOrCreateInjectable (C:\Users\RaulM\Documents\_dev\virus\virus-frontend\node_modules\.pnpm\@angular+core@20.1.6_@angul_3bf0992bb3b6a916346d7abb471ee6f3\node_modules\@angular\core\fesm2022\debug_node.mjs:1766:12)
          at ɵɵdirectiveInject (C:\Users\RaulM\Documents\_dev\virus\virus-frontend\node_modules\.pnpm\@angular+core@20.1.6_@angul_3bf0992bb3b6a916346d7abb471ee6f3\node_modules\@angular\core\fesm2022\debug_node.mjs:12339:19)
          at ɵɵinject (C:\Users\RaulM\Documents\_dev\virus\virus-frontend\node_modules\.pnpm\@angular+core@20.1.6_@angul_3bf0992bb3b6a916346d7abb471ee6f3\node_modules\@angular\core\fesm2022\root_effect_scheduler.mjs:1032:42)
          at inject (C:\Users\RaulM\Documents\_dev\virus\virus-frontend\node_modules\.pnpm\@angular+core@20.1.6_@angul_3bf0992bb3b6a916346d7abb471ee6f3\node_modules\@angular\core\fesm2022\root_effect_scheduler.mjs:1118:12)
          at GameInfoComponent.<instance_members_initializer> (C:\Users\RaulM\Documents\_dev\virus\virus-frontend\src\app\features\game\components\game-board\game-info\game-info.ts:35:46)
          at new GameInfoComponent (C:\Users\RaulM\Documents\_dev\virus\virus-frontend\src\app\features\game\components\game-board\game-info\game-info.ts:28:8)
          at NodeInjectorFactory.GameInfoComponent_Factory [as factory] (ng:///GameInfoComponent/ɵfac.js:5:10)
          at getNodeInjectable (C:\Users\RaulM\Documents\_dev\virus\virus-frontend\node_modules\.pnpm\@angular+core@20.1.6_@angul_3bf0992bb3b6a916346d7abb471ee6f3\node_modules\@angular\core\fesm2022\debug_node.mjs:1989:44)
          at instantiateAllDirectives (C:\Users\RaulM\Documents\_dev\virus\virus-frontend\node_modules\.pnpm\@angular+core@20.1.6_@angul_3bf0992bb3b6a916346d7abb471ee6f3\node_modules\@angular\core\fesm2022\debug_node.mjs:8176:27)
          at createDirectivesInstances (C:\Users\RaulM\Documents\_dev\virus\virus-frontend\node_modules\.pnpm\@angular+core@20.1.6_@angul_3bf0992bb3b6a916346d7abb471ee6f3\node_modules\@angular\core\fesm2022\debug_node.mjs:7949:5)
          at ComponentFactory2.create (C:\Users\RaulM\Documents\_dev\virus\virus-frontend\node_modules\.pnpm\@angular+core@20.1.6_@angul_3bf0992bb3b6a916346d7abb471ee6f3\node_modules\@angular\core\fesm2022\debug_node.mjs:13472:17)
          at initComponent (C:\Users\RaulM\Documents\_dev\virus\virus-frontend\node_modules\.pnpm\@angular+core@20.1.6_@angul_3bf0992bb3b6a916346d7abb471ee6f3\node_modules\@angular\core\fesm2022\testing.mjs:2046:51)
          at _ZoneDelegate.invoke (C:\Users\RaulM\Documents\_dev\virus\virus-frontend\node_modules\.pnpm\zone.js@0.15.1\node_modules\zone.js\bundles\zone.umd.js:410:32)
          at Object.onInvoke (C:\Users\RaulM\Documents\_dev\virus\virus-frontend\node_modules\.pnpm\@angular+core@20.1.6_@angul_3bf0992bb3b6a916346d7abb471ee6f3\node_modules\@angular\core\fesm2022\debug_node.mjs:16672:33)
          at _ZoneDelegate.invoke (C:\Users\RaulM\Documents\_dev\virus\virus-frontend\node_modules\.pnpm\zone.js@0.15.1\node_modules\zone.js\bundles\zone.umd.js:409:38)
          at ZoneImpl.run (C:\Users\RaulM\Documents\_dev\virus\virus-frontend\node_modules\.pnpm\zone.js@0.15.1\node_modules\zone.js\bundles\zone.umd.js:145:47)
          at NgZone.run (C:\Users\RaulM\Documents\_dev\virus\virus-frontend\node_modules\.pnpm\@angular+core@20.1.6_@angul_3bf0992bb3b6a916346d7abb471ee6f3\node_modules\@angular\core\fesm2022\debug_node.mjs:16518:28)
          at _TestBedImpl.createComponent (C:\Users\RaulM\Documents\_dev\virus\virus-frontend\node_modules\.pnpm\@angular+core@20.1.6_@angul_3bf0992bb3b6a916346d7abb471ee6f3\node_modules\@angular\core\fesm2022\testing.mjs:2051:41)
          at Function.createComponent (C:\Users\RaulM\Documents\_dev\virus\virus-frontend\node_modules\.pnpm\@angular+core@20.1.6_@angul_3bf0992bb3b6a916346d7abb471ee6f3\node_modules\@angular\core\fesm2022\testing.mjs:1838:37)
          at C:\Users\RaulM\Documents\_dev\virus\virus-frontend\src\app\features\game\components\game-board\game-info\game-info.spec.ts:27:23
          at processTicksAndRejections (node:internal/process/task_queues:105:5) {
        type: 'not implemented'
      }

    [0m [90m 56 |[39m     [36mconst[39m audio [33m=[39m [36mnew[39m [33mAudio[39m(src)[33m;[39m
     [90m 57 |[39m     audio[33m.[39mpreload [33m=[39m [32m'auto'[39m[33m;[39m
    [31m[1m>[22m[39m[90m 58 |[39m     audio[33m.[39mload()[33m;[39m
     [90m    |[39m           [31m[1m^[22m[39m
     [90m 59 |[39m     [36mreturn[39m audio[33m;[39m
     [90m 60 |[39m   }
     [90m 61 |[39m }[0m

      at VirtualConsole.<anonymous> (node_modules/.pnpm/@jest+environment-jsdom-abstract@30.2.0_jsdom@26.1.0/node_modules/@jest/environment-jsdom-abstract/build/index.js:87:23)
      at module.exports (node_modules/.pnpm/jsdom@26.1.0/node_modules/jsdom/lib/jsdom/browser/not-implemented.js:12:26)
      at HTMLAudioElementImpl.load (node_modules/.pnpm/jsdom@26.1.0/node_modules/jsdom/lib/jsdom/living/nodes/HTMLMediaElement-impl.js:112:5)
      at HTMLAudioElement.load (node_modules/.pnpm/jsdom@26.1.0/node_modules/jsdom/lib/jsdom/living/generated/HTMLMediaElement.js:109:34)
      at TimerSoundService.createAudio (src/app/core/services/timer-sound.service.ts:58:11)
      at TimerSoundService.<instance_members_initializer> (src/app/core/services/timer-sound.service.ts:17:39)
      at new TimerSoundService (src/app/core/services/timer-sound.service.ts:6:8)
      at Object.TimerSoundService_Factory [as factory] (ng:\TimerSoundService\ɵfac.js:5:10)
      at node_modules/.pnpm/@angular+core@20.1.6_@angul_3bf0992bb3b6a916346d7abb471ee6f3/node_modules/@angular/core/fesm2022/root_effect_scheduler.mjs:2154:47
      at runInInjectorProfilerContext (node_modules/.pnpm/@angular+core@20.1.6_@angul_3bf0992bb3b6a916346d7abb471ee6f3/node_modules/@angular/core/fesm2022/root_effect_scheduler.mjs:720:9)
      at R3Injector.hydrate (node_modules/.pnpm/@angular+core@20.1.6_@angul_3bf0992bb3b6a916346d7abb471ee6f3/node_modules/@angular/core/fesm2022/root_effect_scheduler.mjs:2152:21)
      at R3Injector.get (node_modules/.pnpm/@angular+core@20.1.6_@angul_3bf0992bb3b6a916346d7abb471ee6f3/node_modules/@angular/core/fesm2022/root_effect_scheduler.mjs:2007:33)
      at ChainedInjector.get (node_modules/.pnpm/@angular+core@20.1.6_@angul_3bf0992bb3b6a916346d7abb471ee6f3/node_modules/@angular/core/fesm2022/debug_node.mjs:12288:36)
      at lookupTokenUsingModuleInjector (node_modules/.pnpm/@angular+core@20.1.6_@angul_3bf0992bb3b6a916346d7abb471ee6f3/node_modules/@angular/core/fesm2022/debug_node.mjs:1718:39)
      at getOrCreateInjectable (node_modules/.pnpm/@angular+core@20.1.6_@angul_3bf0992bb3b6a916346d7abb471ee6f3/node_modules/@angular/core/fesm2022/debug_node.mjs:1766:12)
      at ɵɵdirectiveInject (node_modules/.pnpm/@angular+core@20.1.6_@angul_3bf0992bb3b6a916346d7abb471ee6f3/node_modules/@angular/core/fesm2022/debug_node.mjs:12339:19)
      at ɵɵinject (node_modules/.pnpm/@angular+core@20.1.6_@angul_3bf0992bb3b6a916346d7abb471ee6f3/node_modules/@angular/core/fesm2022/root_effect_scheduler.mjs:1032:42)
      at inject (node_modules/.pnpm/@angular+core@20.1.6_@angul_3bf0992bb3b6a916346d7abb471ee6f3/node_modules/@angular/core/fesm2022/root_effect_scheduler.mjs:1118:12)
      at GameInfoComponent.<instance_members_initializer> (src/app/features/game/components/game-board/game-info/game-info.ts:35:46)
      at new GameInfoComponent (src/app/features/game/components/game-board/game-info/game-info.ts:28:8)
      at NodeInjectorFactory.GameInfoComponent_Factory [as factory] (ng:\GameInfoComponent\ɵfac.js:5:10)
      at getNodeInjectable (node_modules/.pnpm/@angular+core@20.1.6_@angul_3bf0992bb3b6a916346d7abb471ee6f3/node_modules/@angular/core/fesm2022/debug_node.mjs:1989:44)
      at instantiateAllDirectives (node_modules/.pnpm/@angular+core@20.1.6_@angul_3bf0992bb3b6a916346d7abb471ee6f3/node_modules/@angular/core/fesm2022/debug_node.mjs:8176:27)
      at createDirectivesInstances (node_modules/.pnpm/@angular+core@20.1.6_@angul_3bf0992bb3b6a916346d7abb471ee6f3/node_modules/@angular/core/fesm2022/debug_node.mjs:7949:5)
      at ComponentFactory2.create (node_modules/.pnpm/@angular+core@20.1.6_@angul_3bf0992bb3b6a916346d7abb471ee6f3/node_modules/@angular/core/fesm2022/debug_node.mjs:13472:17)
      at initComponent (node_modules/.pnpm/@angular+core@20.1.6_@angul_3bf0992bb3b6a916346d7abb471ee6f3/node_modules/@angular/core/fesm2022/testing.mjs:2046:51)
      at _ZoneDelegate.invoke (node_modules/.pnpm/zone.js@0.15.1/node_modules/zone.js/bundles/zone.umd.js:410:32)
      at Object.onInvoke (node_modules/.pnpm/@angular+core@20.1.6_@angul_3bf0992bb3b6a916346d7abb471ee6f3/node_modules/@angular/core/fesm2022/debug_node.mjs:16672:33)
      at _ZoneDelegate.invoke (node_modules/.pnpm/zone.js@0.15.1/node_modules/zone.js/bundles/zone.umd.js:409:38)
      at ZoneImpl.run (node_modules/.pnpm/zone.js@0.15.1/node_modules/zone.js/bundles/zone.umd.js:145:47)
      at NgZone.run (node_modules/.pnpm/@angular+core@20.1.6_@angul_3bf0992bb3b6a916346d7abb471ee6f3/node_modules/@angular/core/fesm2022/debug_node.mjs:16518:28)
      at _TestBedImpl.createComponent (node_modules/.pnpm/@angular+core@20.1.6_@angul_3bf0992bb3b6a916346d7abb471ee6f3/node_modules/@angular/core/fesm2022/testing.mjs:2051:41)
      at Function.createComponent (node_modules/.pnpm/@angular+core@20.1.6_@angul_3bf0992bb3b6a916346d7abb471ee6f3/node_modules/@angular/core/fesm2022/testing.mjs:1838:37)
      at src/app/features/game/components/game-board/game-info/game-info.spec.ts:27:23

  ● GameInfo › should create

    ɵNotFound: NG0201: No provider found for `_HttpClient`. Source: DynamicTestModule. Path: GameActionFeedService -> SocketGameService -> SocketGameListenerService -> ApiPlayerService -> _HttpClient. Find more at https://angular.dev/errors/NG0201

    [0m [90m  7 |[39m [33m@[39m[33mInjectable[39m({ providedIn[33m:[39m [32m'root'[39m })
     [90m  8 |[39m [36mexport[39m [36mclass[39m [33mApiPlayerService[39m {
    [31m[1m>[22m[39m[90m  9 |[39m   [36mprivate[39m http [33m=[39m inject([33mHttpClient[39m)[33m;[39m
     [90m    |[39m                        [31m[1m^[22m[39m
     [90m 10 |[39m   [36mprivate[39m urlPlayer [33m=[39m environment[33m.[39mbaseUrl [33m+[39m [32m'/player'[39m[33m;[39m
     [90m 11 |[39m
     [90m 12 |[39m   [36mprivate[39m _player [33m=[39m signal[33m<[39m[33mPlayer[39m [33m|[39m [36mnull[39m[33m>[39m([36mnull[39m)[33m;[39m[0m

      at createRuntimeError (node_modules/.pnpm/@angular+core@20.1.6_@angul_3bf0992bb3b6a916346d7abb471ee6f3/node_modules/@angular/core/fesm2022/root_effect_scheduler.mjs:895:19)
      at NullInjector.get (node_modules/.pnpm/@angular+core@20.1.6_@angul_3bf0992bb3b6a916346d7abb471ee6f3/node_modules/@angular/core/fesm2022/root_effect_scheduler.mjs:1463:27)
      at R3Injector.get (node_modules/.pnpm/@angular+core@20.1.6_@angul_3bf0992bb3b6a916346d7abb471ee6f3/node_modules/@angular/core/fesm2022/root_effect_scheduler.mjs:2019:33)
      at R3Injector.get (node_modules/.pnpm/@angular+core@20.1.6_@angul_3bf0992bb3b6a916346d7abb471ee6f3/node_modules/@angular/core/fesm2022/root_effect_scheduler.mjs:2019:33)
      at R3Injector.retrieve (node_modules/.pnpm/@angular+core@20.1.6_@angul_3bf0992bb3b6a916346d7abb471ee6f3/node_modules/@angular/core/fesm2022/root_effect_scheduler.mjs:1903:25)
      at injectInjectorOnly (node_modules/.pnpm/@angular+core@20.1.6_@angul_3bf0992bb3b6a916346d7abb471ee6f3/node_modules/@angular/core/fesm2022/root_effect_scheduler.mjs:1020:39)
      at ɵɵinject (node_modules/.pnpm/@angular+core@20.1.6_@angul_3bf0992bb3b6a916346d7abb471ee6f3/node_modules/@angular/core/fesm2022/root_effect_scheduler.mjs:1032:42)
      at inject (node_modules/.pnpm/@angular+core@20.1.6_@angul_3bf0992bb3b6a916346d7abb471ee6f3/node_modules/@angular/core/fesm2022/root_effect_scheduler.mjs:1118:12)
      at ApiPlayerService.<instance_members_initializer> (src/app/core/services/api/api.player.service.ts:9:24)
      at new ApiPlayerService (src/app/core/services/api/api.player.service.ts:15:3)
      at Object.ApiPlayerService_Factory [as factory] (ng:\ApiPlayerService\ɵfac.js:5:10)
      at node_modules/.pnpm/@angular+core@20.1.6_@angul_3bf0992bb3b6a916346d7abb471ee6f3/node_modules/@angular/core/fesm2022/root_effect_scheduler.mjs:2154:47
      at runInInjectorProfilerContext (node_modules/.pnpm/@angular+core@20.1.6_@angul_3bf0992bb3b6a916346d7abb471ee6f3/node_modules/@angular/core/fesm2022/root_effect_scheduler.mjs:720:9)
      at R3Injector.hydrate (node_modules/.pnpm/@angular+core@20.1.6_@angul_3bf0992bb3b6a916346d7abb471ee6f3/node_modules/@angular/core/fesm2022/root_effect_scheduler.mjs:2152:21)
      at R3Injector.get (node_modules/.pnpm/@angular+core@20.1.6_@angul_3bf0992bb3b6a916346d7abb471ee6f3/node_modules/@angular/core/fesm2022/root_effect_scheduler.mjs:2007:33)
      at R3Injector.retrieve (node_modules/.pnpm/@angular+core@20.1.6_@angul_3bf0992bb3b6a916346d7abb471ee6f3/node_modules/@angular/core/fesm2022/root_effect_scheduler.mjs:1903:25)
      at injectInjectorOnly (node_modules/.pnpm/@angular+core@20.1.6_@angul_3bf0992bb3b6a916346d7abb471ee6f3/node_modules/@angular/core/fesm2022/root_effect_scheduler.mjs:1020:39)
      at ɵɵinject (node_modules/.pnpm/@angular+core@20.1.6_@angul_3bf0992bb3b6a916346d7abb471ee6f3/node_modules/@angular/core/fesm2022/root_effect_scheduler.mjs:1032:42)
      at inject (node_modules/.pnpm/@angular+core@20.1.6_@angul_3bf0992bb3b6a916346d7abb471ee6f3/node_modules/@angular/core/fesm2022/root_effect_scheduler.mjs:1118:12)
      at SocketGameListenerService.<instance_members_initializer> (src/app/core/services/socket/game/socket.game.listener.service.ts:17:33)
      at new SocketGameListenerService (src/app/core/services/socket/game/socket.game.listener.service.ts:19:3)
      at Object.SocketGameListenerService_Factory [as factory] (ng:\SocketGameListenerService\ɵfac.js:5:10)
      at node_modules/.pnpm/@angular+core@20.1.6_@angul_3bf0992bb3b6a916346d7abb471ee6f3/node_modules/@angular/core/fesm2022/root_effect_scheduler.mjs:2154:47
      at runInInjectorProfilerContext (node_modules/.pnpm/@angular+core@20.1.6_@angul_3bf0992bb3b6a916346d7abb471ee6f3/node_modules/@angular/core/fesm2022/root_effect_scheduler.mjs:720:9)
      at R3Injector.hydrate (node_modules/.pnpm/@angular+core@20.1.6_@angul_3bf0992bb3b6a916346d7abb471ee6f3/node_modules/@angular/core/fesm2022/root_effect_scheduler.mjs:2152:21)
      at R3Injector.get (node_modules/.pnpm/@angular+core@20.1.6_@angul_3bf0992bb3b6a916346d7abb471ee6f3/node_modules/@angular/core/fesm2022/root_effect_scheduler.mjs:2007:33)
      at R3Injector.retrieve (node_modules/.pnpm/@angular+core@20.1.6_@angul_3bf0992bb3b6a916346d7abb471ee6f3/node_modules/@angular/core/fesm2022/root_effect_scheduler.mjs:1903:25)
      at injectInjectorOnly (node_modules/.pnpm/@angular+core@20.1.6_@angul_3bf0992bb3b6a916346d7abb471ee6f3/node_modules/@angular/core/fesm2022/root_effect_scheduler.mjs:1020:39)
      at ɵɵinject (node_modules/.pnpm/@angular+core@20.1.6_@angul_3bf0992bb3b6a916346d7abb471ee6f3/node_modules/@angular/core/fesm2022/root_effect_scheduler.mjs:1032:42)
      at inject (node_modules/.pnpm/@angular+core@20.1.6_@angul_3bf0992bb3b6a916346d7abb471ee6f3/node_modules/@angular/core/fesm2022/root_effect_scheduler.mjs:1118:12)
      at SocketGameService.<instance_members_initializer> (src/app/core/services/socket/socket.game.service.ts:15:29)
      at new SocketGameService (src/app/core/services/socket/socket.game.service.ts:12:8)
      at Object.SocketGameService_Factory [as factory] (ng:\SocketGameService\ɵfac.js:5:10)
      at node_modules/.pnpm/@angular+core@20.1.6_@angul_3bf0992bb3b6a916346d7abb471ee6f3/node_modules/@angular/core/fesm2022/root_effect_scheduler.mjs:2154:47
      at runInInjectorProfilerContext (node_modules/.pnpm/@angular+core@20.1.6_@angul_3bf0992bb3b6a916346d7abb471ee6f3/node_modules/@angular/core/fesm2022/root_effect_scheduler.mjs:720:9)
      at R3Injector.hydrate (node_modules/.pnpm/@angular+core@20.1.6_@angul_3bf0992bb3b6a916346d7abb471ee6f3/node_modules/@angular/core/fesm2022/root_effect_scheduler.mjs:2152:21)
      at R3Injector.get (node_modules/.pnpm/@angular+core@20.1.6_@angul_3bf0992bb3b6a916346d7abb471ee6f3/node_modules/@angular/core/fesm2022/root_effect_scheduler.mjs:2007:33)
      at R3Injector.retrieve (node_modules/.pnpm/@angular+core@20.1.6_@angul_3bf0992bb3b6a916346d7abb471ee6f3/node_modules/@angular/core/fesm2022/root_effect_scheduler.mjs:1903:25)
      at injectInjectorOnly (node_modules/.pnpm/@angular+core@20.1.6_@angul_3bf0992bb3b6a916346d7abb471ee6f3/node_modules/@angular/core/fesm2022/root_effect_scheduler.mjs:1020:39)
      at ɵɵinject (node_modules/.pnpm/@angular+core@20.1.6_@angul_3bf0992bb3b6a916346d7abb471ee6f3/node_modules/@angular/core/fesm2022/root_effect_scheduler.mjs:1032:42)
      at inject (node_modules/.pnpm/@angular+core@20.1.6_@angul_3bf0992bb3b6a916346d7abb471ee6f3/node_modules/@angular/core/fesm2022/root_effect_scheduler.mjs:1118:12)
      at GameActionFeedService.<instance_members_initializer> (src/app/features/game/components/game-action-feed/services/game-action-feed.service.ts:9:30)
      at new GameActionFeedService (src/app/features/game/components/game-action-feed/services/game-action-feed.service.ts:18:3)
      at Object.GameActionFeedService_Factory [as factory] (ng:\GameActionFeedService\ɵfac.js:5:10)
      at node_modules/.pnpm/@angular+core@20.1.6_@angul_3bf0992bb3b6a916346d7abb471ee6f3/node_modules/@angular/core/fesm2022/root_effect_scheduler.mjs:2154:47
      at runInInjectorProfilerContext (node_modules/.pnpm/@angular+core@20.1.6_@angul_3bf0992bb3b6a916346d7abb471ee6f3/node_modules/@angular/core/fesm2022/root_effect_scheduler.mjs:720:9)
      at R3Injector.hydrate (node_modules/.pnpm/@angular+core@20.1.6_@angul_3bf0992bb3b6a916346d7abb471ee6f3/node_modules/@angular/core/fesm2022/root_effect_scheduler.mjs:2152:21)
      at R3Injector.get (node_modules/.pnpm/@angular+core@20.1.6_@angul_3bf0992bb3b6a916346d7abb471ee6f3/node_modules/@angular/core/fesm2022/root_effect_scheduler.mjs:2007:33)
      at ChainedInjector.get (node_modules/.pnpm/@angular+core@20.1.6_@angul_3bf0992bb3b6a916346d7abb471ee6f3/node_modules/@angular/core/fesm2022/debug_node.mjs:12288:36)
      at lookupTokenUsingModuleInjector (node_modules/.pnpm/@angular+core@20.1.6_@angul_3bf0992bb3b6a916346d7abb471ee6f3/node_modules/@angular/core/fesm2022/debug_node.mjs:1718:39)
      at getOrCreateInjectable (node_modules/.pnpm/@angular+core@20.1.6_@angul_3bf0992bb3b6a916346d7abb471ee6f3/node_modules/@angular/core/fesm2022/debug_node.mjs:1766:12)
      at ɵɵdirectiveInject (node_modules/.pnpm/@angular+core@20.1.6_@angul_3bf0992bb3b6a916346d7abb471ee6f3/node_modules/@angular/core/fesm2022/debug_node.mjs:12339:19)
      at ɵɵinject (node_modules/.pnpm/@angular+core@20.1.6_@angul_3bf0992bb3b6a916346d7abb471ee6f3/node_modules/@angular/core/fesm2022/root_effect_scheduler.mjs:1032:42)
      at inject (node_modules/.pnpm/@angular+core@20.1.6_@angul_3bf0992bb3b6a916346d7abb471ee6f3/node_modules/@angular/core/fesm2022/root_effect_scheduler.mjs:1118:12)
      at GameInfoComponent.<instance_members_initializer> (src/app/features/game/components/game-board/game-info/game-info.ts:37:46)
      at new GameInfoComponent (src/app/features/game/components/game-board/game-info/game-info.ts:28:8)
      at NodeInjectorFactory.GameInfoComponent_Factory [as factory] (ng:\GameInfoComponent\ɵfac.js:5:10)
      at getNodeInjectable (node_modules/.pnpm/@angular+core@20.1.6_@angul_3bf0992bb3b6a916346d7abb471ee6f3/node_modules/@angular/core/fesm2022/debug_node.mjs:1989:44)
      at instantiateAllDirectives (node_modules/.pnpm/@angular+core@20.1.6_@angul_3bf0992bb3b6a916346d7abb471ee6f3/node_modules/@angular/core/fesm2022/debug_node.mjs:8176:27)
      at createDirectivesInstances (node_modules/.pnpm/@angular+core@20.1.6_@angul_3bf0992bb3b6a916346d7abb471ee6f3/node_modules/@angular/core/fesm2022/debug_node.mjs:7949:5)
      at ComponentFactory2.create (node_modules/.pnpm/@angular+core@20.1.6_@angul_3bf0992bb3b6a916346d7abb471ee6f3/node_modules/@angular/core/fesm2022/debug_node.mjs:13472:17)
      at initComponent (node_modules/.pnpm/@angular+core@20.1.6_@angul_3bf0992bb3b6a916346d7abb471ee6f3/node_modules/@angular/core/fesm2022/testing.mjs:2046:51)
      at _ZoneDelegate.invoke (node_modules/.pnpm/zone.js@0.15.1/node_modules/zone.js/bundles/zone.umd.js:410:32)
      at Object.onInvoke (node_modules/.pnpm/@angular+core@20.1.6_@angul_3bf0992bb3b6a916346d7abb471ee6f3/node_modules/@angular/core/fesm2022/debug_node.mjs:16672:33)
      at _ZoneDelegate.invoke (node_modules/.pnpm/zone.js@0.15.1/node_modules/zone.js/bundles/zone.umd.js:409:38)
      at ZoneImpl.run (node_modules/.pnpm/zone.js@0.15.1/node_modules/zone.js/bundles/zone.umd.js:145:47)
      at NgZone.run (node_modules/.pnpm/@angular+core@20.1.6_@angul_3bf0992bb3b6a916346d7abb471ee6f3/node_modules/@angular/core/fesm2022/debug_node.mjs:16518:28)
      at _TestBedImpl.createComponent (node_modules/.pnpm/@angular+core@20.1.6_@angul_3bf0992bb3b6a916346d7abb471ee6f3/node_modules/@angular/core/fesm2022/testing.mjs:2051:41)
      at Function.createComponent (node_modules/.pnpm/@angular+core@20.1.6_@angul_3bf0992bb3b6a916346d7abb471ee6f3/node_modules/@angular/core/fesm2022/testing.mjs:1838:37)
      at src/app/features/game/components/game-board/game-info/game-info.spec.ts:27:23

  ● GameInfo › collapses details by default and toggles when clicking

    ɵNotFound: NG0201: No provider found for `_HttpClient`. Source: DynamicTestModule. Path: GameActionFeedService -> SocketGameService -> SocketGameListenerService -> ApiPlayerService -> _HttpClient. Find more at https://angular.dev/errors/NG0201

    [0m [90m  7 |[39m [33m@[39m[33mInjectable[39m({ providedIn[33m:[39m [32m'root'[39m })
     [90m  8 |[39m [36mexport[39m [36mclass[39m [33mApiPlayerService[39m {
    [31m[1m>[22m[39m[90m  9 |[39m   [36mprivate[39m http [33m=[39m inject([33mHttpClient[39m)[33m;[39m
     [90m    |[39m                        [31m[1m^[22m[39m
     [90m 10 |[39m   [36mprivate[39m urlPlayer [33m=[39m environment[33m.[39mbaseUrl [33m+[39m [32m'/player'[39m[33m;[39m
     [90m 11 |[39m
     [90m 12 |[39m   [36mprivate[39m _player [33m=[39m signal[33m<[39m[33mPlayer[39m [33m|[39m [36mnull[39m[33m>[39m([36mnull[39m)[33m;[39m[0m

      at createRuntimeError (node_modules/.pnpm/@angular+core@20.1.6_@angul_3bf0992bb3b6a916346d7abb471ee6f3/node_modules/@angular/core/fesm2022/root_effect_scheduler.mjs:895:19)
      at NullInjector.get (node_modules/.pnpm/@angular+core@20.1.6_@angul_3bf0992bb3b6a916346d7abb471ee6f3/node_modules/@angular/core/fesm2022/root_effect_scheduler.mjs:1463:27)
      at R3Injector.get (node_modules/.pnpm/@angular+core@20.1.6_@angul_3bf0992bb3b6a916346d7abb471ee6f3/node_modules/@angular/core/fesm2022/root_effect_scheduler.mjs:2019:33)
      at R3Injector.get (node_modules/.pnpm/@angular+core@20.1.6_@angul_3bf0992bb3b6a916346d7abb471ee6f3/node_modules/@angular/core/fesm2022/root_effect_scheduler.mjs:2019:33)
      at R3Injector.retrieve (node_modules/.pnpm/@angular+core@20.1.6_@angul_3bf0992bb3b6a916346d7abb471ee6f3/node_modules/@angular/core/fesm2022/root_effect_scheduler.mjs:1903:25)
      at injectInjectorOnly (node_modules/.pnpm/@angular+core@20.1.6_@angul_3bf0992bb3b6a916346d7abb471ee6f3/node_modules/@angular/core/fesm2022/root_effect_scheduler.mjs:1020:39)
      at ɵɵinject (node_modules/.pnpm/@angular+core@20.1.6_@angul_3bf0992bb3b6a916346d7abb471ee6f3/node_modules/@angular/core/fesm2022/root_effect_scheduler.mjs:1032:42)
      at inject (node_modules/.pnpm/@angular+core@20.1.6_@angul_3bf0992bb3b6a916346d7abb471ee6f3/node_modules/@angular/core/fesm2022/root_effect_scheduler.mjs:1118:12)
      at ApiPlayerService.<instance_members_initializer> (src/app/core/services/api/api.player.service.ts:9:24)
      at new ApiPlayerService (src/app/core/services/api/api.player.service.ts:15:3)
      at Object.ApiPlayerService_Factory [as factory] (ng:\ApiPlayerService\ɵfac.js:5:10)
      at node_modules/.pnpm/@angular+core@20.1.6_@angul_3bf0992bb3b6a916346d7abb471ee6f3/node_modules/@angular/core/fesm2022/root_effect_scheduler.mjs:2154:47
      at runInInjectorProfilerContext (node_modules/.pnpm/@angular+core@20.1.6_@angul_3bf0992bb3b6a916346d7abb471ee6f3/node_modules/@angular/core/fesm2022/root_effect_scheduler.mjs:720:9)
      at R3Injector.hydrate (node_modules/.pnpm/@angular+core@20.1.6_@angul_3bf0992bb3b6a916346d7abb471ee6f3/node_modules/@angular/core/fesm2022/root_effect_scheduler.mjs:2152:21)
      at R3Injector.get (node_modules/.pnpm/@angular+core@20.1.6_@angul_3bf0992bb3b6a916346d7abb471ee6f3/node_modules/@angular/core/fesm2022/root_effect_scheduler.mjs:2007:33)
      at R3Injector.retrieve (node_modules/.pnpm/@angular+core@20.1.6_@angul_3bf0992bb3b6a916346d7abb471ee6f3/node_modules/@angular/core/fesm2022/root_effect_scheduler.mjs:1903:25)
      at injectInjectorOnly (node_modules/.pnpm/@angular+core@20.1.6_@angul_3bf0992bb3b6a916346d7abb471ee6f3/node_modules/@angular/core/fesm2022/root_effect_scheduler.mjs:1020:39)
      at ɵɵinject (node_modules/.pnpm/@angular+core@20.1.6_@angul_3bf0992bb3b6a916346d7abb471ee6f3/node_modules/@angular/core/fesm2022/root_effect_scheduler.mjs:1032:42)
      at inject (node_modules/.pnpm/@angular+core@20.1.6_@angul_3bf0992bb3b6a916346d7abb471ee6f3/node_modules/@angular/core/fesm2022/root_effect_scheduler.mjs:1118:12)
      at SocketGameListenerService.<instance_members_initializer> (src/app/core/services/socket/game/socket.game.listener.service.ts:17:33)
      at new SocketGameListenerService (src/app/core/services/socket/game/socket.game.listener.service.ts:19:3)
      at Object.SocketGameListenerService_Factory [as factory] (ng:\SocketGameListenerService\ɵfac.js:5:10)
      at node_modules/.pnpm/@angular+core@20.1.6_@angul_3bf0992bb3b6a916346d7abb471ee6f3/node_modules/@angular/core/fesm2022/root_effect_scheduler.mjs:2154:47
      at runInInjectorProfilerContext (node_modules/.pnpm/@angular+core@20.1.6_@angul_3bf0992bb3b6a916346d7abb471ee6f3/node_modules/@angular/core/fesm2022/root_effect_scheduler.mjs:720:9)
      at R3Injector.hydrate (node_modules/.pnpm/@angular+core@20.1.6_@angul_3bf0992bb3b6a916346d7abb471ee6f3/node_modules/@angular/core/fesm2022/root_effect_scheduler.mjs:2152:21)
      at R3Injector.get (node_modules/.pnpm/@angular+core@20.1.6_@angul_3bf0992bb3b6a916346d7abb471ee6f3/node_modules/@angular/core/fesm2022/root_effect_scheduler.mjs:2007:33)
      at R3Injector.retrieve (node_modules/.pnpm/@angular+core@20.1.6_@angul_3bf0992bb3b6a916346d7abb471ee6f3/node_modules/@angular/core/fesm2022/root_effect_scheduler.mjs:1903:25)
      at injectInjectorOnly (node_modules/.pnpm/@angular+core@20.1.6_@angul_3bf0992bb3b6a916346d7abb471ee6f3/node_modules/@angular/core/fesm2022/root_effect_scheduler.mjs:1020:39)
      at ɵɵinject (node_modules/.pnpm/@angular+core@20.1.6_@angul_3bf0992bb3b6a916346d7abb471ee6f3/node_modules/@angular/core/fesm2022/root_effect_scheduler.mjs:1032:42)
      at inject (node_modules/.pnpm/@angular+core@20.1.6_@angul_3bf0992bb3b6a916346d7abb471ee6f3/node_modules/@angular/core/fesm2022/root_effect_scheduler.mjs:1118:12)
      at SocketGameService.<instance_members_initializer> (src/app/core/services/socket/socket.game.service.ts:15:29)
      at new SocketGameService (src/app/core/services/socket/socket.game.service.ts:12:8)
      at Object.SocketGameService_Factory [as factory] (ng:\SocketGameService\ɵfac.js:5:10)
      at node_modules/.pnpm/@angular+core@20.1.6_@angul_3bf0992bb3b6a916346d7abb471ee6f3/node_modules/@angular/core/fesm2022/root_effect_scheduler.mjs:2154:47
      at runInInjectorProfilerContext (node_modules/.pnpm/@angular+core@20.1.6_@angul_3bf0992bb3b6a916346d7abb471ee6f3/node_modules/@angular/core/fesm2022/root_effect_scheduler.mjs:720:9)
      at R3Injector.hydrate (node_modules/.pnpm/@angular+core@20.1.6_@angul_3bf0992bb3b6a916346d7abb471ee6f3/node_modules/@angular/core/fesm2022/root_effect_scheduler.mjs:2152:21)
      at R3Injector.get (node_modules/.pnpm/@angular+core@20.1.6_@angul_3bf0992bb3b6a916346d7abb471ee6f3/node_modules/@angular/core/fesm2022/root_effect_scheduler.mjs:2007:33)
      at R3Injector.retrieve (node_modules/.pnpm/@angular+core@20.1.6_@angul_3bf0992bb3b6a916346d7abb471ee6f3/node_modules/@angular/core/fesm2022/root_effect_scheduler.mjs:1903:25)
      at injectInjectorOnly (node_modules/.pnpm/@angular+core@20.1.6_@angul_3bf0992bb3b6a916346d7abb471ee6f3/node_modules/@angular/core/fesm2022/root_effect_scheduler.mjs:1020:39)
      at ɵɵinject (node_modules/.pnpm/@angular+core@20.1.6_@angul_3bf0992bb3b6a916346d7abb471ee6f3/node_modules/@angular/core/fesm2022/root_effect_scheduler.mjs:1032:42)
      at inject (node_modules/.pnpm/@angular+core@20.1.6_@angul_3bf0992bb3b6a916346d7abb471ee6f3/node_modules/@angular/core/fesm2022/root_effect_scheduler.mjs:1118:12)
      at GameActionFeedService.<instance_members_initializer> (src/app/features/game/components/game-action-feed/services/game-action-feed.service.ts:9:30)
      at new GameActionFeedService (src/app/features/game/components/game-action-feed/services/game-action-feed.service.ts:18:3)
      at Object.GameActionFeedService_Factory [as factory] (ng:\GameActionFeedService\ɵfac.js:5:10)
      at node_modules/.pnpm/@angular+core@20.1.6_@angul_3bf0992bb3b6a916346d7abb471ee6f3/node_modules/@angular/core/fesm2022/root_effect_scheduler.mjs:2154:47
      at runInInjectorProfilerContext (node_modules/.pnpm/@angular+core@20.1.6_@angul_3bf0992bb3b6a916346d7abb471ee6f3/node_modules/@angular/core/fesm2022/root_effect_scheduler.mjs:720:9)
      at R3Injector.hydrate (node_modules/.pnpm/@angular+core@20.1.6_@angul_3bf0992bb3b6a916346d7abb471ee6f3/node_modules/@angular/core/fesm2022/root_effect_scheduler.mjs:2152:21)
      at R3Injector.get (node_modules/.pnpm/@angular+core@20.1.6_@angul_3bf0992bb3b6a916346d7abb471ee6f3/node_modules/@angular/core/fesm2022/root_effect_scheduler.mjs:2007:33)
      at ChainedInjector.get (node_modules/.pnpm/@angular+core@20.1.6_@angul_3bf0992bb3b6a916346d7abb471ee6f3/node_modules/@angular/core/fesm2022/debug_node.mjs:12288:36)
      at lookupTokenUsingModuleInjector (node_modules/.pnpm/@angular+core@20.1.6_@angul_3bf0992bb3b6a916346d7abb471ee6f3/node_modules/@angular/core/fesm2022/debug_node.mjs:1718:39)
      at getOrCreateInjectable (node_modules/.pnpm/@angular+core@20.1.6_@angul_3bf0992bb3b6a916346d7abb471ee6f3/node_modules/@angular/core/fesm2022/debug_node.mjs:1766:12)
      at ɵɵdirectiveInject (node_modules/.pnpm/@angular+core@20.1.6_@angul_3bf0992bb3b6a916346d7abb471ee6f3/node_modules/@angular/core/fesm2022/debug_node.mjs:12339:19)
      at ɵɵinject (node_modules/.pnpm/@angular+core@20.1.6_@angul_3bf0992bb3b6a916346d7abb471ee6f3/node_modules/@angular/core/fesm2022/root_effect_scheduler.mjs:1032:42)
      at inject (node_modules/.pnpm/@angular+core@20.1.6_@angul_3bf0992bb3b6a916346d7abb471ee6f3/node_modules/@angular/core/fesm2022/root_effect_scheduler.mjs:1118:12)
      at GameInfoComponent.<instance_members_initializer> (src/app/features/game/components/game-board/game-info/game-info.ts:37:46)
      at new GameInfoComponent (src/app/features/game/components/game-board/game-info/game-info.ts:28:8)
      at NodeInjectorFactory.GameInfoComponent_Factory [as factory] (ng:\GameInfoComponent\ɵfac.js:5:10)
      at getNodeInjectable (node_modules/.pnpm/@angular+core@20.1.6_@angul_3bf0992bb3b6a916346d7abb471ee6f3/node_modules/@angular/core/fesm2022/debug_node.mjs:1989:44)
      at instantiateAllDirectives (node_modules/.pnpm/@angular+core@20.1.6_@angul_3bf0992bb3b6a916346d7abb471ee6f3/node_modules/@angular/core/fesm2022/debug_node.mjs:8176:27)
      at createDirectivesInstances (node_modules/.pnpm/@angular+core@20.1.6_@angul_3bf0992bb3b6a916346d7abb471ee6f3/node_modules/@angular/core/fesm2022/debug_node.mjs:7949:5)
      at ComponentFactory2.create (node_modules/.pnpm/@angular+core@20.1.6_@angul_3bf0992bb3b6a916346d7abb471ee6f3/node_modules/@angular/core/fesm2022/debug_node.mjs:13472:17)
      at initComponent (node_modules/.pnpm/@angular+core@20.1.6_@angul_3bf0992bb3b6a916346d7abb471ee6f3/node_modules/@angular/core/fesm2022/testing.mjs:2046:51)
      at _ZoneDelegate.invoke (node_modules/.pnpm/zone.js@0.15.1/node_modules/zone.js/bundles/zone.umd.js:410:32)
      at Object.onInvoke (node_modules/.pnpm/@angular+core@20.1.6_@angul_3bf0992bb3b6a916346d7abb471ee6f3/node_modules/@angular/core/fesm2022/debug_node.mjs:16672:33)
      at _ZoneDelegate.invoke (node_modules/.pnpm/zone.js@0.15.1/node_modules/zone.js/bundles/zone.umd.js:409:38)
      at ZoneImpl.run (node_modules/.pnpm/zone.js@0.15.1/node_modules/zone.js/bundles/zone.umd.js:145:47)
      at NgZone.run (node_modules/.pnpm/@angular+core@20.1.6_@angul_3bf0992bb3b6a916346d7abb471ee6f3/node_modules/@angular/core/fesm2022/debug_node.mjs:16518:28)
      at _TestBedImpl.createComponent (node_modules/.pnpm/@angular+core@20.1.6_@angul_3bf0992bb3b6a916346d7abb471ee6f3/node_modules/@angular/core/fesm2022/testing.mjs:2051:41)
      at Function.createComponent (node_modules/.pnpm/@angular+core@20.1.6_@angul_3bf0992bb3b6a916346d7abb471ee6f3/node_modules/@angular/core/fesm2022/testing.mjs:1838:37)
      at src/app/features/game/components/game-board/game-info/game-info.spec.ts:27:23

  ● GameInfo › emits when history button is pressed without toggling details

    ɵNotFound: NG0201: No provider found for `_HttpClient`. Source: DynamicTestModule. Path: GameActionFeedService -> SocketGameService -> SocketGameListenerService -> ApiPlayerService -> _HttpClient. Find more at https://angular.dev/errors/NG0201

    [0m [90m  7 |[39m [33m@[39m[33mInjectable[39m({ providedIn[33m:[39m [32m'root'[39m })
     [90m  8 |[39m [36mexport[39m [36mclass[39m [33mApiPlayerService[39m {
    [31m[1m>[22m[39m[90m  9 |[39m   [36mprivate[39m http [33m=[39m inject([33mHttpClient[39m)[33m;[39m
     [90m    |[39m                        [31m[1m^[22m[39m
     [90m 10 |[39m   [36mprivate[39m urlPlayer [33m=[39m environment[33m.[39mbaseUrl [33m+[39m [32m'/player'[39m[33m;[39m
     [90m 11 |[39m
     [90m 12 |[39m   [36mprivate[39m _player [33m=[39m signal[33m<[39m[33mPlayer[39m [33m|[39m [36mnull[39m[33m>[39m([36mnull[39m)[33m;[39m[0m

      at createRuntimeError (node_modules/.pnpm/@angular+core@20.1.6_@angul_3bf0992bb3b6a916346d7abb471ee6f3/node_modules/@angular/core/fesm2022/root_effect_scheduler.mjs:895:19)
      at NullInjector.get (node_modules/.pnpm/@angular+core@20.1.6_@angul_3bf0992bb3b6a916346d7abb471ee6f3/node_modules/@angular/core/fesm2022/root_effect_scheduler.mjs:1463:27)
      at R3Injector.get (node_modules/.pnpm/@angular+core@20.1.6_@angul_3bf0992bb3b6a916346d7abb471ee6f3/node_modules/@angular/core/fesm2022/root_effect_scheduler.mjs:2019:33)
      at R3Injector.get (node_modules/.pnpm/@angular+core@20.1.6_@angul_3bf0992bb3b6a916346d7abb471ee6f3/node_modules/@angular/core/fesm2022/root_effect_scheduler.mjs:2019:33)
      at R3Injector.retrieve (node_modules/.pnpm/@angular+core@20.1.6_@angul_3bf0992bb3b6a916346d7abb471ee6f3/node_modules/@angular/core/fesm2022/root_effect_scheduler.mjs:1903:25)
      at injectInjectorOnly (node_modules/.pnpm/@angular+core@20.1.6_@angul_3bf0992bb3b6a916346d7abb471ee6f3/node_modules/@angular/core/fesm2022/root_effect_scheduler.mjs:1020:39)
      at ɵɵinject (node_modules/.pnpm/@angular+core@20.1.6_@angul_3bf0992bb3b6a916346d7abb471ee6f3/node_modules/@angular/core/fesm2022/root_effect_scheduler.mjs:1032:42)
      at inject (node_modules/.pnpm/@angular+core@20.1.6_@angul_3bf0992bb3b6a916346d7abb471ee6f3/node_modules/@angular/core/fesm2022/root_effect_scheduler.mjs:1118:12)
      at ApiPlayerService.<instance_members_initializer> (src/app/core/services/api/api.player.service.ts:9:24)
      at new ApiPlayerService (src/app/core/services/api/api.player.service.ts:15:3)
      at Object.ApiPlayerService_Factory [as factory] (ng:\ApiPlayerService\ɵfac.js:5:10)
      at node_modules/.pnpm/@angular+core@20.1.6_@angul_3bf0992bb3b6a916346d7abb471ee6f3/node_modules/@angular/core/fesm2022/root_effect_scheduler.mjs:2154:47
      at runInInjectorProfilerContext (node_modules/.pnpm/@angular+core@20.1.6_@angul_3bf0992bb3b6a916346d7abb471ee6f3/node_modules/@angular/core/fesm2022/root_effect_scheduler.mjs:720:9)
      at R3Injector.hydrate (node_modules/.pnpm/@angular+core@20.1.6_@angul_3bf0992bb3b6a916346d7abb471ee6f3/node_modules/@angular/core/fesm2022/root_effect_scheduler.mjs:2152:21)
      at R3Injector.get (node_modules/.pnpm/@angular+core@20.1.6_@angul_3bf0992bb3b6a916346d7abb471ee6f3/node_modules/@angular/core/fesm2022/root_effect_scheduler.mjs:2007:33)
      at R3Injector.retrieve (node_modules/.pnpm/@angular+core@20.1.6_@angul_3bf0992bb3b6a916346d7abb471ee6f3/node_modules/@angular/core/fesm2022/root_effect_scheduler.mjs:1903:25)
      at injectInjectorOnly (node_modules/.pnpm/@angular+core@20.1.6_@angul_3bf0992bb3b6a916346d7abb471ee6f3/node_modules/@angular/core/fesm2022/root_effect_scheduler.mjs:1020:39)
      at ɵɵinject (node_modules/.pnpm/@angular+core@20.1.6_@angul_3bf0992bb3b6a916346d7abb471ee6f3/node_modules/@angular/core/fesm2022/root_effect_scheduler.mjs:1032:42)
      at inject (node_modules/.pnpm/@angular+core@20.1.6_@angul_3bf0992bb3b6a916346d7abb471ee6f3/node_modules/@angular/core/fesm2022/root_effect_scheduler.mjs:1118:12)
      at SocketGameListenerService.<instance_members_initializer> (src/app/core/services/socket/game/socket.game.listener.service.ts:17:33)
      at new SocketGameListenerService (src/app/core/services/socket/game/socket.game.listener.service.ts:19:3)
      at Object.SocketGameListenerService_Factory [as factory] (ng:\SocketGameListenerService\ɵfac.js:5:10)
      at node_modules/.pnpm/@angular+core@20.1.6_@angul_3bf0992bb3b6a916346d7abb471ee6f3/node_modules/@angular/core/fesm2022/root_effect_scheduler.mjs:2154:47
      at runInInjectorProfilerContext (node_modules/.pnpm/@angular+core@20.1.6_@angul_3bf0992bb3b6a916346d7abb471ee6f3/node_modules/@angular/core/fesm2022/root_effect_scheduler.mjs:720:9)
      at R3Injector.hydrate (node_modules/.pnpm/@angular+core@20.1.6_@angul_3bf0992bb3b6a916346d7abb471ee6f3/node_modules/@angular/core/fesm2022/root_effect_scheduler.mjs:2152:21)
      at R3Injector.get (node_modules/.pnpm/@angular+core@20.1.6_@angul_3bf0992bb3b6a916346d7abb471ee6f3/node_modules/@angular/core/fesm2022/root_effect_scheduler.mjs:2007:33)
      at R3Injector.retrieve (node_modules/.pnpm/@angular+core@20.1.6_@angul_3bf0992bb3b6a916346d7abb471ee6f3/node_modules/@angular/core/fesm2022/root_effect_scheduler.mjs:1903:25)
      at injectInjectorOnly (node_modules/.pnpm/@angular+core@20.1.6_@angul_3bf0992bb3b6a916346d7abb471ee6f3/node_modules/@angular/core/fesm2022/root_effect_scheduler.mjs:1020:39)
      at ɵɵinject (node_modules/.pnpm/@angular+core@20.1.6_@angul_3bf0992bb3b6a916346d7abb471ee6f3/node_modules/@angular/core/fesm2022/root_effect_scheduler.mjs:1032:42)
      at inject (node_modules/.pnpm/@angular+core@20.1.6_@angul_3bf0992bb3b6a916346d7abb471ee6f3/node_modules/@angular/core/fesm2022/root_effect_scheduler.mjs:1118:12)
      at SocketGameService.<instance_members_initializer> (src/app/core/services/socket/socket.game.service.ts:15:29)
      at new SocketGameService (src/app/core/services/socket/socket.game.service.ts:12:8)
      at Object.SocketGameService_Factory [as factory] (ng:\SocketGameService\ɵfac.js:5:10)
      at node_modules/.pnpm/@angular+core@20.1.6_@angul_3bf0992bb3b6a916346d7abb471ee6f3/node_modules/@angular/core/fesm2022/root_effect_scheduler.mjs:2154:47
      at runInInjectorProfilerContext (node_modules/.pnpm/@angular+core@20.1.6_@angul_3bf0992bb3b6a916346d7abb471ee6f3/node_modules/@angular/core/fesm2022/root_effect_scheduler.mjs:720:9)
      at R3Injector.hydrate (node_modules/.pnpm/@angular+core@20.1.6_@angul_3bf0992bb3b6a916346d7abb471ee6f3/node_modules/@angular/core/fesm2022/root_effect_scheduler.mjs:2152:21)
      at R3Injector.get (node_modules/.pnpm/@angular+core@20.1.6_@angul_3bf0992bb3b6a916346d7abb471ee6f3/node_modules/@angular/core/fesm2022/root_effect_scheduler.mjs:2007:33)
      at R3Injector.retrieve (node_modules/.pnpm/@angular+core@20.1.6_@angul_3bf0992bb3b6a916346d7abb471ee6f3/node_modules/@angular/core/fesm2022/root_effect_scheduler.mjs:1903:25)
      at injectInjectorOnly (node_modules/.pnpm/@angular+core@20.1.6_@angul_3bf0992bb3b6a916346d7abb471ee6f3/node_modules/@angular/core/fesm2022/root_effect_scheduler.mjs:1020:39)
      at ɵɵinject (node_modules/.pnpm/@angular+core@20.1.6_@angul_3bf0992bb3b6a916346d7abb471ee6f3/node_modules/@angular/core/fesm2022/root_effect_scheduler.mjs:1032:42)
      at inject (node_modules/.pnpm/@angular+core@20.1.6_@angul_3bf0992bb3b6a916346d7abb471ee6f3/node_modules/@angular/core/fesm2022/root_effect_scheduler.mjs:1118:12)
      at GameActionFeedService.<instance_members_initializer> (src/app/features/game/components/game-action-feed/services/game-action-feed.service.ts:9:30)
      at new GameActionFeedService (src/app/features/game/components/game-action-feed/services/game-action-feed.service.ts:18:3)
      at Object.GameActionFeedService_Factory [as factory] (ng:\GameActionFeedService\ɵfac.js:5:10)
      at node_modules/.pnpm/@angular+core@20.1.6_@angul_3bf0992bb3b6a916346d7abb471ee6f3/node_modules/@angular/core/fesm2022/root_effect_scheduler.mjs:2154:47
      at runInInjectorProfilerContext (node_modules/.pnpm/@angular+core@20.1.6_@angul_3bf0992bb3b6a916346d7abb471ee6f3/node_modules/@angular/core/fesm2022/root_effect_scheduler.mjs:720:9)
      at R3Injector.hydrate (node_modules/.pnpm/@angular+core@20.1.6_@angul_3bf0992bb3b6a916346d7abb471ee6f3/node_modules/@angular/core/fesm2022/root_effect_scheduler.mjs:2152:21)
      at R3Injector.get (node_modules/.pnpm/@angular+core@20.1.6_@angul_3bf0992bb3b6a916346d7abb471ee6f3/node_modules/@angular/core/fesm2022/root_effect_scheduler.mjs:2007:33)
      at ChainedInjector.get (node_modules/.pnpm/@angular+core@20.1.6_@angul_3bf0992bb3b6a916346d7abb471ee6f3/node_modules/@angular/core/fesm2022/debug_node.mjs:12288:36)
      at lookupTokenUsingModuleInjector (node_modules/.pnpm/@angular+core@20.1.6_@angul_3bf0992bb3b6a916346d7abb471ee6f3/node_modules/@angular/core/fesm2022/debug_node.mjs:1718:39)
      at getOrCreateInjectable (node_modules/.pnpm/@angular+core@20.1.6_@angul_3bf0992bb3b6a916346d7abb471ee6f3/node_modules/@angular/core/fesm2022/debug_node.mjs:1766:12)
      at ɵɵdirectiveInject (node_modules/.pnpm/@angular+core@20.1.6_@angul_3bf0992bb3b6a916346d7abb471ee6f3/node_modules/@angular/core/fesm2022/debug_node.mjs:12339:19)
      at ɵɵinject (node_modules/.pnpm/@angular+core@20.1.6_@angul_3bf0992bb3b6a916346d7abb471ee6f3/node_modules/@angular/core/fesm2022/root_effect_scheduler.mjs:1032:42)
      at inject (node_modules/.pnpm/@angular+core@20.1.6_@angul_3bf0992bb3b6a916346d7abb471ee6f3/node_modules/@angular/core/fesm2022/root_effect_scheduler.mjs:1118:12)
      at GameInfoComponent.<instance_members_initializer> (src/app/features/game/components/game-board/game-info/game-info.ts:37:46)
      at new GameInfoComponent (src/app/features/game/components/game-board/game-info/game-info.ts:28:8)
      at NodeInjectorFactory.GameInfoComponent_Factory [as factory] (ng:\GameInfoComponent\ɵfac.js:5:10)
      at getNodeInjectable (node_modules/.pnpm/@angular+core@20.1.6_@angul_3bf0992bb3b6a916346d7abb471ee6f3/node_modules/@angular/core/fesm2022/debug_node.mjs:1989:44)
      at instantiateAllDirectives (node_modules/.pnpm/@angular+core@20.1.6_@angul_3bf0992bb3b6a916346d7abb471ee6f3/node_modules/@angular/core/fesm2022/debug_node.mjs:8176:27)
      at createDirectivesInstances (node_modules/.pnpm/@angular+core@20.1.6_@angul_3bf0992bb3b6a916346d7abb471ee6f3/node_modules/@angular/core/fesm2022/debug_node.mjs:7949:5)
      at ComponentFactory2.create (node_modules/.pnpm/@angular+core@20.1.6_@angul_3bf0992bb3b6a916346d7abb471ee6f3/node_modules/@angular/core/fesm2022/debug_node.mjs:13472:17)
      at initComponent (node_modules/.pnpm/@angular+core@20.1.6_@angul_3bf0992bb3b6a916346d7abb471ee6f3/node_modules/@angular/core/fesm2022/testing.mjs:2046:51)
      at _ZoneDelegate.invoke (node_modules/.pnpm/zone.js@0.15.1/node_modules/zone.js/bundles/zone.umd.js:410:32)
      at Object.onInvoke (node_modules/.pnpm/@angular+core@20.1.6_@angul_3bf0992bb3b6a916346d7abb471ee6f3/node_modules/@angular/core/fesm2022/debug_node.mjs:16672:33)
      at _ZoneDelegate.invoke (node_modules/.pnpm/zone.js@0.15.1/node_modules/zone.js/bundles/zone.umd.js:409:38)
      at ZoneImpl.run (node_modules/.pnpm/zone.js@0.15.1/node_modules/zone.js/bundles/zone.umd.js:145:47)
      at NgZone.run (node_modules/.pnpm/@angular+core@20.1.6_@angul_3bf0992bb3b6a916346d7abb471ee6f3/node_modules/@angular/core/fesm2022/debug_node.mjs:16518:28)
      at _TestBedImpl.createComponent (node_modules/.pnpm/@angular+core@20.1.6_@angul_3bf0992bb3b6a916346d7abb471ee6f3/node_modules/@angular/core/fesm2022/testing.mjs:2051:41)
      at Function.createComponent (node_modules/.pnpm/@angular+core@20.1.6_@angul_3bf0992bb3b6a916346d7abb471ee6f3/node_modules/@angular/core/fesm2022/testing.mjs:1838:37)
      at src/app/features/game/components/game-board/game-info/game-info.spec.ts:27:23

  ● GameInfo › muestra el tiempo jugado en su propia pila cuando se despliegan los detalles

    ɵNotFound: NG0201: No provider found for `_HttpClient`. Source: DynamicTestModule. Path: GameActionFeedService -> SocketGameService -> SocketGameListenerService -> ApiPlayerService -> _HttpClient. Find more at https://angular.dev/errors/NG0201

    [0m [90m  7 |[39m [33m@[39m[33mInjectable[39m({ providedIn[33m:[39m [32m'root'[39m })
     [90m  8 |[39m [36mexport[39m [36mclass[39m [33mApiPlayerService[39m {
    [31m[1m>[22m[39m[90m  9 |[39m   [36mprivate[39m http [33m=[39m inject([33mHttpClient[39m)[33m;[39m
     [90m    |[39m                        [31m[1m^[22m[39m
     [90m 10 |[39m   [36mprivate[39m urlPlayer [33m=[39m environment[33m.[39mbaseUrl [33m+[39m [32m'/player'[39m[33m;[39m
     [90m 11 |[39m
     [90m 12 |[39m   [36mprivate[39m _player [33m=[39m signal[33m<[39m[33mPlayer[39m [33m|[39m [36mnull[39m[33m>[39m([36mnull[39m)[33m;[39m[0m

      at createRuntimeError (node_modules/.pnpm/@angular+core@20.1.6_@angul_3bf0992bb3b6a916346d7abb471ee6f3/node_modules/@angular/core/fesm2022/root_effect_scheduler.mjs:895:19)
      at NullInjector.get (node_modules/.pnpm/@angular+core@20.1.6_@angul_3bf0992bb3b6a916346d7abb471ee6f3/node_modules/@angular/core/fesm2022/root_effect_scheduler.mjs:1463:27)
      at R3Injector.get (node_modules/.pnpm/@angular+core@20.1.6_@angul_3bf0992bb3b6a916346d7abb471ee6f3/node_modules/@angular/core/fesm2022/root_effect_scheduler.mjs:2019:33)
      at R3Injector.get (node_modules/.pnpm/@angular+core@20.1.6_@angul_3bf0992bb3b6a916346d7abb471ee6f3/node_modules/@angular/core/fesm2022/root_effect_scheduler.mjs:2019:33)
      at R3Injector.retrieve (node_modules/.pnpm/@angular+core@20.1.6_@angul_3bf0992bb3b6a916346d7abb471ee6f3/node_modules/@angular/core/fesm2022/root_effect_scheduler.mjs:1903:25)
      at injectInjectorOnly (node_modules/.pnpm/@angular+core@20.1.6_@angul_3bf0992bb3b6a916346d7abb471ee6f3/node_modules/@angular/core/fesm2022/root_effect_scheduler.mjs:1020:39)
      at ɵɵinject (node_modules/.pnpm/@angular+core@20.1.6_@angul_3bf0992bb3b6a916346d7abb471ee6f3/node_modules/@angular/core/fesm2022/root_effect_scheduler.mjs:1032:42)
      at inject (node_modules/.pnpm/@angular+core@20.1.6_@angul_3bf0992bb3b6a916346d7abb471ee6f3/node_modules/@angular/core/fesm2022/root_effect_scheduler.mjs:1118:12)
      at ApiPlayerService.<instance_members_initializer> (src/app/core/services/api/api.player.service.ts:9:24)
      at new ApiPlayerService (src/app/core/services/api/api.player.service.ts:15:3)
      at Object.ApiPlayerService_Factory [as factory] (ng:\ApiPlayerService\ɵfac.js:5:10)
      at node_modules/.pnpm/@angular+core@20.1.6_@angul_3bf0992bb3b6a916346d7abb471ee6f3/node_modules/@angular/core/fesm2022/root_effect_scheduler.mjs:2154:47
      at runInInjectorProfilerContext (node_modules/.pnpm/@angular+core@20.1.6_@angul_3bf0992bb3b6a916346d7abb471ee6f3/node_modules/@angular/core/fesm2022/root_effect_scheduler.mjs:720:9)
      at R3Injector.hydrate (node_modules/.pnpm/@angular+core@20.1.6_@angul_3bf0992bb3b6a916346d7abb471ee6f3/node_modules/@angular/core/fesm2022/root_effect_scheduler.mjs:2152:21)
      at R3Injector.get (node_modules/.pnpm/@angular+core@20.1.6_@angul_3bf0992bb3b6a916346d7abb471ee6f3/node_modules/@angular/core/fesm2022/root_effect_scheduler.mjs:2007:33)
      at R3Injector.retrieve (node_modules/.pnpm/@angular+core@20.1.6_@angul_3bf0992bb3b6a916346d7abb471ee6f3/node_modules/@angular/core/fesm2022/root_effect_scheduler.mjs:1903:25)
      at injectInjectorOnly (node_modules/.pnpm/@angular+core@20.1.6_@angul_3bf0992bb3b6a916346d7abb471ee6f3/node_modules/@angular/core/fesm2022/root_effect_scheduler.mjs:1020:39)
      at ɵɵinject (node_modules/.pnpm/@angular+core@20.1.6_@angul_3bf0992bb3b6a916346d7abb471ee6f3/node_modules/@angular/core/fesm2022/root_effect_scheduler.mjs:1032:42)
      at inject (node_modules/.pnpm/@angular+core@20.1.6_@angul_3bf0992bb3b6a916346d7abb471ee6f3/node_modules/@angular/core/fesm2022/root_effect_scheduler.mjs:1118:12)
      at SocketGameListenerService.<instance_members_initializer> (src/app/core/services/socket/game/socket.game.listener.service.ts:17:33)
      at new SocketGameListenerService (src/app/core/services/socket/game/socket.game.listener.service.ts:19:3)
      at Object.SocketGameListenerService_Factory [as factory] (ng:\SocketGameListenerService\ɵfac.js:5:10)
      at node_modules/.pnpm/@angular+core@20.1.6_@angul_3bf0992bb3b6a916346d7abb471ee6f3/node_modules/@angular/core/fesm2022/root_effect_scheduler.mjs:2154:47
      at runInInjectorProfilerContext (node_modules/.pnpm/@angular+core@20.1.6_@angul_3bf0992bb3b6a916346d7abb471ee6f3/node_modules/@angular/core/fesm2022/root_effect_scheduler.mjs:720:9)
      at R3Injector.hydrate (node_modules/.pnpm/@angular+core@20.1.6_@angul_3bf0992bb3b6a916346d7abb471ee6f3/node_modules/@angular/core/fesm2022/root_effect_scheduler.mjs:2152:21)
      at R3Injector.get (node_modules/.pnpm/@angular+core@20.1.6_@angul_3bf0992bb3b6a916346d7abb471ee6f3/node_modules/@angular/core/fesm2022/root_effect_scheduler.mjs:2007:33)
      at R3Injector.retrieve (node_modules/.pnpm/@angular+core@20.1.6_@angul_3bf0992bb3b6a916346d7abb471ee6f3/node_modules/@angular/core/fesm2022/root_effect_scheduler.mjs:1903:25)
      at injectInjectorOnly (node_modules/.pnpm/@angular+core@20.1.6_@angul_3bf0992bb3b6a916346d7abb471ee6f3/node_modules/@angular/core/fesm2022/root_effect_scheduler.mjs:1020:39)
      at ɵɵinject (node_modules/.pnpm/@angular+core@20.1.6_@angul_3bf0992bb3b6a916346d7abb471ee6f3/node_modules/@angular/core/fesm2022/root_effect_scheduler.mjs:1032:42)
      at inject (node_modules/.pnpm/@angular+core@20.1.6_@angul_3bf0992bb3b6a916346d7abb471ee6f3/node_modules/@angular/core/fesm2022/root_effect_scheduler.mjs:1118:12)
      at SocketGameService.<instance_members_initializer> (src/app/core/services/socket/socket.game.service.ts:15:29)
      at new SocketGameService (src/app/core/services/socket/socket.game.service.ts:12:8)
      at Object.SocketGameService_Factory [as factory] (ng:\SocketGameService\ɵfac.js:5:10)
      at node_modules/.pnpm/@angular+core@20.1.6_@angul_3bf0992bb3b6a916346d7abb471ee6f3/node_modules/@angular/core/fesm2022/root_effect_scheduler.mjs:2154:47
      at runInInjectorProfilerContext (node_modules/.pnpm/@angular+core@20.1.6_@angul_3bf0992bb3b6a916346d7abb471ee6f3/node_modules/@angular/core/fesm2022/root_effect_scheduler.mjs:720:9)
      at R3Injector.hydrate (node_modules/.pnpm/@angular+core@20.1.6_@angul_3bf0992bb3b6a916346d7abb471ee6f3/node_modules/@angular/core/fesm2022/root_effect_scheduler.mjs:2152:21)
      at R3Injector.get (node_modules/.pnpm/@angular+core@20.1.6_@angul_3bf0992bb3b6a916346d7abb471ee6f3/node_modules/@angular/core/fesm2022/root_effect_scheduler.mjs:2007:33)
      at R3Injector.retrieve (node_modules/.pnpm/@angular+core@20.1.6_@angul_3bf0992bb3b6a916346d7abb471ee6f3/node_modules/@angular/core/fesm2022/root_effect_scheduler.mjs:1903:25)
      at injectInjectorOnly (node_modules/.pnpm/@angular+core@20.1.6_@angul_3bf0992bb3b6a916346d7abb471ee6f3/node_modules/@angular/core/fesm2022/root_effect_scheduler.mjs:1020:39)
      at ɵɵinject (node_modules/.pnpm/@angular+core@20.1.6_@angul_3bf0992bb3b6a916346d7abb471ee6f3/node_modules/@angular/core/fesm2022/root_effect_scheduler.mjs:1032:42)
      at inject (node_modules/.pnpm/@angular+core@20.1.6_@angul_3bf0992bb3b6a916346d7abb471ee6f3/node_modules/@angular/core/fesm2022/root_effect_scheduler.mjs:1118:12)
      at GameActionFeedService.<instance_members_initializer> (src/app/features/game/components/game-action-feed/services/game-action-feed.service.ts:9:30)
      at new GameActionFeedService (src/app/features/game/components/game-action-feed/services/game-action-feed.service.ts:18:3)
      at Object.GameActionFeedService_Factory [as factory] (ng:\GameActionFeedService\ɵfac.js:5:10)
      at node_modules/.pnpm/@angular+core@20.1.6_@angul_3bf0992bb3b6a916346d7abb471ee6f3/node_modules/@angular/core/fesm2022/root_effect_scheduler.mjs:2154:47
      at runInInjectorProfilerContext (node_modules/.pnpm/@angular+core@20.1.6_@angul_3bf0992bb3b6a916346d7abb471ee6f3/node_modules/@angular/core/fesm2022/root_effect_scheduler.mjs:720:9)
      at R3Injector.hydrate (node_modules/.pnpm/@angular+core@20.1.6_@angul_3bf0992bb3b6a916346d7abb471ee6f3/node_modules/@angular/core/fesm2022/root_effect_scheduler.mjs:2152:21)
      at R3Injector.get (node_modules/.pnpm/@angular+core@20.1.6_@angul_3bf0992bb3b6a916346d7abb471ee6f3/node_modules/@angular/core/fesm2022/root_effect_scheduler.mjs:2007:33)
      at ChainedInjector.get (node_modules/.pnpm/@angular+core@20.1.6_@angul_3bf0992bb3b6a916346d7abb471ee6f3/node_modules/@angular/core/fesm2022/debug_node.mjs:12288:36)
      at lookupTokenUsingModuleInjector (node_modules/.pnpm/@angular+core@20.1.6_@angul_3bf0992bb3b6a916346d7abb471ee6f3/node_modules/@angular/core/fesm2022/debug_node.mjs:1718:39)
      at getOrCreateInjectable (node_modules/.pnpm/@angular+core@20.1.6_@angul_3bf0992bb3b6a916346d7abb471ee6f3/node_modules/@angular/core/fesm2022/debug_node.mjs:1766:12)
      at ɵɵdirectiveInject (node_modules/.pnpm/@angular+core@20.1.6_@angul_3bf0992bb3b6a916346d7abb471ee6f3/node_modules/@angular/core/fesm2022/debug_node.mjs:12339:19)
      at ɵɵinject (node_modules/.pnpm/@angular+core@20.1.6_@angul_3bf0992bb3b6a916346d7abb471ee6f3/node_modules/@angular/core/fesm2022/root_effect_scheduler.mjs:1032:42)
      at inject (node_modules/.pnpm/@angular+core@20.1.6_@angul_3bf0992bb3b6a916346d7abb471ee6f3/node_modules/@angular/core/fesm2022/root_effect_scheduler.mjs:1118:12)
      at GameInfoComponent.<instance_members_initializer> (src/app/features/game/components/game-board/game-info/game-info.ts:37:46)
      at new GameInfoComponent (src/app/features/game/components/game-board/game-info/game-info.ts:28:8)
      at NodeInjectorFactory.GameInfoComponent_Factory [as factory] (ng:\GameInfoComponent\ɵfac.js:5:10)
      at getNodeInjectable (node_modules/.pnpm/@angular+core@20.1.6_@angul_3bf0992bb3b6a916346d7abb471ee6f3/node_modules/@angular/core/fesm2022/debug_node.mjs:1989:44)
      at instantiateAllDirectives (node_modules/.pnpm/@angular+core@20.1.6_@angul_3bf0992bb3b6a916346d7abb471ee6f3/node_modules/@angular/core/fesm2022/debug_node.mjs:8176:27)
      at createDirectivesInstances (node_modules/.pnpm/@angular+core@20.1.6_@angul_3bf0992bb3b6a916346d7abb471ee6f3/node_modules/@angular/core/fesm2022/debug_node.mjs:7949:5)
      at ComponentFactory2.create (node_modules/.pnpm/@angular+core@20.1.6_@angul_3bf0992bb3b6a916346d7abb471ee6f3/node_modules/@angular/core/fesm2022/debug_node.mjs:13472:17)
      at initComponent (node_modules/.pnpm/@angular+core@20.1.6_@angul_3bf0992bb3b6a916346d7abb471ee6f3/node_modules/@angular/core/fesm2022/testing.mjs:2046:51)
      at _ZoneDelegate.invoke (node_modules/.pnpm/zone.js@0.15.1/node_modules/zone.js/bundles/zone.umd.js:410:32)
      at Object.onInvoke (node_modules/.pnpm/@angular+core@20.1.6_@angul_3bf0992bb3b6a916346d7abb471ee6f3/node_modules/@angular/core/fesm2022/debug_node.mjs:16672:33)
      at _ZoneDelegate.invoke (node_modules/.pnpm/zone.js@0.15.1/node_modules/zone.js/bundles/zone.umd.js:409:38)
      at ZoneImpl.run (node_modules/.pnpm/zone.js@0.15.1/node_modules/zone.js/bundles/zone.umd.js:145:47)
      at NgZone.run (node_modules/.pnpm/@angular+core@20.1.6_@angul_3bf0992bb3b6a916346d7abb471ee6f3/node_modules/@angular/core/fesm2022/debug_node.mjs:16518:28)
      at _TestBedImpl.createComponent (node_modules/.pnpm/@angular+core@20.1.6_@angul_3bf0992bb3b6a916346d7abb471ee6f3/node_modules/@angular/core/fesm2022/testing.mjs:2051:41)
      at Function.createComponent (node_modules/.pnpm/@angular+core@20.1.6_@angul_3bf0992bb3b6a916346d7abb471ee6f3/node_modules/@angular/core/fesm2022/testing.mjs:1838:37)
      at src/app/features/game/components/game-board/game-info/game-info.spec.ts:27:23

FAIL src/app/features/game/components/game-board/game-board.spec.ts
  ● GameBoard › should create

    ɵNotFound: NG0201: No provider found for `_HttpClient`. Source: Standalone[GameBoardComponent]. Path: ApiPlayerService -> _HttpClient. Find more at https://angular.dev/errors/NG0201

    [0m [90m  7 |[39m [33m@[39m[33mInjectable[39m({ providedIn[33m:[39m [32m'root'[39m })
     [90m  8 |[39m [36mexport[39m [36mclass[39m [33mApiPlayerService[39m {
    [31m[1m>[22m[39m[90m  9 |[39m   [36mprivate[39m http [33m=[39m inject([33mHttpClient[39m)[33m;[39m
     [90m    |[39m                        [31m[1m^[22m[39m
     [90m 10 |[39m   [36mprivate[39m urlPlayer [33m=[39m environment[33m.[39mbaseUrl [33m+[39m [32m'/player'[39m[33m;[39m
     [90m 11 |[39m
     [90m 12 |[39m   [36mprivate[39m _player [33m=[39m signal[33m<[39m[33mPlayer[39m [33m|[39m [36mnull[39m[33m>[39m([36mnull[39m)[33m;[39m[0m

      at createRuntimeError (node_modules/.pnpm/@angular+core@20.1.6_@angul_3bf0992bb3b6a916346d7abb471ee6f3/node_modules/@angular/core/fesm2022/root_effect_scheduler.mjs:895:19)
      at NullInjector.get (node_modules/.pnpm/@angular+core@20.1.6_@angul_3bf0992bb3b6a916346d7abb471ee6f3/node_modules/@angular/core/fesm2022/root_effect_scheduler.mjs:1463:27)
      at R3Injector.get (node_modules/.pnpm/@angular+core@20.1.6_@angul_3bf0992bb3b6a916346d7abb471ee6f3/node_modules/@angular/core/fesm2022/root_effect_scheduler.mjs:2019:33)
      at R3Injector.get (node_modules/.pnpm/@angular+core@20.1.6_@angul_3bf0992bb3b6a916346d7abb471ee6f3/node_modules/@angular/core/fesm2022/root_effect_scheduler.mjs:2019:33)
      at R3Injector.retrieve (node_modules/.pnpm/@angular+core@20.1.6_@angul_3bf0992bb3b6a916346d7abb471ee6f3/node_modules/@angular/core/fesm2022/root_effect_scheduler.mjs:1903:25)
      at injectInjectorOnly (node_modules/.pnpm/@angular+core@20.1.6_@angul_3bf0992bb3b6a916346d7abb471ee6f3/node_modules/@angular/core/fesm2022/root_effect_scheduler.mjs:1020:39)
      at ɵɵinject (node_modules/.pnpm/@angular+core@20.1.6_@angul_3bf0992bb3b6a916346d7abb471ee6f3/node_modules/@angular/core/fesm2022/root_effect_scheduler.mjs:1032:42)
      at inject (node_modules/.pnpm/@angular+core@20.1.6_@angul_3bf0992bb3b6a916346d7abb471ee6f3/node_modules/@angular/core/fesm2022/root_effect_scheduler.mjs:1118:12)
      at ApiPlayerService.<instance_members_initializer> (src/app/core/services/api/api.player.service.ts:9:24)
      at new ApiPlayerService (src/app/core/services/api/api.player.service.ts:15:3)
      at Object.ApiPlayerService_Factory [as factory] (ng:\ApiPlayerService\ɵfac.js:5:10)
      at node_modules/.pnpm/@angular+core@20.1.6_@angul_3bf0992bb3b6a916346d7abb471ee6f3/node_modules/@angular/core/fesm2022/root_effect_scheduler.mjs:2154:47
      at runInInjectorProfilerContext (node_modules/.pnpm/@angular+core@20.1.6_@angul_3bf0992bb3b6a916346d7abb471ee6f3/node_modules/@angular/core/fesm2022/root_effect_scheduler.mjs:720:9)
      at R3Injector.hydrate (node_modules/.pnpm/@angular+core@20.1.6_@angul_3bf0992bb3b6a916346d7abb471ee6f3/node_modules/@angular/core/fesm2022/root_effect_scheduler.mjs:2152:21)
      at R3Injector.get (node_modules/.pnpm/@angular+core@20.1.6_@angul_3bf0992bb3b6a916346d7abb471ee6f3/node_modules/@angular/core/fesm2022/root_effect_scheduler.mjs:2007:33)
      at R3Injector.get (node_modules/.pnpm/@angular+core@20.1.6_@angul_3bf0992bb3b6a916346d7abb471ee6f3/node_modules/@angular/core/fesm2022/root_effect_scheduler.mjs:2019:33)
      at ChainedInjector.get (node_modules/.pnpm/@angular+core@20.1.6_@angul_3bf0992bb3b6a916346d7abb471ee6f3/node_modules/@angular/core/fesm2022/debug_node.mjs:12288:36)
      at lookupTokenUsingModuleInjector (node_modules/.pnpm/@angular+core@20.1.6_@angul_3bf0992bb3b6a916346d7abb471ee6f3/node_modules/@angular/core/fesm2022/debug_node.mjs:1718:39)
      at getOrCreateInjectable (node_modules/.pnpm/@angular+core@20.1.6_@angul_3bf0992bb3b6a916346d7abb471ee6f3/node_modules/@angular/core/fesm2022/debug_node.mjs:1766:12)
      at ɵɵdirectiveInject (node_modules/.pnpm/@angular+core@20.1.6_@angul_3bf0992bb3b6a916346d7abb471ee6f3/node_modules/@angular/core/fesm2022/debug_node.mjs:12339:19)
      at ɵɵinject (node_modules/.pnpm/@angular+core@20.1.6_@angul_3bf0992bb3b6a916346d7abb471ee6f3/node_modules/@angular/core/fesm2022/root_effect_scheduler.mjs:1032:42)
      at inject (node_modules/.pnpm/@angular+core@20.1.6_@angul_3bf0992bb3b6a916346d7abb471ee6f3/node_modules/@angular/core/fesm2022/root_effect_scheduler.mjs:1118:12)
      at GameBoardComponent.<instance_members_initializer> (src/app/features/game/components/game-board/game-board.ts:24:30)
      at new GameBoardComponent (src/app/features/game/components/game-board/game-board.ts:23:8)
      at NodeInjectorFactory.GameBoardComponent_Factory [as factory] (ng:\GameBoardComponent\ɵfac.js:5:10)
      at getNodeInjectable (node_modules/.pnpm/@angular+core@20.1.6_@angul_3bf0992bb3b6a916346d7abb471ee6f3/node_modules/@angular/core/fesm2022/debug_node.mjs:1989:44)
      at instantiateAllDirectives (node_modules/.pnpm/@angular+core@20.1.6_@angul_3bf0992bb3b6a916346d7abb471ee6f3/node_modules/@angular/core/fesm2022/debug_node.mjs:8176:27)
      at createDirectivesInstances (node_modules/.pnpm/@angular+core@20.1.6_@angul_3bf0992bb3b6a916346d7abb471ee6f3/node_modules/@angular/core/fesm2022/debug_node.mjs:7949:5)
      at ComponentFactory2.create (node_modules/.pnpm/@angular+core@20.1.6_@angul_3bf0992bb3b6a916346d7abb471ee6f3/node_modules/@angular/core/fesm2022/debug_node.mjs:13472:17)
      at initComponent (node_modules/.pnpm/@angular+core@20.1.6_@angul_3bf0992bb3b6a916346d7abb471ee6f3/node_modules/@angular/core/fesm2022/testing.mjs:2046:51)
      at _ZoneDelegate.invoke (node_modules/.pnpm/zone.js@0.15.1/node_modules/zone.js/bundles/zone.umd.js:410:32)
      at Object.onInvoke (node_modules/.pnpm/@angular+core@20.1.6_@angul_3bf0992bb3b6a916346d7abb471ee6f3/node_modules/@angular/core/fesm2022/debug_node.mjs:16672:33)
      at _ZoneDelegate.invoke (node_modules/.pnpm/zone.js@0.15.1/node_modules/zone.js/bundles/zone.umd.js:409:38)
      at ZoneImpl.run (node_modules/.pnpm/zone.js@0.15.1/node_modules/zone.js/bundles/zone.umd.js:145:47)
      at NgZone.run (node_modules/.pnpm/@angular+core@20.1.6_@angul_3bf0992bb3b6a916346d7abb471ee6f3/node_modules/@angular/core/fesm2022/debug_node.mjs:16518:28)
      at _TestBedImpl.createComponent (node_modules/.pnpm/@angular+core@20.1.6_@angul_3bf0992bb3b6a916346d7abb471ee6f3/node_modules/@angular/core/fesm2022/testing.mjs:2051:41)
      at Function.createComponent (node_modules/.pnpm/@angular+core@20.1.6_@angul_3bf0992bb3b6a916346d7abb471ee6f3/node_modules/@angular/core/fesm2022/testing.mjs:1838:37)
      at src/app/features/game/components/game-board/game-board.spec.ts:14:23

FAIL src/app/features/game/components/game-hand/game-hand.spec.ts
  ● GameHand › should create

    ɵNotFound: NG0201: No provider found for `_HttpClient`. Source: Standalone[GameHandComponent]. Path: ApiPlayerService -> _HttpClient. Find more at https://angular.dev/errors/NG0201

    [0m [90m  7 |[39m [33m@[39m[33mInjectable[39m({ providedIn[33m:[39m [32m'root'[39m })
     [90m  8 |[39m [36mexport[39m [36mclass[39m [33mApiPlayerService[39m {
    [31m[1m>[22m[39m[90m  9 |[39m   [36mprivate[39m http [33m=[39m inject([33mHttpClient[39m)[33m;[39m
     [90m    |[39m                        [31m[1m^[22m[39m
     [90m 10 |[39m   [36mprivate[39m urlPlayer [33m=[39m environment[33m.[39mbaseUrl [33m+[39m [32m'/player'[39m[33m;[39m
     [90m 11 |[39m
     [90m 12 |[39m   [36mprivate[39m _player [33m=[39m signal[33m<[39m[33mPlayer[39m [33m|[39m [36mnull[39m[33m>[39m([36mnull[39m)[33m;[39m[0m

      at createRuntimeError (node_modules/.pnpm/@angular+core@20.1.6_@angul_3bf0992bb3b6a916346d7abb471ee6f3/node_modules/@angular/core/fesm2022/root_effect_scheduler.mjs:895:19)
      at NullInjector.get (node_modules/.pnpm/@angular+core@20.1.6_@angul_3bf0992bb3b6a916346d7abb471ee6f3/node_modules/@angular/core/fesm2022/root_effect_scheduler.mjs:1463:27)
      at R3Injector.get (node_modules/.pnpm/@angular+core@20.1.6_@angul_3bf0992bb3b6a916346d7abb471ee6f3/node_modules/@angular/core/fesm2022/root_effect_scheduler.mjs:2019:33)
      at R3Injector.get (node_modules/.pnpm/@angular+core@20.1.6_@angul_3bf0992bb3b6a916346d7abb471ee6f3/node_modules/@angular/core/fesm2022/root_effect_scheduler.mjs:2019:33)
      at R3Injector.retrieve (node_modules/.pnpm/@angular+core@20.1.6_@angul_3bf0992bb3b6a916346d7abb471ee6f3/node_modules/@angular/core/fesm2022/root_effect_scheduler.mjs:1903:25)
      at injectInjectorOnly (node_modules/.pnpm/@angular+core@20.1.6_@angul_3bf0992bb3b6a916346d7abb471ee6f3/node_modules/@angular/core/fesm2022/root_effect_scheduler.mjs:1020:39)
      at ɵɵinject (node_modules/.pnpm/@angular+core@20.1.6_@angul_3bf0992bb3b6a916346d7abb471ee6f3/node_modules/@angular/core/fesm2022/root_effect_scheduler.mjs:1032:42)
      at inject (node_modules/.pnpm/@angular+core@20.1.6_@angul_3bf0992bb3b6a916346d7abb471ee6f3/node_modules/@angular/core/fesm2022/root_effect_scheduler.mjs:1118:12)
      at ApiPlayerService.<instance_members_initializer> (src/app/core/services/api/api.player.service.ts:9:24)
      at new ApiPlayerService (src/app/core/services/api/api.player.service.ts:15:3)
      at Object.ApiPlayerService_Factory [as factory] (ng:\ApiPlayerService\ɵfac.js:5:10)
      at node_modules/.pnpm/@angular+core@20.1.6_@angul_3bf0992bb3b6a916346d7abb471ee6f3/node_modules/@angular/core/fesm2022/root_effect_scheduler.mjs:2154:47
      at runInInjectorProfilerContext (node_modules/.pnpm/@angular+core@20.1.6_@angul_3bf0992bb3b6a916346d7abb471ee6f3/node_modules/@angular/core/fesm2022/root_effect_scheduler.mjs:720:9)
      at R3Injector.hydrate (node_modules/.pnpm/@angular+core@20.1.6_@angul_3bf0992bb3b6a916346d7abb471ee6f3/node_modules/@angular/core/fesm2022/root_effect_scheduler.mjs:2152:21)
      at R3Injector.get (node_modules/.pnpm/@angular+core@20.1.6_@angul_3bf0992bb3b6a916346d7abb471ee6f3/node_modules/@angular/core/fesm2022/root_effect_scheduler.mjs:2007:33)
      at R3Injector.get (node_modules/.pnpm/@angular+core@20.1.6_@angul_3bf0992bb3b6a916346d7abb471ee6f3/node_modules/@angular/core/fesm2022/root_effect_scheduler.mjs:2019:33)
      at ChainedInjector.get (node_modules/.pnpm/@angular+core@20.1.6_@angul_3bf0992bb3b6a916346d7abb471ee6f3/node_modules/@angular/core/fesm2022/debug_node.mjs:12288:36)
      at lookupTokenUsingModuleInjector (node_modules/.pnpm/@angular+core@20.1.6_@angul_3bf0992bb3b6a916346d7abb471ee6f3/node_modules/@angular/core/fesm2022/debug_node.mjs:1718:39)
      at getOrCreateInjectable (node_modules/.pnpm/@angular+core@20.1.6_@angul_3bf0992bb3b6a916346d7abb471ee6f3/node_modules/@angular/core/fesm2022/debug_node.mjs:1766:12)
      at ɵɵdirectiveInject (node_modules/.pnpm/@angular+core@20.1.6_@angul_3bf0992bb3b6a916346d7abb471ee6f3/node_modules/@angular/core/fesm2022/debug_node.mjs:12339:19)
      at ɵɵinject (node_modules/.pnpm/@angular+core@20.1.6_@angul_3bf0992bb3b6a916346d7abb471ee6f3/node_modules/@angular/core/fesm2022/root_effect_scheduler.mjs:1032:42)
      at inject (node_modules/.pnpm/@angular+core@20.1.6_@angul_3bf0992bb3b6a916346d7abb471ee6f3/node_modules/@angular/core/fesm2022/root_effect_scheduler.mjs:1118:12)
      at GameHandComponent.<instance_members_initializer> (src/app/features/game/components/game-hand/game-hand.ts:30:30)
      at new GameHandComponent (src/app/features/game/components/game-hand/game-hand.ts:25:8)
      at NodeInjectorFactory.GameHandComponent_Factory [as factory] (ng:\GameHandComponent\ɵfac.js:5:10)
      at getNodeInjectable (node_modules/.pnpm/@angular+core@20.1.6_@angul_3bf0992bb3b6a916346d7abb471ee6f3/node_modules/@angular/core/fesm2022/debug_node.mjs:1989:44)
      at instantiateAllDirectives (node_modules/.pnpm/@angular+core@20.1.6_@angul_3bf0992bb3b6a916346d7abb471ee6f3/node_modules/@angular/core/fesm2022/debug_node.mjs:8176:27)
      at createDirectivesInstances (node_modules/.pnpm/@angular+core@20.1.6_@angul_3bf0992bb3b6a916346d7abb471ee6f3/node_modules/@angular/core/fesm2022/debug_node.mjs:7949:5)
      at ComponentFactory2.create (node_modules/.pnpm/@angular+core@20.1.6_@angul_3bf0992bb3b6a916346d7abb471ee6f3/node_modules/@angular/core/fesm2022/debug_node.mjs:13472:17)
      at initComponent (node_modules/.pnpm/@angular+core@20.1.6_@angul_3bf0992bb3b6a916346d7abb471ee6f3/node_modules/@angular/core/fesm2022/testing.mjs:2046:51)
      at _ZoneDelegate.invoke (node_modules/.pnpm/zone.js@0.15.1/node_modules/zone.js/bundles/zone.umd.js:410:32)
      at Object.onInvoke (node_modules/.pnpm/@angular+core@20.1.6_@angul_3bf0992bb3b6a916346d7abb471ee6f3/node_modules/@angular/core/fesm2022/debug_node.mjs:16672:33)
      at _ZoneDelegate.invoke (node_modules/.pnpm/zone.js@0.15.1/node_modules/zone.js/bundles/zone.umd.js:409:38)
      at ZoneImpl.run (node_modules/.pnpm/zone.js@0.15.1/node_modules/zone.js/bundles/zone.umd.js:145:47)
      at NgZone.run (node_modules/.pnpm/@angular+core@20.1.6_@angul_3bf0992bb3b6a916346d7abb471ee6f3/node_modules/@angular/core/fesm2022/debug_node.mjs:16518:28)
      at _TestBedImpl.createComponent (node_modules/.pnpm/@angular+core@20.1.6_@angul_3bf0992bb3b6a916346d7abb471ee6f3/node_modules/@angular/core/fesm2022/testing.mjs:2051:41)
      at Function.createComponent (node_modules/.pnpm/@angular+core@20.1.6_@angul_3bf0992bb3b6a916346d7abb471ee6f3/node_modules/@angular/core/fesm2022/testing.mjs:1838:37)
      at src/app/features/game/components/game-hand/game-hand.spec.ts:14:23

Test Suites: 9 failed, 1 passed, 10 total
Tests:       12 failed, 5 passed, 17 total
Snapshots:   0 total
Time:        4.191 s
Ran all test suites.
 ELIFECYCLE  Test failed. See above for more details.
